Component: ARM Compiler 5.06 update 6 (build 750) Tool: armlink [4d35ed]

==============================================================================

Section Cross References

    main.o(i.main) refers to ruc.o(i.rcu_config) for rcu_config
    main.o(i.main) refers to gpio.o(i.gpio_config) for gpio_config
    main.o(i.main) refers to spi.o(i.spi_config) for spi_config
    main.o(i.main) refers to gd32f30x_spi.o(i.spi_enable) for spi_enable
    main.o(i.main) refers to systick.o(i.systick_config) for systick_config
    main.o(i.main) refers to systick.o(i.tim6_delay_init) for tim6_delay_init
    main.o(i.main) refers to elog.o(i.app_elog_init) for app_elog_init
    main.o(i.main) refers to task_start.o(i.do_create_start_task) for do_create_start_task
    gd32f30x_it.o(i.SysTick_Handler) refers to port.o(i.xPortSysTickHandler) for xPortSysTickHandler
    gd32f30x_it.o(i.TIMER6_IRQHandler) refers to gd32f30x_timer.o(i.timer_interrupt_flag_get) for timer_interrupt_flag_get
    gd32f30x_it.o(i.TIMER6_IRQHandler) refers to systick.o(i.delay_decrement) for delay_decrement
    gd32f30x_it.o(i.TIMER6_IRQHandler) refers to gd32f30x_timer.o(i.timer_interrupt_flag_clear) for timer_interrupt_flag_clear
    systick.o(i.delay_1ms) refers to systick.o(.data) for delay
    systick.o(i.delay_decrement) refers to systick.o(.data) for delay
    systick.o(i.get_delay_tick) refers to systick.o(.data) for delay
    systick.o(i.systick_config) refers to systick.o(i.NVIC_SetPriority) for NVIC_SetPriority
    systick.o(i.systick_config) refers to system_gd32f30x.o(.data) for SystemCoreClock
    systick.o(i.tim6_delay_init) refers to gd32f30x_rcu.o(i.rcu_periph_clock_enable) for rcu_periph_clock_enable
    systick.o(i.tim6_delay_init) refers to gd32f30x_timer.o(i.timer_deinit) for timer_deinit
    systick.o(i.tim6_delay_init) refers to gd32f30x_timer.o(i.timer_struct_para_init) for timer_struct_para_init
    systick.o(i.tim6_delay_init) refers to gd32f30x_timer.o(i.timer_init) for timer_init
    systick.o(i.tim6_delay_init) refers to gd32f30x_timer.o(i.timer_interrupt_flag_clear) for timer_interrupt_flag_clear
    systick.o(i.tim6_delay_init) refers to gd32f30x_timer.o(i.timer_interrupt_enable) for timer_interrupt_enable
    systick.o(i.tim6_delay_init) refers to gd32f30x_misc.o(i.nvic_irq_enable) for nvic_irq_enable
    systick.o(i.tim6_delay_init) refers to gd32f30x_timer.o(i.timer_enable) for timer_enable
    spi.o(i.spi_config) refers to gd32f30x_spi.o(i.spi_init) for spi_init
    spi.o(i.spi_receive_data) refers to gd32f30x_spi.o(i.spi_i2s_flag_get) for spi_i2s_flag_get
    spi.o(i.spi_receive_data) refers to gd32f30x_spi.o(i.spi_i2s_data_transmit) for spi_i2s_data_transmit
    spi.o(i.spi_receive_data) refers to gd32f30x_spi.o(i.spi_i2s_data_receive) for spi_i2s_data_receive
    spi.o(i.spi_send_data) refers to gd32f30x_spi.o(i.spi_i2s_flag_get) for spi_i2s_flag_get
    spi.o(i.spi_send_data) refers to gd32f30x_spi.o(i.spi_i2s_data_transmit) for spi_i2s_data_transmit
    spi.o(i.spi_send_data) refers to elog.o(i.elog_output) for elog_output
    spi.o(i.spi_send_data) refers to spi.o(.constdata) for __FUNCTION__
    gpio.o(i.gpio_config) refers to gd32f30x_gpio.o(i.gpio_pin_remap_config) for gpio_pin_remap_config
    gpio.o(i.gpio_config) refers to gd32f30x_gpio.o(i.gpio_init) for gpio_init
    ruc.o(i.rcu_config) refers to gd32f30x_rcu.o(i.rcu_periph_clock_enable) for rcu_periph_clock_enable
    gd32f30x_adc.o(i.adc_deinit) refers to gd32f30x_rcu.o(i.rcu_periph_reset_enable) for rcu_periph_reset_enable
    gd32f30x_adc.o(i.adc_deinit) refers to gd32f30x_rcu.o(i.rcu_periph_reset_disable) for rcu_periph_reset_disable
    gd32f30x_bkp.o(i.bkp_deinit) refers to gd32f30x_rcu.o(i.rcu_bkp_reset_enable) for rcu_bkp_reset_enable
    gd32f30x_bkp.o(i.bkp_deinit) refers to gd32f30x_rcu.o(i.rcu_bkp_reset_disable) for rcu_bkp_reset_disable
    gd32f30x_can.o(i.can_debug_freeze_disable) refers to gd32f30x_dbg.o(i.dbg_periph_disable) for dbg_periph_disable
    gd32f30x_can.o(i.can_debug_freeze_enable) refers to gd32f30x_dbg.o(i.dbg_periph_enable) for dbg_periph_enable
    gd32f30x_can.o(i.can_deinit) refers to gd32f30x_rcu.o(i.rcu_periph_reset_enable) for rcu_periph_reset_enable
    gd32f30x_can.o(i.can_deinit) refers to gd32f30x_rcu.o(i.rcu_periph_reset_disable) for rcu_periph_reset_disable
    gd32f30x_can.o(i.can_interrupt_flag_get) refers to gd32f30x_can.o(i.can_receive_message_length_get) for can_receive_message_length_get
    gd32f30x_can.o(i.can_interrupt_flag_get) refers to gd32f30x_can.o(i.can_error_get) for can_error_get
    gd32f30x_ctc.o(i.ctc_deinit) refers to gd32f30x_rcu.o(i.rcu_periph_reset_enable) for rcu_periph_reset_enable
    gd32f30x_ctc.o(i.ctc_deinit) refers to gd32f30x_rcu.o(i.rcu_periph_reset_disable) for rcu_periph_reset_disable
    gd32f30x_dac.o(i.dac_deinit) refers to gd32f30x_rcu.o(i.rcu_periph_reset_enable) for rcu_periph_reset_enable
[...]
    lc_hextab                                0x080103d4   Data          19  _printf_fp_hex.o(.constdata)
    uc_hextab                                0x080103e7   Data          19  _printf_fp_hex.o(.constdata)
    .constdata                               0x080103fc   Section      148  bigflt0.o(.constdata)
    tenpwrs_x                                0x080103fc   Data          60  bigflt0.o(.constdata)
    tenpwrs_i                                0x08010438   Data          64  bigflt0.o(.constdata)
    .conststring                             0x08010490   Section       71  elog.o(.conststring)
    locale$$data                             0x080104f8   Section       28  lc_numeric_c.o(locale$$data)
    __lcnum_c_name                           0x080104fc   Data           2  lc_numeric_c.o(locale$$data)
    __lcnum_c_start                          0x08010504   Data           0  lc_numeric_c.o(locale$$data)
    __lcnum_c_point                          0x08010510   Data           0  lc_numeric_c.o(locale$$data)
    __lcnum_c_thousands                      0x08010512   Data           0  lc_numeric_c.o(locale$$data)
    __lcnum_c_grouping                       0x08010513   Data           0  lc_numeric_c.o(locale$$data)
    locale$$data                             0x08010514   Section      272  lc_ctype_c.o(locale$$data)
    __lcnum_c_end                            0x08010514   Data           0  lc_numeric_c.o(locale$$data)
    __lcctype_c_name                         0x08010518   Data           2  lc_ctype_c.o(locale$$data)
    __lcctype_c_start                        0x08010520   Data           0  lc_ctype_c.o(locale$$data)
    __lcctype_c_end                          0x08010624   Data           0  lc_ctype_c.o(locale$$data)
    .data                                    0x20000000   Section        4  systick.o(.data)
    delay                                    0x20000000   Data           4  systick.o(.data)
    .data                                    0x20000004   Section        4  system_gd32f30x.o(.data)
    .data                                    0x20000008   Section       24  fonts.o(.data)
    .data                                    0x20000020   Section        4  task_start.o(.data)
    task_start_Handle                        0x20000020   Data           4  task_start.o(.data)
    .data                                    0x20000024   Section        4  task_test.o(.data)
    task_test_Handle                         0x20000024   Data           4  task_test.o(.data)
    .data                                    0x20000028   Section       36  task_display.o(.data)
    task_display_Handle                      0x20000048   Data           4  task_display.o(.data)
    .data                                    0x2000004c   Section       64  tasks.o(.data)
    pxDelayedTaskList                        0x20000050   Data           4  tasks.o(.data)
    pxOverflowDelayedTaskList                0x20000054   Data           4  tasks.o(.data)
    uxDeletedTasksWaitingCleanUp             0x20000058   Data           4  tasks.o(.data)
    uxCurrentNumberOfTasks                   0x2000005c   Data           4  tasks.o(.data)
    xTickCount                               0x20000060   Data           4  tasks.o(.data)
    uxTopReadyPriority                       0x20000064   Data           4  tasks.o(.data)
    xSchedulerRunning                        0x20000068   Data           4  tasks.o(.data)
    xPendedTicks                             0x2000006c   Data           4  tasks.o(.data)
    xYieldPendings                           0x20000070   Data           4  tasks.o(.data)
    xNumOfOverflows                          0x20000074   Data           4  tasks.o(.data)
    uxTaskNumber                             0x20000078   Data           4  tasks.o(.data)
    xNextTaskUnblockTime                     0x2000007c   Data           4  tasks.o(.data)
    xIdleTaskHandles                         0x20000080   Data           4  tasks.o(.data)
    uxTopUsedPriority                        0x20000084   Data           4  tasks.o(.data)
    uxSchedulerSuspended                     0x20000088   Data           4  tasks.o(.data)
    .data                                    0x2000008c   Section       28  heap_4.o(.data)
    xStart                                   0x2000008c   Data           8  heap_4.o(.data)
    pxEnd                                    0x20000094   Data           4  heap_4.o(.data)
    xFreeBytesRemaining                      0x20000098   Data           4  heap_4.o(.data)
    xMinimumEverFreeBytesRemaining           0x2000009c   Data           4  heap_4.o(.data)
    xNumberOfSuccessfulAllocations           0x200000a0   Data           4  heap_4.o(.data)
    xNumberOfSuccessfulFrees                 0x200000a4   Data           4  heap_4.o(.data)
    .data                                    0x200000a8   Section        4  port.o(.data)
    uxCriticalNesting                        0x200000a8   Data           4  port.o(.data)
    .data                                    0x200000ac   Section       52  elog.o(.data)
    level_output_info                        0x200000ac   Data          24  elog.o(.data)
    color_output_info                        0x200000c4   Data          24  elog.o(.data)
    .bss                                     0x200000e0   Section    19200  bsp_st7789_driver.o(.bss)
    disp_buf                                 0x200000e0   Data       19200  bsp_st7789_driver.o(.bss)
    .bss                                     0x20004be0   Section      108  task_display.o(.bss)
    .bss                                     0x20004c4c   Section      200  tasks.o(.bss)
    pxReadyTasksLists                        0x20004c4c   Data         100  tasks.o(.bss)
    xDelayedTaskList1                        0x20004cb0   Data          20  tasks.o(.bss)
    xDelayedTaskList2                        0x20004cc4   Data          20  tasks.o(.bss)
    xPendingReadyList                        0x20004cd8   Data          20  tasks.o(.bss)
    xTasksWaitingTermination                 0x20004cec   Data          20  tasks.o(.bss)
    xSuspendedTaskList                       0x20004d00   Data          20  tasks.o(.bss)
    .bss                                     0x20004d14   Section    17408  heap_4.o(.bss)
    ucHeap                                   0x20004d14   Data       17408  heap_4.o(.bss)
    .bss                                     0x20009114   Section     1208  segger_rtt.o(.bss)
    _acUpBuffer                              0x200091bc   Data        1024  segger_rtt.o(.bss)
    _acDownBuffer                            0x200095bc   Data          16  segger_rtt.o(.bss)
    .bss                                     0x200095cc   Section     1272  elog.o(.bss)
    elog                                     0x200095cc   Data         248  elog.o(.bss)
    log_buf                                  0x200096c4   Data        1024  elog.o(.bss)
    .bss                                     0x20009ac4   Section       96  libspace.o(.bss)
    HEAP                                     0x20009b28   Section     8192  startup_gd32f30x_hd.o(HEAP)
    Heap_Mem                                 0x20009b28   Data        8192  startup_gd32f30x_hd.o(HEAP)
    STACK                                    0x2000bb28   Section     8192  startup_gd32f30x_hd.o(STACK)
    Stack_Mem                                0x2000bb28   Data        8192  startup_gd32f30x_hd.o(STACK)
    __initial_sp                             0x2000db28   Data           0  startup_gd32f30x_hd.o(STACK)

    Global Symbols

    Symbol Name                              Value     Ov Type        Size  Object(Section)

    BuildAttributes$$THM_ISAv4$E$P$D$K$B$S$7EM$VFPi3$EXTD16$VFPS$VFMA$PE$A:L22UL41UL21$X:L11$S22US41US21$IEEE1$IW$USESV6$~STKCKD$USESV7$~SHL$OTIME$ROPI$IEEEJ$EBA8$UX$STANDARDLIB$REQ8$PRES8$EABIv2 0x00000000   Number         0  anon$$obj.o ABSOLUTE
    __ARM_use_no_argv                        0x00000000   Number         0  main.o ABSOLUTE
    _printf_flags                            0x00000000   Number         0  printf_stubs.o ABSOLUTE
    _printf_return_value                     0x00000000   Number         0  printf_stubs.o ABSOLUTE
    _printf_sizespec                         0x00000000   Number         0  printf_stubs.o ABSOLUTE
    _printf_widthprec                        0x00000000   Number         0  printf_stubs.o ABSOLUTE
    __ARM_exceptions_init                     - Undefined Weak Reference
    __alloca_initialize                       - Undefined Weak Reference
    __arm_preinit_                            - Undefined Weak Reference
    __cpp_initialize__aeabi_                  - Undefined Weak Reference
    __cxa_finalize                            - Undefined Weak Reference
    __sigvec_lookup                           - Undefined Weak Reference
    _atexit_init                              - Undefined Weak Reference
    _call_atexit_fns                          - Undefined Weak Reference
    _clock_init                               - Undefined Weak Reference
    _fp_trap_init                             - Undefined Weak Reference
    _fp_trap_shutdown                         - Undefined Weak Reference
    _get_lc_collate                           - Undefined Weak Reference
    _get_lc_monetary                          - Undefined Weak Reference
    _get_lc_time                              - Undefined Weak Reference
    _getenv_init                              - Undefined Weak Reference
    _handle_redirection                       - Undefined Weak Reference
    _init_alloc                               - Undefined Weak Reference
    _init_user_alloc                          - Undefined Weak Reference
    _initio                                   - Undefined Weak Reference
    _printf_mbtowc                            - Undefined Weak Reference
    _printf_wc                                - Undefined Weak Reference
    _rand_init                                - Undefined Weak Reference
    _signal_finish                            - Undefined Weak Reference
    _signal_init                              - Undefined Weak Reference
    _terminate_alloc                          - Undefined Weak Reference
    _terminate_user_alloc                     - Undefined Weak Reference
    _terminateio                              - Undefined Weak Reference
    __Vectors_Size                           0x00000130   Number         0  startup_gd32f30x_hd.o ABSOLUTE
    __Vectors                                0x08000000   Data           4  startup_gd32f30x_hd.o(RESET)
    __Vectors_End                            0x08000130   Data           0  startup_gd32f30x_hd.o(RESET)
    __main                                   0x08000131   Thumb Code     8  __main.o(!!!main)
    __scatterload                            0x08000139   Thumb Code     0  __scatter.o(!!!scatter)
    __scatterload_rt2                        0x08000139   Thumb Code    44  __scatter.o(!!!scatter)
    __scatterload_rt2_thumb_only             0x08000139   Thumb Code     0  __scatter.o(!!!scatter)
    __scatterload_null                       0x08000147   Thumb Code     0  __scatter.o(!!!scatter)
    __scatterload_copy                       0x0800016d   Thumb Code    26  __scatter_copy.o(!!handler_copy)
    __scatterload_zeroinit                   0x08000189   Thumb Code    28  __scatter_zi.o(!!handler_zi)
    _printf_n                                0x080001a5   Thumb Code     0  _printf_n.o(.ARM.Collect$$_printf_percent$$00000001)
    _printf_percent                          0x080001a5   Thumb Code     0  _printf_percent.o(.ARM.Collect$$_printf_percent$$00000000)
    _printf_p                                0x080001ab   Thumb Code     0  _printf_p.o(.ARM.Collect$$_printf_percent$$00000002)
    _printf_f                                0x080001b1   Thumb Code     0  _printf_f.o(.ARM.Collect$$_printf_percent$$00000003)
    _printf_e                                0x080001b7   Thumb Code     0  _printf_e.o(.ARM.Collect$$_printf_percent$$00000004)
    _printf_g                                0x080001bd   Thumb Code     0  _printf_g.o(.ARM.Collect$$_printf_percent$$00000005)
    _printf_a                                0x080001c3   Thumb Code     0  _printf_a.o(.ARM.Collect$$_printf_percent$$00000006)
    _printf_ll                               0x080001c9   Thumb Code     0  _printf_ll.o(.ARM.Collect$$_printf_percent$$00000007)
    _printf_i                                0x080001d3   Thumb Code     0  _printf_i.o(.ARM.Collect$$_printf_percent$$00000008)
    _printf_d                                0x080001d9   Thumb Code     0  _printf_d.o(.ARM.Collect$$_printf_percent$$00000009)
    _printf_u                                0x080001df   Thumb Code     0  _printf_u.o(.ARM.Collect$$_printf_percent$$0000000A)
    _printf_o                                0x080001e5   Thumb Code     0  _printf_o.o(.ARM.Collect$$_printf_percent$$0000000B)
    _printf_x                                0x080001eb   Thumb Code     0  _printf_x.o(.ARM.Collect$$_printf_percent$$0000000C)
    _printf_lli                              0x080001f1   Thumb Code     0  _printf_lli.o(.ARM.Collect$$_printf_percent$$0000000D)
    _printf_lld                              0x080001f7   Thumb Code     0  _printf_lld.o(.ARM.Collect$$_printf_percent$$0000000E)
    _printf_llu                              0x080001fd   Thumb Code     0  _printf_llu.o(.ARM.Collect$$_printf_percent$$0000000F)
    _printf_llo                              0x08000203   Thumb Code     0  _printf_llo.o(.ARM.Collect$$_printf_percent$$00000010)
    _printf_llx                              0x08000209   Thumb Code     0  _printf_llx.o(.ARM.Collect$$_printf_percent$$00000011)
    _printf_l                                0x0800020f   Thumb Code     0  _printf_l.o(.ARM.Collect$$_printf_percent$$00000012)
    _printf_c                                0x08000219   Thumb Code     0  _printf_c.o(.ARM.Collect$$_printf_percent$$00000013)
    _printf_s                                0x0800021f   Thumb Code     0  _printf_s.o(.ARM.Collect$$_printf_percent$$00000014)
    _printf_lc                               0x08000225   Thumb Code     0  _printf_lc.o(.ARM.Collect$$_printf_percent$$00000015)
    _printf_ls                               0x0800022b   Thumb Code     0  _printf_ls.o(.ARM.Collect$$_printf_percent$$00000016)
    _printf_percent_end                      0x08000231   Thumb Code     0  _printf_percent_end.o(.ARM.Collect$$_printf_percent$$00000017)
    __rt_lib_init                            0x08000235   Thumb Code     0  libinit.o(.ARM.Collect$$libinit$$00000000)
    __rt_lib_init_fp_1                       0x08000237   Thumb Code     0  libinit2.o(.ARM.Collect$$libinit$$00000001)
    __rt_lib_init_heap_1                     0x0800023b   Thumb Code     0  libinit2.o(.ARM.Collect$$libinit$$0000000A)
    __rt_lib_init_lc_common                  0x0800023b   Thumb Code     0  libinit2.o(.ARM.Collect$$libinit$$0000000F)
    __rt_lib_init_preinit_1                  0x0800023b   Thumb Code     0  libinit2.o(.ARM.Collect$$libinit$$00000004)
    __rt_lib_init_rand_1                     0x0800023b   Thumb Code     0  libinit2.o(.ARM.Collect$$libinit$$0000000E)
    __rt_lib_init_user_alloc_1               0x0800023b   Thumb Code     0  libinit2.o(.ARM.Collect$$libinit$$0000000C)
    __rt_lib_init_lc_collate_1               0x08000241   Thumb Code     0  libinit2.o(.ARM.Collect$$libinit$$00000011)
    __rt_lib_init_lc_ctype_2                 0x08000241   Thumb Code     0  libinit2.o(.ARM.Collect$$libinit$$00000012)
    __rt_lib_init_lc_ctype_1                 0x0800024d   Thumb Code     0  libinit2.o(.ARM.Collect$$libinit$$00000013)
    __rt_lib_init_lc_monetary_1              0x0800024d   Thumb Code     0  libinit2.o(.ARM.Collect$$libinit$$00000015)
    __rt_lib_init_lc_numeric_2               0x0800024d   Thumb Code     0  libinit2.o(.ARM.Collect$$libinit$$00000016)
    __rt_lib_init_alloca_1                   0x08000257   Thumb Code     0  libinit2.o(.ARM.Collect$$libinit$$0000002E)
    __rt_lib_init_argv_1                     0x08000257   Thumb Code     0  libinit2.o(.ARM.Collect$$libinit$$0000002C)
    __rt_lib_init_atexit_1                   0x08000257   Thumb Code     0  libinit2.o(.ARM.Collect$$libinit$$0000001B)
    __rt_lib_init_clock_1                    0x08000257   Thumb Code     0  libinit2.o(.ARM.Collect$$libinit$$00000021)
    __rt_lib_init_cpp_1                      0x08000257   Thumb Code     0  libinit2.o(.ARM.Collect$$libinit$$00000032)
    __rt_lib_init_exceptions_1               0x08000257   Thumb Code     0  libinit2.o(.ARM.Collect$$libinit$$00000030)
    __rt_lib_init_fp_trap_1                  0x08000257   Thumb Code     0  libinit2.o(.ARM.Collect$$libinit$$0000001F)
    __rt_lib_init_getenv_1                   0x08000257   Thumb Code     0  libinit2.o(.ARM.Collect$$libinit$$00000023)
    __rt_lib_init_lc_numeric_1               0x08000257   Thumb Code     0  libinit2.o(.ARM.Collect$$libinit$$00000017)
    __rt_lib_init_lc_time_1                  0x08000257   Thumb Code     0  libinit2.o(.ARM.Collect$$libinit$$00000019)
    __rt_lib_init_return                     0x08000257   Thumb Code     0  libinit2.o(.ARM.Collect$$libinit$$00000033)
    __rt_lib_init_signal_1                   0x08000257   Thumb Code     0  libinit2.o(.ARM.Collect$$libinit$$0000001D)
    __rt_lib_init_stdio_1                    0x08000257   Thumb Code     0  libinit2.o(.ARM.Collect$$libinit$$00000025)
    __rt_lib_shutdown                        0x08000259   Thumb Code     0  libshutdown.o(.ARM.Collect$$libshutdown$$00000000)
    __rt_lib_shutdown_cpp_1                  0x0800025b   Thumb Code     0  libshutdown2.o(.ARM.Collect$$libshutdown$$00000002)
    __rt_lib_shutdown_fp_trap_1              0x0800025b   Thumb Code     0  libshutdown2.o(.ARM.Collect$$libshutdown$$00000007)
    __rt_lib_shutdown_heap_1                 0x0800025b   Thumb Code     0  libshutdown2.o(.ARM.Collect$$libshutdown$$0000000F)
    __rt_lib_shutdown_return                 0x0800025b   Thumb Code     0  libshutdown2.o(.ARM.Collect$$libshutdown$$00000010)
    __rt_lib_shutdown_signal_1               0x0800025b   Thumb Code     0  libshutdown2.o(.ARM.Collect$$libshutdown$$0000000A)
    __rt_lib_shutdown_stdio_1                0x0800025b   Thumb Code     0  libshutdown2.o(.ARM.Collect$$libshutdown$$00000004)
    __rt_lib_shutdown_user_alloc_1           0x0800025b   Thumb Code     0  libshutdown2.o(.ARM.Collect$$libshutdown$$0000000C)
    __rt_entry                               0x0800025d   Thumb Code     0  __rtentry.o(.ARM.Collect$$rtentry$$00000000)
    __rt_entry_presh_1                       0x0800025d   Thumb Code     0  __rtentry2.o(.ARM.Collect$$rtentry$$00000002)
    __rt_entry_sh                            0x0800025d   Thumb Code     0  __rtentry4.o(.ARM.Collect$$rtentry$$00000004)
    __rt_entry_li                            0x08000263   Thumb Code     0  __rtentry2.o(.ARM.Collect$$rtentry$$0000000A)
    __rt_entry_postsh_1                      0x08000263   Thumb Code     0  __rtentry2.o(.ARM.Collect$$rtentry$$00000009)
    __rt_entry_main                          0x08000267   Thumb Code     0  __rtentry2.o(.ARM.Collect$$rtentry$$0000000D)
    __rt_entry_postli_1                      0x08000267   Thumb Code     0  __rtentry2.o(.ARM.Collect$$rtentry$$0000000C)
    __rt_exit                                0x0800026f   Thumb Code     0  rtexit.o(.ARM.Collect$$rtexit$$00000000)
    __rt_exit_ls                             0x08000271   Thumb Code     0  rtexit2.o(.ARM.Collect$$rtexit$$00000003)
    __rt_exit_prels_1                        0x08000271   Thumb Code     0  rtexit2.o(.ARM.Collect$$rtexit$$00000002)
    __rt_exit_exit                           0x08000275   Thumb Code     0  rtexit2.o(.ARM.Collect$$rtexit$$00000004)
    SVC_Handler                              0x0800027d   Thumb Code    28  port.o(.emb_text)
    __asm___6_port_c_39a90d8d__prvStartFirstTask 0x0800029d   Thumb Code    36  port.o(.emb_text)
    __asm___6_port_c_39a90d8d__prvEnableVFP  0x080002c5   Thumb Code    16  port.o(.emb_text)
    PendSV_Handler                           0x080002d9   Thumb Code    88  port.o(.emb_text)
    vPortGetIPSR                             0x08000335   Thumb Code     6  port.o(.emb_text)
    Reset_Handler                            0x0800033d   Thumb Code     8  startup_gd32f30x_hd.o(.text)
    ADC0_1_IRQHandler                        0x08000357   Thumb Code     0  startup_gd32f30x_hd.o(.text)
    ADC2_IRQHandler                          0x08000357   Thumb Code     0  startup_gd32f30x_hd.o(.text)
    CAN0_EWMC_IRQHandler                     0x08000357   Thumb Code     0  startup_gd32f30x_hd.o(.text)
    CAN0_RX1_IRQHandler                      0x08000357   Thumb Code     0  startup_gd32f30x_hd.o(.text)
    DMA0_Channel0_IRQHandler                 0x08000357   Thumb Code     0  startup_gd32f30x_hd.o(.text)
    DMA0_Channel1_IRQHandler                 0x08000357   Thumb Code     0  startup_gd32f30x_hd.o(.text)
    DMA0_Channel2_IRQHandler                 0x08000357   Thumb Code     0  startup_gd32f30x_hd.o(.text)
    DMA0_Channel3_IRQHandler                 0x08000357   Thumb Code     0  startup_gd32f30x_hd.o(.text)
    DMA0_Channel4_IRQHandler                 0x08000357   Thumb Code     0  startup_gd32f30x_hd.o(.text)
    DMA0_Channel5_IRQHandler                 0x08000357   Thumb Code     0  startup_gd32f30x_hd.o(.text)
    DMA0_Channel6_IRQHandler                 0x08000357   Thumb Code     0  startup_gd32f30x_hd.o(.text)
    DMA1_Channel0_IRQHandler                 0x08000357   Thumb Code     0  startup_gd32f30x_hd.o(.text)
    DMA1_Channel1_IRQHandler                 0x08000357   Thumb Code     0  startup_gd32f30x_hd.o(.text)
    DMA1_Channel2_IRQHandler                 0x08000357   Thumb Code     0  startup_gd32f30x_hd.o(.text)
    DMA1_Channel3_4_IRQHandler               0x08000357   Thumb Code     0  startup_gd32f30x_hd.o(.text)
    EXMC_IRQHandler                          0x08000357   Thumb Code     0  startup_gd32f30x_hd.o(.text)
    EXTI0_IRQHandler                         0x08000357   Thumb Code     0  startup_gd32f30x_hd.o(.text)
    EXTI10_15_IRQHandler                     0x08000357   Thumb Code     0  startup_gd32f30x_hd.o(.text)
    EXTI1_IRQHandler                         0x08000357   Thumb Code     0  startup_gd32f30x_hd.o(.text)
    EXTI2_IRQHandler                         0x08000357   Thumb Code     0  startup_gd32f30x_hd.o(.text)
    EXTI3_IRQHandler                         0x08000357   Thumb Code     0  startup_gd32f30x_hd.o(.text)
    EXTI4_IRQHandler                         0x08000357   Thumb Code     0  startup_gd32f30x_hd.o(.text)
    EXTI5_9_IRQHandler                       0x08000357   Thumb Code     0  startup_gd32f30x_hd.o(.text)
    FMC_IRQHandler                           0x08000357   Thumb Code     0  startup_gd32f30x_hd.o(.text)
    I2C0_ER_IRQHandler                       0x08000357   Thumb Code     0  startup_gd32f30x_hd.o(.text)
    I2C0_EV_IRQHandler                       0x08000357   Thumb Code     0  startup_gd32f30x_hd.o(.text)
    I2C1_ER_IRQHandler                       0x08000357   Thumb Code     0  startup_gd32f30x_hd.o(.text)
    I2C1_EV_IRQHandler                       0x08000357   Thumb Code     0  startup_gd32f30x_hd.o(.text)
    LVD_IRQHandler                           0x08000357   Thumb Code     0  startup_gd32f30x_hd.o(.text)
    RCU_CTC_IRQHandler                       0x08000357   Thumb Code     0  startup_gd32f30x_hd.o(.text)
    RTC_Alarm_IRQHandler                     0x08000357   Thumb Code     0  startup_gd32f30x_hd.o(.text)
    RTC_IRQHandler                           0x08000357   Thumb Code     0  startup_gd32f30x_hd.o(.text)
    SDIO_IRQHandler                          0x08000357   Thumb Code     0  startup_gd32f30x_hd.o(.text)
    SPI0_IRQHandler                          0x08000357   Thumb Code     0  startup_gd32f30x_hd.o(.text)
    SPI1_IRQHandler                          0x08000357   Thumb Code     0  startup_gd32f30x_hd.o(.text)
    SPI2_IRQHandler                          0x08000357   Thumb Code     0  startup_gd32f30x_hd.o(.text)
    TAMPER_IRQHandler                        0x08000357   Thumb Code     0  startup_gd32f30x_hd.o(.text)
    TIMER0_BRK_IRQHandler                    0x08000357   Thumb Code     0  startup_gd32f30x_hd.o(.text)
    TIMER0_Channel_IRQHandler                0x08000357   Thumb Code     0  startup_gd32f30x_hd.o(.text)
    TIMER0_TRG_CMT_IRQHandler                0x08000357   Thumb Code     0  startup_gd32f30x_hd.o(.text)
    TIMER0_UP_IRQHandler                     0x08000357   Thumb Code     0  startup_gd32f30x_hd.o(.text)
    TIMER1_IRQHandler                        0x08000357   Thumb Code     0  startup_gd32f30x_hd.o(.text)
    TIMER2_IRQHandler                        0x08000357   Thumb Code     0  startup_gd32f30x_hd.o(.text)
    TIMER3_IRQHandler                        0x08000357   Thumb Code     0  startup_gd32f30x_hd.o(.text)
    TIMER4_IRQHandler                        0x08000357   Thumb Code     0  startup_gd32f30x_hd.o(.text)
    TIMER5_IRQHandler                        0x08000357   Thumb Code     0  startup_gd32f30x_hd.o(.text)
    TIMER7_BRK_IRQHandler                    0x08000357   Thumb Code     0  startup_gd32f30x_hd.o(.text)
    TIMER7_Channel_IRQHandler                0x08000357   Thumb Code     0  startup_gd32f30x_hd.o(.text)
    TIMER7_TRG_CMT_IRQHandler                0x08000357   Thumb Code     0  startup_gd32f30x_hd.o(.text)
    TIMER7_UP_IRQHandler                     0x08000357   Thumb Code     0  startup_gd32f30x_hd.o(.text)
    UART3_IRQHandler                         0x08000357   Thumb Code     0  startup_gd32f30x_hd.o(.text)
    UART4_IRQHandler                         0x08000357   Thumb Code     0  startup_gd32f30x_hd.o(.text)
    USART0_IRQHandler                        0x08000357   Thumb Code     0  startup_gd32f30x_hd.o(.text)
    USART1_IRQHandler                        0x08000357   Thumb Code     0  startup_gd32f30x_hd.o(.text)
    USART2_IRQHandler                        0x08000357   Thumb Code     0  startup_gd32f30x_hd.o(.text)
    USBD_HP_CAN0_TX_IRQHandler               0x08000357   Thumb Code     0  startup_gd32f30x_hd.o(.text)
    USBD_LP_CAN0_RX0_IRQHandler              0x08000357   Thumb Code     0  startup_gd32f30x_hd.o(.text)
    USBD_WKUP_IRQHandler                     0x08000357   Thumb Code     0  startup_gd32f30x_hd.o(.text)
    WWDGT_IRQHandler                         0x08000357   Thumb Code     0  startup_gd32f30x_hd.o(.text)
    __user_initial_stackheap                 0x08000359   Thumb Code    10  startup_gd32f30x_hd.o(.text)
    vsnprintf                                0x0800037d   Thumb Code    48  vsnprintf.o(.text)
    __2snprintf                              0x080003b1   Thumb Code    50  __2snprintf.o(.text)
    _printf_pre_padding                      0x080003e9   Thumb Code    44  _printf_pad.o(.text)
    _printf_post_padding                     0x08000415   Thumb Code    34  _printf_pad.o(.text)
    _printf_str                              0x08000437   Thumb Code    82  _printf_str.o(.text)
    _printf_int_dec                          0x08000489   Thumb Code   104  _printf_dec.o(.text)
    _printf_longlong_hex                     0x08000501   Thumb Code    86  _printf_hex_int_ll_ptr.o(.text)
    _printf_int_hex                          0x08000557   Thumb Code    28  _printf_hex_int_ll_ptr.o(.text)
    _printf_ll_hex                           0x08000573   Thumb Code    12  _printf_hex_int_ll_ptr.o(.text)
    _printf_hex_ptr                          0x0800057f   Thumb Code    18  _printf_hex_int_ll_ptr.o(.text)
    __printf                                 0x08000595   Thumb Code   388  __printf_flags_ss_wp.o(.text)
    strstr                                   0x0800071d   Thumb Code    36  strstr.o(.text)
    strlen                                   0x08000741   Thumb Code    62  strlen.o(.text)
    strncmp                                  0x0800077f   Thumb Code   150  strncmp.o(.text)
    __aeabi_memcpy                           0x08000815   Thumb Code     0  rt_memcpy_v6.o(.text)
    __rt_memcpy                              0x08000815   Thumb Code   138  rt_memcpy_v6.o(.text)
    _memcpy_lastbytes                        0x0800087b   Thumb Code     0  rt_memcpy_v6.o(.text)
    __aeabi_memset                           0x0800089f   Thumb Code    16  aeabi_memset.o(.text)
    __aeabi_memclr                           0x080008af   Thumb Code     0  rt_memclr.o(.text)
    __rt_memclr                              0x080008af   Thumb Code    68  rt_memclr.o(.text)
    _memset                                  0x080008b3   Thumb Code     0  rt_memclr.o(.text)
    __aeabi_memclr4                          0x080008f3   Thumb Code     0  rt_memclr_w.o(.text)
    __aeabi_memclr8                          0x080008f3   Thumb Code     0  rt_memclr_w.o(.text)
    __rt_memclr_w                            0x080008f3   Thumb Code    78  rt_memclr_w.o(.text)
    _memset_w                                0x080008f7   Thumb Code     0  rt_memclr_w.o(.text)
    __use_two_region_memory                  0x08000941   Thumb Code     2  heapauxi.o(.text)
    __rt_heap_escrow$2region                 0x08000943   Thumb Code     2  heapauxi.o(.text)
    __rt_heap_expand$2region                 0x08000945   Thumb Code     2  heapauxi.o(.text)
    _printf_truncate_signed                  0x08000947   Thumb Code    18  _printf_truncate.o(.text)
    _printf_truncate_unsigned                0x08000959   Thumb Code    18  _printf_truncate.o(.text)
    _printf_int_common                       0x0800096b   Thumb Code   178  _printf_intcommon.o(.text)
    _printf_charcount                        0x08000a1d   Thumb Code    40  _printf_charcount.o(.text)
    _printf_char_common                      0x08000a4f   Thumb Code    32  _printf_char_common.o(.text)
    _sputc                                   0x08000a75   Thumb Code    10  _sputc.o(.text)
    _snputc                                  0x08000a7f   Thumb Code    16  _snputc.o(.text)
    _printf_cs_common                        0x08000a8f   Thumb Code    20  _printf_char.o(.text)
    _printf_char                             0x08000aa3   Thumb Code    16  _printf_char.o(.text)
    _printf_string                           0x08000ab3   Thumb Code     8  _printf_char.o(.text)
    _printf_wctomb                           0x08000abd   Thumb Code   182  _printf_wctomb.o(.text)
    _printf_longlong_dec                     0x08000b79   Thumb Code   108  _printf_longlong_dec.o(.text)
    _printf_longlong_oct                     0x08000bf5   Thumb Code    66  _printf_oct_int_ll.o(.text)
    _printf_int_oct                          0x08000c37   Thumb Code    24  _printf_oct_int_ll.o(.text)
    _printf_ll_oct                           0x08000c4f   Thumb Code    12  _printf_oct_int_ll.o(.text)
    __aeabi_memcpy4                          0x08000c65   Thumb Code     0  rt_memcpy_w.o(.text)
    __aeabi_memcpy8                          0x08000c65   Thumb Code     0  rt_memcpy_w.o(.text)
    __rt_memcpy_w                            0x08000c65   Thumb Code   100  rt_memcpy_w.o(.text)
    _memcpy_lastbytes_aligned                0x08000cad   Thumb Code     0  rt_memcpy_w.o(.text)
    _ll_udiv10                               0x08000cc9   Thumb Code   138  lludiv10.o(.text)
    __lib_sel_fp_printf                      0x08000d53   Thumb Code     2  _printf_fp_dec.o(.text)
    _printf_fp_dec_real                      0x08000f05   Thumb Code   620  _printf_fp_dec.o(.text)
    _printf_fp_hex_real                      0x08001171   Thumb Code   756  _printf_fp_hex.o(.text)
    _printf_lcs_common                       0x0800146d   Thumb Code    20  _printf_wchar.o(.text)
    _printf_wchar                            0x08001481   Thumb Code    16  _printf_wchar.o(.text)
    _printf_wstring                          0x08001491   Thumb Code     8  _printf_wchar.o(.text)
    _wcrtomb                                 0x08001499   Thumb Code    64  _wcrtomb.o(.text)
    __user_setup_stackheap                   0x080014d9   Thumb Code    74  sys_stackheap_outer.o(.text)
    __rt_ctype_table                         0x08001525   Thumb Code    16  rt_ctype_table.o(.text)
    __rt_locale                              0x08001535   Thumb Code     8  rt_locale_intlibspace.o(.text)
    _printf_fp_infnan                        0x0800153d   Thumb Code   112  _printf_fp_infnan.o(.text)
    _btod_etento                             0x080015bd   Thumb Code   224  bigflt0.o(.text)
    exit                                     0x080016a1   Thumb Code    18  exit.o(.text)
    __user_libspace                          0x080016b5   Thumb Code     8  libspace.o(.text)
    __user_perproc_libspace                  0x080016b5   Thumb Code     0  libspace.o(.text)
    __user_perthread_libspace                0x080016b5   Thumb Code     0  libspace.o(.text)
    strcmp                                   0x080016bd   Thumb Code   128  strcmpv7m.o(.text)
    _sys_exit                                0x0800173d   Thumb Code     8  sys_exit.o(.text)
    __I$use$semihosting                      0x08001749   Thumb Code     0  use_no_semi.o(.text)
    __use_no_semihosting_swi                 0x08001749   Thumb Code     2  use_no_semi.o(.text)
    __semihosting_library_function           0x0800174b   Thumb Code     0  indicate_semi.o(.text)
    _btod_d2e                                0x0800174b   Thumb Code    62  btod.o(CL$$btod_d2e)
    _d2e_denorm_low                          0x08001789   Thumb Code    70  btod.o(CL$$btod_d2e_denorm_low)
    _d2e_norm_op1                            0x080017cf   Thumb Code    96  btod.o(CL$$btod_d2e_norm_op1)
    __btod_div_common                        0x0800182f   Thumb Code   696  btod.o(CL$$btod_div_common)
    _e2e                                     0x08001b67   Thumb Code   220  btod.o(CL$$btod_e2e)
    _btod_ediv                               0x08001c43   Thumb Code    42  btod.o(CL$$btod_ediv)
    _btod_emul                               0x08001c6d   Thumb Code    42  btod.o(CL$$btod_emul)
    __btod_mult_common                       0x08001c97   Thumb Code   580  btod.o(CL$$btod_mult_common)
    BusFault_Handler                         0x08001edb   Thumb Code     4  gd32f30x_it.o(i.BusFault_Handler)
    DebugMon_Handler                         0x08001edf   Thumb Code     2  gd32f30x_it.o(i.DebugMon_Handler)
    HardFault_Handler                        0x08001ee1   Thumb Code     4  gd32f30x_it.o(i.HardFault_Handler)
    MemManage_Handler                        0x08001ee5   Thumb Code     4  gd32f30x_it.o(i.MemManage_Handler)
    NMI_Handler                              0x08001ee9   Thumb Code     2  gd32f30x_it.o(i.NMI_Handler)
    SEGGER_RTT_Write                         0x08001f15   Thumb Code    70  segger_rtt.o(i.SEGGER_RTT_Write)
    SEGGER_RTT_WriteNoLock                   0x08001f61   Thumb Code   126  segger_rtt.o(i.SEGGER_RTT_WriteNoLock)
    SysTick_Handler                          0x08001fe5   Thumb Code     8  gd32f30x_it.o(i.SysTick_Handler)
    SystemInit                               0x08001fed   Thumb Code   156  system_gd32f30x.o(i.SystemInit)
    TIMER6_IRQHandler                        0x08002095   Thumb Code    26  gd32f30x_it.o(i.TIMER6_IRQHandler)
    UsageFault_Handler                       0x080020b5   Thumb Code     4  gd32f30x_it.o(i.UsageFault_Handler)
    __ARM_fpclassify                         0x08002213   Thumb Code    48  fpclassify.o(i.__ARM_fpclassify)
    _is_digit                                0x08002243   Thumb Code    14  __printf_wp.o(i._is_digit)
    app_elog_init                            0x08002251   Thumb Code    52  elog.o(i.app_elog_init)
    delay_1ms                                0x08002285   Thumb Code    16  systick.o(i.delay_1ms)
    delay_decrement                          0x08002299   Thumb Code    18  systick.o(i.delay_decrement)
    dma_channel_enable                       0x080022b1   Thumb Code    50  gd32f30x_dma.o(i.dma_channel_enable)
    dma_circulation_disable                  0x080022e3   Thumb Code    50  gd32f30x_dma.o(i.dma_circulation_disable)
    dma_deinit                               0x08002315   Thumb Code   112  gd32f30x_dma.o(i.dma_deinit)
    dma_flag_get                             0x08002385   Thumb Code    24  gd32f30x_dma.o(i.dma_flag_get)
    dma_init                                 0x0800239d   Thumb Code   302  gd32f30x_dma.o(i.dma_init)
    dma_memory_to_memory_disable             0x080024cb   Thumb Code    50  gd32f30x_dma.o(i.dma_memory_to_memory_disable)
    do_create_display_task                   0x08002515   Thumb Code    28  task_display.o(i.do_create_display_task)
    do_create_start_task                     0x08002549   Thumb Code    36  task_start.o(i.do_create_start_task)
    do_create_test_task                      0x08002581   Thumb Code    24  task_test.o(i.do_create_test_task)
    elog_get_filter_tag_lvl                  0x080025ad   Thumb Code   164  elog.o(i.elog_get_filter_tag_lvl)
    elog_init                                0x080026c1   Thumb Code    76  elog.o(i.elog_init)
    elog_output                              0x08002711   Thumb Code   866  elog.o(i.elog_output)
    elog_output_lock                         0x08002b25   Thumb Code    34  elog.o(i.elog_output_lock)
    elog_output_lock_enabled                 0x08002b4d   Thumb Code    60  elog.o(i.elog_output_lock_enabled)
    elog_output_unlock                       0x08002b8d   Thumb Code    34  elog.o(i.elog_output_unlock)
    elog_port_get_p_info                     0x08002bb5   Thumb Code     2  elog_port.o(i.elog_port_get_p_info)
    elog_port_get_t_info                     0x08002bb7   Thumb Code     2  elog_port.o(i.elog_port_get_t_info)
    elog_port_get_time                       0x08002bb9   Thumb Code     2  elog_port.o(i.elog_port_get_time)
    elog_port_init                           0x08002bbb   Thumb Code     4  elog_port.o(i.elog_port_init)
    elog_port_output                         0x08002bbf   Thumb Code    18  elog_port.o(i.elog_port_output)
    elog_port_output_lock                    0x08002bd1   Thumb Code     4  elog_port.o(i.elog_port_output_lock)
    elog_port_output_unlock                  0x08002bd5   Thumb Code     4  elog_port.o(i.elog_port_output_unlock)
    elog_set_filter_lvl                      0x08002bd9   Thumb Code    76  elog.o(i.elog_set_filter_lvl)
    elog_set_fmt                             0x08002cd9   Thumb Code    80  elog.o(i.elog_set_fmt)
    elog_set_output_enabled                  0x08002da1   Thumb Code    82  elog.o(i.elog_set_output_enabled)
    elog_set_text_color_enabled              0x08002e79   Thumb Code    82  elog.o(i.elog_set_text_color_enabled)
    elog_start                               0x08002f51   Thumb Code    48  elog.o(i.elog_start)
    elog_strcpy                              0x08002fe5   Thumb Code   164  elog_utils.o(i.elog_strcpy)
    get_delay_tick                           0x080030f1   Thumb Code     6  systick.o(i.get_delay_tick)
    gpio_bit_reset                           0x08003209   Thumb Code     4  gd32f30x_gpio.o(i.gpio_bit_reset)
    gpio_bit_set                             0x0800320d   Thumb Code     4  gd32f30x_gpio.o(i.gpio_bit_set)
    gpio_config                              0x08003211   Thumb Code    90  gpio.o(i.gpio_config)
    gpio_init                                0x0800327d   Thumb Code   188  gd32f30x_gpio.o(i.gpio_init)
    gpio_pin_remap_config                    0x08003339   Thumb Code   138  gd32f30x_gpio.o(i.gpio_pin_remap_config)
    main                                     0x08003431   Thumb Code    40  main.o(i.main)
    nvic_irq_enable                          0x0800345d   Thumb Code   186  gd32f30x_misc.o(i.nvic_irq_enable)
    nvic_priority_group_set                  0x08003521   Thumb Code    10  gd32f30x_misc.o(i.nvic_priority_group_set)
    pvPortMalloc                             0x08003a35   Thumb Code   234  heap_4.o(i.pvPortMalloc)
    pxPortInitialiseStack                    0x08003b35   Thumb Code    38  port.o(i.pxPortInitialiseStack)
    rcu_config                               0x08003b61   Thumb Code    52  ruc.o(i.rcu_config)
    rcu_periph_clock_enable                  0x08003b95   Thumb Code    28  gd32f30x_rcu.o(i.rcu_periph_clock_enable)
    rcu_periph_reset_disable                 0x08003bb5   Thumb Code    28  gd32f30x_rcu.o(i.rcu_periph_reset_disable)
    rcu_periph_reset_enable                  0x08003bd5   Thumb Code    28  gd32f30x_rcu.o(i.rcu_periph_reset_enable)
    spi_config                               0x08003bf5   Thumb Code    48  spi.o(i.spi_config)
    spi_dma_enable                           0x08003c29   Thumb Code    22  gd32f30x_spi.o(i.spi_dma_enable)
    spi_enable                               0x08003c3f   Thumb Code    10  gd32f30x_spi.o(i.spi_enable)
    spi_i2s_data_transmit                    0x08003c49   Thumb Code     4  gd32f30x_spi.o(i.spi_i2s_data_transmit)
    spi_i2s_flag_get                         0x08003c4d   Thumb Code    16  gd32f30x_spi.o(i.spi_i2s_flag_get)
    spi_init                                 0x08003c5d   Thumb Code    50  gd32f30x_spi.o(i.spi_init)
    spi_send_data                            0x08003c91   Thumb Code    92  spi.o(i.spi_send_data)
    st7789_instance_driver_link              0x080047b9   Thumb Code   116  bsp_st7789_driver.o(i.st7789_instance_driver_link)
    systick_config                           0x08004ec9   Thumb Code    74  systick.o(i.systick_config)
    tim6_delay_init                          0x0800501d   Thumb Code    92  systick.o(i.tim6_delay_init)
    timer_deinit                             0x0800507d   Thumb Code   374  gd32f30x_timer.o(i.timer_deinit)
    timer_enable                             0x08005201   Thumb Code    10  gd32f30x_timer.o(i.timer_enable)
    timer_init                               0x0800520d   Thumb Code   122  gd32f30x_timer.o(i.timer_init)
    timer_interrupt_enable                   0x080052a5   Thumb Code     8  gd32f30x_timer.o(i.timer_interrupt_enable)
    timer_interrupt_flag_clear               0x080052ad   Thumb Code     6  gd32f30x_timer.o(i.timer_interrupt_flag_clear)
    timer_interrupt_flag_get                 0x080052b3   Thumb Code    24  gd32f30x_timer.o(i.timer_interrupt_flag_get)
    timer_struct_para_init                   0x080052cb   Thumb Code    22  gd32f30x_timer.o(i.timer_struct_para_init)
    uxListRemove                             0x080052e1   Thumb Code    40  list.o(i.uxListRemove)
    vListInitialise                          0x08005309   Thumb Code    26  list.o(i.vListInitialise)
    vListInitialiseItem                      0x08005323   Thumb Code     6  list.o(i.vListInitialiseItem)
    vListInsert                              0x08005329   Thumb Code    52  list.o(i.vListInsert)
    vListInsertEnd                           0x0800535d   Thumb Code    24  list.o(i.vListInsertEnd)
    vPortEnterCritical                       0x08005375   Thumb Code    30  port.o(i.vPortEnterCritical)
    vPortExitCritical                        0x08005399   Thumb Code    28  port.o(i.vPortExitCritical)
    vPortFree                                0x080053b9   Thumb Code    68  heap_4.o(i.vPortFree)
    vPortSetupTimerInterrupt                 0x08005405   Thumb Code    36  port.o(i.vPortSetupTimerInterrupt)
    vTaskDelay                               0x0800542d   Thumb Code    46  tasks.o(i.vTaskDelay)
    vTaskDelete                              0x08005461   Thumb Code   198  tasks.o(i.vTaskDelete)
    vTaskStartScheduler                      0x0800554d   Thumb Code    60  tasks.o(i.vTaskStartScheduler)
    vTaskSuspendAll                          0x08005599   Thumb Code    12  tasks.o(i.vTaskSuspendAll)
    vTaskSwitchContext                       0x080055a9   Thumb Code    84  tasks.o(i.vTaskSwitchContext)
    xPortStartScheduler                      0x08005611   Thumb Code    58  port.o(i.xPortStartScheduler)
    xPortSysTickHandler                      0x08005659   Thumb Code    46  port.o(i.xPortSysTickHandler)
    xTaskCreate                              0x0800568d   Thumb Code    56  tasks.o(i.xTaskCreate)
    xTaskIncrementTick                       0x080056c5   Thumb Code   372  tasks.o(i.xTaskIncrementTick)
    xTaskResumeAll                           0x08005865   Thumb Code   344  tasks.o(i.xTaskResumeAll)
    _get_lc_numeric                          0x080059e1   Thumb Code    44  lc_numeric_c.o(locale$$code)
    _get_lc_ctype                            0x08005a0d   Thumb Code    44  lc_ctype_c.o(locale$$code)
    _fp_init                                 0x08005a39   Thumb Code    10  fpinit.o(x$fpl$fpinit)
    __fplib_config_fpu_vfp                   0x08005a41   Thumb Code     0  fpinit.o(x$fpl$fpinit)
    __fplib_config_pureend_doubles           0x08005a41   Thumb Code     0  fpinit.o(x$fpl$fpinit)
    _printf_fp_dec                           0x08005a43   Thumb Code     4  printf1.o(x$fpl$printf1)
    _printf_fp_hex                           0x08005a47   Thumb Code     4  printf2.o(x$fpl$printf2)
    __I$use$fp                               0x08005a4a   Number         0  usenofp.o(x$fpl$usenofp)
    saber                                    0x0800826c   Data       32768  fonts.o(.constdata)
    Region$$Table$$Base                      0x080104d8   Number         0  anon$$obj.o(Region$$Table)
    Region$$Table$$Limit                     0x080104f8   Number         0  anon$$obj.o(Region$$Table)
    __ctype                                  0x08010521   Data           0  lc_ctype_c.o(locale$$data)
    SystemCoreClock                          0x20000004   Data           4  system_gd32f30x.o(.data)
    Font_7x10_t                              0x20000008   Data           8  fonts.o(.data)
    Font_11x18_t                             0x20000010   Data           8  fonts.o(.data)
    Font_16x26_t                             0x20000018   Data           8  fonts.o(.data)
    st7789_oper_instance                     0x20000028   Data          20  task_display.o(.data)
    st7789_time_instance                     0x2000003c   Data           8  task_display.o(.data)
    st7789_yield                             0x20000044   Data           4  task_display.o(.data)
    pxCurrentTCB                             0x2000004c   Data           4  tasks.o(.data)
    elog_assert_hook                         0x200000dc   Data           4  elog.o(.data)
    st7789_driver_instance                   0x20004be0   Data          96  task_display.o(.bss)
    st7789_spi_instance                      0x20004c40   Data          12  task_display.o(.bss)
    _SEGGER_RTT                              0x20009114   Data         168  segger_rtt.o(.bss)
    __libspace_start                         0x20009ac4   Data          96  libspace.o(.bss)
    __temporary_stack_top$libspace           0x20009b24   Data           0  libspace.o(.bss)



==============================================================================

Memory Map of the image

  Image Entry point : 0x08000131

  Load Region LR_IROM1 (Base: 0x08000000, Size: 0x00010704, Max: 0x00100000, ABSOLUTE)

    Execution Region ER_IROM1 (Exec base: 0x08000000, Load base: 0x08000000, Size: 0x00010624, Max: 0x00100000, ABSOLUTE)

    Exec Addr    Load Addr    Size         Type   Attr      Idx    E Section Name        Object

    0x08000000   0x08000000   0x00000130   Data   RO         4356    RESET               startup_gd32f30x_hd.o
    0x08000130   0x08000130   0x00000008   Code   RO         6220  * !!!main             c_w.l(__main.o)
    0x08000138   0x08000138   0x00000034   Code   RO         6491    !!!scatter          c_w.l(__scatter.o)
    0x0800016c   0x0800016c   0x0000001a   Code   RO         6493    !!handler_copy      c_w.l(__scatter_copy.o)
    0x08000186   0x08000186   0x00000002   PAD
    0x08000188   0x08000188   0x0000001c   Code   RO         6495    !!handler_zi        c_w.l(__scatter_zi.o)
    0x080001a4   0x080001a4   0x00000000   Code   RO         6199    .ARM.Collect$$_printf_percent$$00000000  c_w.l(_printf_percent.o)
    0x080001a4   0x080001a4   0x00000006   Code   RO         6248    .ARM.Collect$$_printf_percent$$00000001  c_w.l(_printf_n.o)
    0x080001aa   0x080001aa   0x00000006   Code   RO         6249    .ARM.Collect$$_printf_percent$$00000002  c_w.l(_printf_p.o)
    0x080001b0   0x080001b0   0x00000006   Code   RO         6253    .ARM.Collect$$_printf_percent$$00000003  c_w.l(_printf_f.o)
    0x080001b6   0x080001b6   0x00000006   Code   RO         6254    .ARM.Collect$$_printf_percent$$00000004  c_w.l(_printf_e.o)
    0x080001bc   0x080001bc   0x00000006   Code   RO         6255    .ARM.Collect$$_printf_percent$$00000005  c_w.l(_printf_g.o)
    0x080001c2   0x080001c2   0x00000006   Code   RO         6256    .ARM.Collect$$_printf_percent$$00000006  c_w.l(_printf_a.o)
    0x080001c8   0x080001c8   0x0000000a   Code   RO         6261    .ARM.Collect$$_printf_percent$$00000007  c_w.l(_printf_ll.o)
    0x080001d2   0x080001d2   0x00000006   Code   RO         6251    .ARM.Collect$$_printf_percent$$00000008  c_w.l(_printf_i.o)
    0x080001d8   0x080001d8   0x00000006   Code   RO         6198    .ARM.Collect$$_printf_percent$$00000009  c_w.l(_printf_d.o)
    0x080001de   0x080001de   0x00000006   Code   RO         6252    .ARM.Collect$$_printf_percent$$0000000A  c_w.l(_printf_u.o)
    0x080001e4   0x080001e4   0x00000006   Code   RO         6250    .ARM.Collect$$_printf_percent$$0000000B  c_w.l(_printf_o.o)
    0x080001ea   0x080001ea   0x00000006   Code   RO         6197    .ARM.Collect$$_printf_percent$$0000000C  c_w.l(_printf_x.o)
    0x080001f0   0x080001f0   0x00000006   Code   RO         6258    .ARM.Collect$$_printf_percent$$0000000D  c_w.l(_printf_lli.o)
    0x080001f6   0x080001f6   0x00000006   Code   RO         6259    .ARM.Collect$$_printf_percent$$0000000E  c_w.l(_printf_lld.o)
    0x080001fc   0x080001fc   0x00000006   Code   RO         6260    .ARM.Collect$$_printf_percent$$0000000F  c_w.l(_printf_llu.o)
    0x08000202   0x08000202   0x00000006   Code   RO         6265    .ARM.Collect$$_printf_percent$$00000010  c_w.l(_printf_llo.o)
    0x08000208   0x08000208   0x00000006   Code   RO         6266    .ARM.Collect$$_printf_percent$$00000011  c_w.l(_printf_llx.o)
    0x0800020e   0x0800020e   0x0000000a   Code   RO         6262    .ARM.Collect$$_printf_percent$$00000012  c_w.l(_printf_l.o)
    0x08000218   0x08000218   0x00000006   Code   RO         6195    .ARM.Collect$$_printf_percent$$00000013  c_w.l(_printf_c.o)
    0x0800021e   0x0800021e   0x00000006   Code   RO         6196    .ARM.Collect$$_printf_percent$$00000014  c_w.l(_printf_s.o)
    0x08000224   0x08000224   0x00000006   Code   RO         6263    .ARM.Collect$$_printf_percent$$00000015  c_w.l(_printf_lc.o)
    0x0800022a   0x0800022a   0x00000006   Code   RO         6264    .ARM.Collect$$_printf_percent$$00000016  c_w.l(_printf_ls.o)
    0x08000230   0x08000230   0x00000004   Code   RO         6257    .ARM.Collect$$_printf_percent$$00000017  c_w.l(_printf_percent_end.o)
    0x08000234   0x08000234   0x00000002   Code   RO         6351    .ARM.Collect$$libinit$$00000000  c_w.l(libinit.o)
    0x08000236   0x08000236   0x00000004   Code   RO         6367    .ARM.Collect$$libinit$$00000001  c_w.l(libinit2.o)
    0x0800023a   0x0800023a   0x00000000   Code   RO         6370    .ARM.Collect$$libinit$$00000004  c_w.l(libinit2.o)
    0x0800023a   0x0800023a   0x00000000   Code   RO         6373    .ARM.Collect$$libinit$$0000000A  c_w.l(libinit2.o)
    0x0800023a   0x0800023a   0x00000000   Code   RO         6375    .ARM.Collect$$libinit$$0000000C  c_w.l(libinit2.o)
    0x0800023a   0x0800023a   0x00000000   Code   RO         6377    .ARM.Collect$$libinit$$0000000E  c_w.l(libinit2.o)
    0x0800023a   0x0800023a   0x00000006   Code   RO         6378    .ARM.Collect$$libinit$$0000000F  c_w.l(libinit2.o)
    0x08000240   0x08000240   0x00000000   Code   RO         6380    .ARM.Collect$$libinit$$00000011  c_w.l(libinit2.o)
    0x08000240   0x08000240   0x0000000c   Code   RO         6381    .ARM.Collect$$libinit$$00000012  c_w.l(libinit2.o)
    0x0800024c   0x0800024c   0x00000000   Code   RO         6382    .ARM.Collect$$libinit$$00000013  c_w.l(libinit2.o)
    0x0800024c   0x0800024c   0x00000000   Code   RO         6384    .ARM.Collect$$libinit$$00000015  c_w.l(libinit2.o)
    0x0800024c   0x0800024c   0x0000000a   Code   RO         6385    .ARM.Collect$$libinit$$00000016  c_w.l(libinit2.o)
    0x08000256   0x08000256   0x00000000   Code   RO         6386    .ARM.Collect$$libinit$$00000017  c_w.l(libinit2.o)
    0x08000256   0x08000256   0x00000000   Code   RO         6388    .ARM.Collect$$libinit$$00000019  c_w.l(libinit2.o)
    0x08000256   0x08000256   0x00000000   Code   RO         6390    .ARM.Collect$$libinit$$0000001B  c_w.l(libinit2.o)
    0x08000256   0x08000256   0x00000000   Code   RO         6392    .ARM.Collect$$libinit$$0000001D  c_w.l(libinit2.o)
    0x08000256   0x08000256   0x00000000   Code   RO         6394    .ARM.Collect$$libinit$$0000001F  c_w.l(libinit2.o)
    0x08000256   0x08000256   0x00000000   Code   RO         6396    .ARM.Collect$$libinit$$00000021  c_w.l(libinit2.o)
    0x08000256   0x08000256   0x00000000   Code   RO         6398    .ARM.Collect$$libinit$$00000023  c_w.l(libinit2.o)
    0x08000256   0x08000256   0x00000000   Code   RO         6400    .ARM.Collect$$libinit$$00000025  c_w.l(libinit2.o)
    0x08000256   0x08000256   0x00000000   Code   RO         6404    .ARM.Collect$$libinit$$0000002C  c_w.l(libinit2.o)
    0x08000256   0x08000256   0x00000000   Code   RO         6406    .ARM.Collect$$libinit$$0000002E  c_w.l(libinit2.o)
    0x08000256   0x08000256   0x00000000   Code   RO         6408    .ARM.Collect$$libinit$$00000030  c_w.l(libinit2.o)
    0x08000256   0x08000256   0x00000000   Code   RO         6410    .ARM.Collect$$libinit$$00000032  c_w.l(libinit2.o)
    0x08000256   0x08000256   0x00000002   Code   RO         6411    .ARM.Collect$$libinit$$00000033  c_w.l(libinit2.o)
    0x08000258   0x08000258   0x00000002   Code   RO         6431    .ARM.Collect$$libshutdown$$00000000  c_w.l(libshutdown.o)
    0x0800025a   0x0800025a   0x00000000   Code   RO         6444    .ARM.Collect$$libshutdown$$00000002  c_w.l(libshutdown2.o)
    0x0800025a   0x0800025a   0x00000000   Code   RO         6446    .ARM.Collect$$libshutdown$$00000004  c_w.l(libshutdown2.o)
    0x0800025a   0x0800025a   0x00000000   Code   RO         6449    .ARM.Collect$$libshutdown$$00000007  c_w.l(libshutdown2.o)
    0x0800025a   0x0800025a   0x00000000   Code   RO         6452    .ARM.Collect$$libshutdown$$0000000A  c_w.l(libshutdown2.o)
    0x0800025a   0x0800025a   0x00000000   Code   RO         6454    .ARM.Collect$$libshutdown$$0000000C  c_w.l(libshutdown2.o)
    0x0800025a   0x0800025a   0x00000000   Code   RO         6457    .ARM.Collect$$libshutdown$$0000000F  c_w.l(libshutdown2.o)
    0x0800025a   0x0800025a   0x00000002   Code   RO         6458    .ARM.Collect$$libshutdown$$00000010  c_w.l(libshutdown2.o)
    0x0800025c   0x0800025c   0x00000000   Code   RO         6222    .ARM.Collect$$rtentry$$00000000  c_w.l(__rtentry.o)
    0x0800025c   0x0800025c   0x00000000   Code   RO         6278    .ARM.Collect$$rtentry$$00000002  c_w.l(__rtentry2.o)
    0x0800025c   0x0800025c   0x00000006   Code   RO         6290    .ARM.Collect$$rtentry$$00000004  c_w.l(__rtentry4.o)
    0x08000262   0x08000262   0x00000000   Code   RO         6280    .ARM.Collect$$rtentry$$00000009  c_w.l(__rtentry2.o)
    0x08000262   0x08000262   0x00000004   Code   RO         6281    .ARM.Collect$$rtentry$$0000000A  c_w.l(__rtentry2.o)
    0x08000266   0x08000266   0x00000000   Code   RO         6283    .ARM.Collect$$rtentry$$0000000C  c_w.l(__rtentry2.o)
    0x08000266   0x08000266   0x00000008   Code   RO         6284    .ARM.Collect$$rtentry$$0000000D  c_w.l(__rtentry2.o)
    0x0800026e   0x0800026e   0x00000002   Code   RO         6360    .ARM.Collect$$rtexit$$00000000  c_w.l(rtexit.o)
    0x08000270   0x08000270   0x00000000   Code   RO         6413    .ARM.Collect$$rtexit$$00000002  c_w.l(rtexit2.o)
    0x08000270   0x08000270   0x00000004   Code   RO         6414    .ARM.Collect$$rtexit$$00000003  c_w.l(rtexit2.o)
    0x08000274   0x08000274   0x00000006   Code   RO         6415    .ARM.Collect$$rtexit$$00000004  c_w.l(rtexit2.o)
    0x0800027a   0x0800027a   0x00000002   PAD
    0x0800027c   0x0800027c   0x000000be   Code   RO         5516    .emb_text           port.o
    0x0800033a   0x0800033a   0x00000002   PAD
    0x0800033c   0x0800033c   0x00000040   Code   RO         4357    .text               startup_gd32f30x_hd.o
    0x0800037c   0x0800037c   0x00000034   Code   RO         6140    .text               c_w.l(vsnprintf.o)
    0x080003b0   0x080003b0   0x00000038   Code   RO         6142    .text               c_w.l(__2snprintf.o)
    0x080003e8   0x080003e8   0x0000004e   Code   RO         6148    .text               c_w.l(_printf_pad.o)
    0x08000436   0x08000436   0x00000052   Code   RO         6150    .text               c_w.l(_printf_str.o)
    0x08000488   0x08000488   0x00000078   Code   RO         6152    .text               c_w.l(_printf_dec.o)
    0x08000500   0x08000500   0x00000094   Code   RO         6172    .text               c_w.l(_printf_hex_int_ll_ptr.o)
    0x08000594   0x08000594   0x00000188   Code   RO         6192    .text               c_w.l(__printf_flags_ss_wp.o)
    0x0800071c   0x0800071c   0x00000024   Code   RO         6200    .text               c_w.l(strstr.o)
    0x08000740   0x08000740   0x0000003e   Code   RO         6202    .text               c_w.l(strlen.o)
    0x0800077e   0x0800077e   0x00000096   Code   RO         6206    .text               c_w.l(strncmp.o)
    0x08000814   0x08000814   0x0000008a   Code   RO         6208    .text               c_w.l(rt_memcpy_v6.o)
    0x0800089e   0x0800089e   0x00000010   Code   RO         6210    .text               c_w.l(aeabi_memset.o)
    0x080008ae   0x080008ae   0x00000044   Code   RO         6212    .text               c_w.l(rt_memclr.o)
    0x080008f2   0x080008f2   0x0000004e   Code   RO         6214    .text               c_w.l(rt_memclr_w.o)
    0x08000940   0x08000940   0x00000006   Code   RO         6218    .text               c_w.l(heapauxi.o)
    0x08000946   0x08000946   0x00000024   Code   RO         6223    .text               c_w.l(_printf_truncate.o)
    0x0800096a   0x0800096a   0x000000b2   Code   RO         6225    .text               c_w.l(_printf_intcommon.o)
    0x08000a1c   0x08000a1c   0x00000028   Code   RO         6227    .text               c_w.l(_printf_charcount.o)
    0x08000a44   0x08000a44   0x00000030   Code   RO         6229    .text               c_w.l(_printf_char_common.o)
    0x08000a74   0x08000a74   0x0000000a   Code   RO         6231    .text               c_w.l(_sputc.o)
    0x08000a7e   0x08000a7e   0x00000010   Code   RO         6233    .text               c_w.l(_snputc.o)
    0x08000a8e   0x08000a8e   0x0000002c   Code   RO         6235    .text               c_w.l(_printf_char.o)
    0x08000aba   0x08000aba   0x00000002   PAD
    0x08000abc   0x08000abc   0x000000bc   Code   RO         6237    .text               c_w.l(_printf_wctomb.o)
    0x08000b78   0x08000b78   0x0000007c   Code   RO         6240    .text               c_w.l(_printf_longlong_dec.o)
    0x08000bf4   0x08000bf4   0x00000070   Code   RO         6246    .text               c_w.l(_printf_oct_int_ll.o)
    0x08000c64   0x08000c64   0x00000064   Code   RO         6267    .text               c_w.l(rt_memcpy_w.o)
    0x08000cc8   0x08000cc8   0x0000008a   Code   RO         6292    .text               c_w.l(lludiv10.o)
    0x08000d52   0x08000d52   0x0000041e   Code   RO         6294    .text               c_w.l(_printf_fp_dec.o)
    0x08001170   0x08001170   0x000002fc   Code   RO         6296    .text               c_w.l(_printf_fp_hex.o)
    0x0800146c   0x0800146c   0x0000002c   Code   RO         6301    .text               c_w.l(_printf_wchar.o)
    0x08001498   0x08001498   0x00000040   Code   RO         6303    .text               c_w.l(_wcrtomb.o)
    0x080014d8   0x080014d8   0x0000004a   Code   RO         6305    .text               c_w.l(sys_stackheap_outer.o)
    0x08001522   0x08001522   0x00000002   PAD
    0x08001524   0x08001524   0x00000010   Code   RO         6307    .text               c_w.l(rt_ctype_table.o)
    0x08001534   0x08001534   0x00000008   Code   RO         6312    .text               c_w.l(rt_locale_intlibspace.o)
    0x0800153c   0x0800153c   0x00000080   Code   RO         6314    .text               c_w.l(_printf_fp_infnan.o)
    0x080015bc   0x080015bc   0x000000e4   Code   RO         6316    .text               c_w.l(bigflt0.o)
    0x080016a0   0x080016a0   0x00000012   Code   RO         6344    .text               c_w.l(exit.o)
    0x080016b2   0x080016b2   0x00000002   PAD
    0x080016b4   0x080016b4   0x00000008   Code   RO         6357    .text               c_w.l(libspace.o)
    0x080016bc   0x080016bc   0x00000080   Code   RO         6365    .text               c_w.l(strcmpv7m.o)
    0x0800173c   0x0800173c   0x0000000c   Code   RO         6423    .text               c_w.l(sys_exit.o)
    0x08001748   0x08001748   0x00000002   Code   RO         6434    .text               c_w.l(use_no_semi.o)
    0x0800174a   0x0800174a   0x00000000   Code   RO         6436    .text               c_w.l(indicate_semi.o)
    0x0800174a   0x0800174a   0x0000003e   Code   RO         6319    CL$$btod_d2e        c_w.l(btod.o)
    0x08001788   0x08001788   0x00000046   Code   RO         6321    CL$$btod_d2e_denorm_low  c_w.l(btod.o)
    0x080017ce   0x080017ce   0x00000060   Code   RO         6320    CL$$btod_d2e_norm_op1  c_w.l(btod.o)
    0x0800182e   0x0800182e   0x00000338   Code   RO         6329    CL$$btod_div_common  c_w.l(btod.o)
    0x08001b66   0x08001b66   0x000000dc   Code   RO         6326    CL$$btod_e2e        c_w.l(btod.o)
    0x08001c42   0x08001c42   0x0000002a   Code   RO         6323    CL$$btod_ediv       c_w.l(btod.o)
    0x08001c6c   0x08001c6c   0x0000002a   Code   RO         6322    CL$$btod_emul       c_w.l(btod.o)
    0x08001c96   0x08001c96   0x00000244   Code   RO         6328    CL$$btod_mult_common  c_w.l(btod.o)
    0x08001eda   0x08001eda   0x00000004   Code   RO          208    i.BusFault_Handler  gd32f30x_it.o
    0x08001ede   0x08001ede   0x00000002   Code   RO          209    i.DebugMon_Handler  gd32f30x_it.o
    0x08001ee0   0x08001ee0   0x00000004   Code   RO          210    i.HardFault_Handler  gd32f30x_it.o
    0x08001ee4   0x08001ee4   0x00000004   Code   RO          211    i.MemManage_Handler  gd32f30x_it.o
    0x08001ee8   0x08001ee8   0x00000002   Code   RO          212    i.NMI_Handler       gd32f30x_it.o
    0x08001eea   0x08001eea   0x00000002   PAD
    0x08001eec   0x08001eec   0x00000028   Code   RO          274    i.NVIC_SetPriority  systick.o
    0x08001f14   0x08001f14   0x0000004c   Code   RO         5653    i.SEGGER_RTT_Write  segger_rtt.o
    0x08001f60   0x08001f60   0x00000084   Code   RO         5656    i.SEGGER_RTT_WriteNoLock  segger_rtt.o
    0x08001fe4   0x08001fe4   0x00000008   Code   RO          213    i.SysTick_Handler   gd32f30x_it.o
    0x08001fec   0x08001fec   0x000000a8   Code   RO         4315    i.SystemInit        system_gd32f30x.o
    0x08002094   0x08002094   0x00000020   Code   RO          214    i.TIMER6_IRQHandler  gd32f30x_it.o
    0x080020b4   0x080020b4   0x00000004   Code   RO          215    i.UsageFault_Handler  gd32f30x_it.o
    0x080020b8   0x080020b8   0x00000070   Code   RO         5660    i._DoInit           segger_rtt.o
    0x08002128   0x08002128   0x0000001c   Code   RO         5661    i._GetAvailWriteSpace  segger_rtt.o
    0x08002144   0x08002144   0x00000076   Code   RO         5663    i._WriteBlocking    segger_rtt.o
    0x080021ba   0x080021ba   0x00000058   Code   RO         5664    i._WriteNoCheck     segger_rtt.o
    0x08002212   0x08002212   0x00000030   Code   RO         6355    i.__ARM_fpclassify  m_wm.l(fpclassify.o)
    0x08002242   0x08002242   0x0000000e   Code   RO         6185    i._is_digit         c_w.l(__printf_wp.o)
    0x08002250   0x08002250   0x00000034   Code   RO         5913    i.app_elog_init     elog.o
    0x08002284   0x08002284   0x00000014   Code   RO          275    i.delay_1ms         systick.o
    0x08002298   0x08002298   0x00000018   Code   RO          276    i.delay_decrement   systick.o
    0x080022b0   0x080022b0   0x00000032   Code   RO         1371    i.dma_channel_enable  gd32f30x_dma.o
    0x080022e2   0x080022e2   0x00000032   Code   RO         1372    i.dma_circulation_disable  gd32f30x_dma.o
    0x08002314   0x08002314   0x00000070   Code   RO         1374    i.dma_deinit        gd32f30x_dma.o
    0x08002384   0x08002384   0x00000018   Code   RO         1376    i.dma_flag_get      gd32f30x_dma.o
    0x0800239c   0x0800239c   0x0000012e   Code   RO         1377    i.dma_init          gd32f30x_dma.o
    0x080024ca   0x080024ca   0x00000032   Code   RO         1385    i.dma_memory_to_memory_disable  gd32f30x_dma.o
    0x080024fc   0x080024fc   0x00000018   Code   RO         1389    i.dma_periph_and_channel_check  gd32f30x_dma.o
    0x08002514   0x08002514   0x00000034   Code   RO         4600    i.do_create_display_task  task_display.o
    0x08002548   0x08002548   0x00000038   Code   RO         4523    i.do_create_start_task  task_start.o
    0x08002580   0x08002580   0x0000002c   Code   RO         4554    i.do_create_test_task  task_test.o
    0x080025ac   0x080025ac   0x00000114   Code   RO         5918    i.elog_get_filter_tag_lvl  elog.o
    0x080026c0   0x080026c0   0x00000050   Code   RO         5922    i.elog_init         elog.o
    0x08002710   0x08002710   0x00000414   Code   RO         5923    i.elog_output       elog.o
    0x08002b24   0x08002b24   0x00000028   Code   RO         5924    i.elog_output_lock  elog.o
    0x08002b4c   0x08002b4c   0x00000040   Code   RO         5925    i.elog_output_lock_enabled  elog.o
    0x08002b8c   0x08002b8c   0x00000028   Code   RO         5926    i.elog_output_unlock  elog.o
    0x08002bb4   0x08002bb4   0x00000002   Code   RO         5860    i.elog_port_get_p_info  elog_port.o
    0x08002bb6   0x08002bb6   0x00000002   Code   RO         5861    i.elog_port_get_t_info  elog_port.o
    0x08002bb8   0x08002bb8   0x00000002   Code   RO         5862    i.elog_port_get_time  elog_port.o
    0x08002bba   0x08002bba   0x00000004   Code   RO         5863    i.elog_port_init    elog_port.o
    0x08002bbe   0x08002bbe   0x00000012   Code   RO         5864    i.elog_port_output  elog_port.o
    0x08002bd0   0x08002bd0   0x00000004   Code   RO         5865    i.elog_port_output_lock  elog_port.o
    0x08002bd4   0x08002bd4   0x00000004   Code   RO         5866    i.elog_port_output_unlock  elog_port.o
    0x08002bd8   0x08002bd8   0x000000c4   Code   RO         5930    i.elog_set_filter_lvl  elog.o
    0x08002c9c   0x08002c9c   0x0000003c   Code   RO         5933    i.elog_set_filter_tag_lvl_default  elog.o
    0x08002cd8   0x08002cd8   0x000000c8   Code   RO         5934    i.elog_set_fmt      elog.o
    0x08002da0   0x08002da0   0x000000d8   Code   RO         5935    i.elog_set_output_enabled  elog.o
    0x08002e78   0x08002e78   0x000000d8   Code   RO         5936    i.elog_set_text_color_enabled  elog.o
    0x08002f50   0x08002f50   0x00000094   Code   RO         5937    i.elog_start        elog.o
    0x08002fe4   0x08002fe4   0x0000010c   Code   RO         6115    i.elog_strcpy       elog_utils.o
    0x080030f0   0x080030f0   0x0000000c   Code   RO          277    i.get_delay_tick    systick.o
    0x080030fc   0x080030fc   0x000000d4   Code   RO         5939    i.get_fmt_enabled   elog.o
    0x080031d0   0x080031d0   0x0000001c   Code   RO         5940    i.get_fmt_used_and_enabled_ptr  elog.o
    0x080031ec   0x080031ec   0x0000001c   Code   RO         5941    i.get_fmt_used_and_enabled_u32  elog.o
    0x08003208   0x08003208   0x00000004   Code   RO         2096    i.gpio_bit_reset    gd32f30x_gpio.o
    0x0800320c   0x0800320c   0x00000004   Code   RO         2097    i.gpio_bit_set      gd32f30x_gpio.o
    0x08003210   0x08003210   0x0000006c   Code   RO          389    i.gpio_config       gpio.o
    0x0800327c   0x0800327c   0x000000bc   Code   RO         2106    i.gpio_init         gd32f30x_gpio.o
    0x08003338   0x08003338   0x00000090   Code   RO         2112    i.gpio_pin_remap_config  gd32f30x_gpio.o
    0x080033c8   0x080033c8   0x00000024   Code   RO         4602    i.gpio_write_cs_pin  task_display.o
    0x080033ec   0x080033ec   0x00000020   Code   RO         4603    i.gpio_write_dc_pin  task_display.o
    0x0800340c   0x0800340c   0x00000024   Code   RO         4604    i.gpio_write_reset_pin  task_display.o
    0x08003430   0x08003430   0x0000002c   Code   RO            3    i.main              main.o
    0x0800345c   0x0800345c   0x000000c4   Code   RO         2424    i.nvic_irq_enable   gd32f30x_misc.o
    0x08003520   0x08003520   0x00000014   Code   RO         2425    i.nvic_priority_group_set  gd32f30x_misc.o
    0x08003534   0x08003534   0x000000cc   Code   RO         5124    i.prvAddCurrentTaskToDelayedList  tasks.o
    0x08003600   0x08003600   0x000000f0   Code   RO         5125    i.prvAddNewTaskToReadyList  tasks.o
    0x080036f0   0x080036f0   0x00000048   Code   RO         5126    i.prvCheckTasksWaitingTermination  tasks.o
    0x08003738   0x08003738   0x00000068   Code   RO         5127    i.prvCreateIdleTasks  tasks.o
    0x080037a0   0x080037a0   0x0000005a   Code   RO         5128    i.prvCreateTask     tasks.o
    0x080037fa   0x080037fa   0x00000012   Code   RO         5129    i.prvDeleteTCB      tasks.o
    0x0800380c   0x0800380c   0x0000006c   Code   RO         5449    i.prvHeapInit       heap_4.o
    0x08003878   0x08003878   0x00000028   Code   RO         5130    i.prvIdleTask       tasks.o
    0x080038a0   0x080038a0   0x0000007a   Code   RO         5131    i.prvInitialiseNewTask  tasks.o
    0x0800391a   0x0800391a   0x00000002   PAD
    0x0800391c   0x0800391c   0x00000068   Code   RO         5132    i.prvInitialiseTaskLists  tasks.o
    0x08003984   0x08003984   0x00000068   Code   RO         5450    i.prvInsertBlockIntoFreeList  heap_4.o
    0x080039ec   0x080039ec   0x00000030   Code   RO         5133    i.prvResetNextTaskUnblockTime  tasks.o
    0x08003a1c   0x08003a1c   0x00000016   Code   RO         5517    i.prvTaskExitError  port.o
    0x08003a32   0x08003a32   0x00000002   PAD
    0x08003a34   0x08003a34   0x00000100   Code   RO         5452    i.pvPortMalloc      heap_4.o
    0x08003b34   0x08003b34   0x0000002c   Code   RO         5518    i.pxPortInitialiseStack  port.o
    0x08003b60   0x08003b60   0x00000034   Code   RO          409    i.rcu_config        ruc.o
    0x08003b94   0x08003b94   0x00000020   Code   RO         2641    i.rcu_periph_clock_enable  gd32f30x_rcu.o
    0x08003bb4   0x08003bb4   0x00000020   Code   RO         2644    i.rcu_periph_reset_disable  gd32f30x_rcu.o
    0x08003bd4   0x08003bd4   0x00000020   Code   RO         2645    i.rcu_periph_reset_enable  gd32f30x_rcu.o
    0x08003bf4   0x08003bf4   0x00000034   Code   RO          349    i.spi_config        spi.o
    0x08003c28   0x08003c28   0x00000016   Code   RO         3258    i.spi_dma_enable    gd32f30x_spi.o
    0x08003c3e   0x08003c3e   0x0000000a   Code   RO         3259    i.spi_enable        gd32f30x_spi.o
    0x08003c48   0x08003c48   0x00000004   Code   RO         3262    i.spi_i2s_data_transmit  gd32f30x_spi.o
    0x08003c4c   0x08003c4c   0x00000010   Code   RO         3264    i.spi_i2s_flag_get  gd32f30x_spi.o
    0x08003c5c   0x08003c5c   0x00000032   Code   RO         3269    i.spi_init          gd32f30x_spi.o
    0x08003c8e   0x08003c8e   0x00000002   PAD
    0x08003c90   0x08003c90   0x00000088   Code   RO          351    i.spi_send_data     spi.o
    0x08003d18   0x08003d18   0x00000018   Code   RO         4605    i.spi_transmit_data  task_display.o
    0x08003d30   0x08003d30   0x0000007c   Code   RO         4606    i.spi_transmit_data_dma  task_display.o
    0x08003dac   0x08003dac   0x00000158   Code   RO         4361    i.st7789_draw_circle  bsp_st7789_driver.o
    0x08003f04   0x08003f04   0x00000160   Code   RO         4362    i.st7789_draw_filled_circle  bsp_st7789_driver.o
    0x08004064   0x08004064   0x0000007a   Code   RO         4363    i.st7789_draw_filled_rectangle  bsp_st7789_driver.o
    0x080040de   0x080040de   0x0000014e   Code   RO         4364    i.st7789_draw_filled_triangle  bsp_st7789_driver.o
    0x0800422c   0x0800422c   0x00000078   Code   RO         4365    i.st7789_draw_image  bsp_st7789_driver.o
    0x080042a4   0x080042a4   0x000000d4   Code   RO         4366    i.st7789_draw_line  bsp_st7789_driver.o
    0x08004378   0x08004378   0x0000005e   Code   RO         4367    i.st7789_draw_pixel  bsp_st7789_driver.o
    0x080043d6   0x080043d6   0x00000052   Code   RO         4368    i.st7789_draw_pixel_4px  bsp_st7789_driver.o
    0x08004428   0x08004428   0x0000006e   Code   RO         4369    i.st7789_draw_rectangle  bsp_st7789_driver.o
    0x08004496   0x08004496   0x00000062   Code   RO         4370    i.st7789_draw_triangle  bsp_st7789_driver.o
    0x080044f8   0x080044f8   0x00000082   Code   RO         4371    i.st7789_fill       bsp_st7789_driver.o
    0x0800457a   0x0800457a   0x00000002   PAD
    0x0800457c   0x0800457c   0x00000054   Code   RO         4372    i.st7789_fill_color  bsp_st7789_driver.o
    0x080045d0   0x080045d0   0x000001e8   Code   RO         4373    i.st7789_init       bsp_st7789_driver.o
    0x080047b8   0x080047b8   0x000000d0   Code   RO         4374    i.st7789_instance_driver_link  bsp_st7789_driver.o
    0x08004888   0x08004888   0x0000002e   Code   RO         4375    i.st7789_invert_colors  bsp_st7789_driver.o
    0x080048b6   0x080048b6   0x000000b4   Code   RO         4376    i.st7789_set_addr_window  bsp_st7789_driver.o
    0x0800496a   0x0800496a   0x00000030   Code   RO         4377    i.st7789_set_direction  bsp_st7789_driver.o
    0x0800499a   0x0800499a   0x0000002e   Code   RO         4378    i.st7789_tear_effect  bsp_st7789_driver.o
    0x080049c8   0x080049c8   0x000001ec   Code   RO         4379    i.st7789_test_your_device  bsp_st7789_driver.o
    0x08004bb4   0x08004bb4   0x000000be   Code   RO         4380    i.st7789_write_char  bsp_st7789_driver.o
    0x08004c72   0x08004c72   0x00000030   Code   RO         4381    i.st7789_write_command  bsp_st7789_driver.o
    0x08004ca2   0x08004ca2   0x0000005e   Code   RO         4382    i.st7789_write_data  bsp_st7789_driver.o
    0x08004d00   0x08004d00   0x0000002a   Code   RO         4383    i.st7789_write_simple_data  bsp_st7789_driver.o
    0x08004d2a   0x08004d2a   0x00000082   Code   RO         4384    i.st7789_write_string  bsp_st7789_driver.o
    0x08004dac   0x08004dac   0x00000114   Code   RO         4316    i.system_clock_120m_hxtal  system_gd32f30x.o
    0x08004ec0   0x08004ec0   0x00000008   Code   RO         4317    i.system_clock_config  system_gd32f30x.o
    0x08004ec8   0x08004ec8   0x00000050   Code   RO          278    i.systick_config    systick.o
    0x08004f18   0x08004f18   0x00000044   Code   RO         4607    i.task_oled         task_display.o
    0x08004f5c   0x08004f5c   0x00000028   Code   RO         4524    i.task_start        task_start.o
    0x08004f84   0x08004f84   0x00000098   Code   RO         4556    i.task_test         task_test.o
    0x0800501c   0x0800501c   0x00000060   Code   RO          279    i.tim6_delay_init   systick.o
    0x0800507c   0x0800507c   0x00000184   Code   RO         3535    i.timer_deinit      gd32f30x_timer.o
    0x08005200   0x08005200   0x0000000a   Code   RO         3540    i.timer_enable      gd32f30x_timer.o
    0x0800520a   0x0800520a   0x00000002   PAD
    0x0800520c   0x0800520c   0x00000098   Code   RO         3550    i.timer_init        gd32f30x_timer.o
    0x080052a4   0x080052a4   0x00000008   Code   RO         3557    i.timer_interrupt_enable  gd32f30x_timer.o
    0x080052ac   0x080052ac   0x00000006   Code   RO         3558    i.timer_interrupt_flag_clear  gd32f30x_timer.o
    0x080052b2   0x080052b2   0x00000018   Code   RO         3559    i.timer_interrupt_flag_get  gd32f30x_timer.o
    0x080052ca   0x080052ca   0x00000016   Code   RO         3570    i.timer_struct_para_init  gd32f30x_timer.o
    0x080052e0   0x080052e0   0x00000028   Code   RO         4778    i.uxListRemove      list.o
    0x08005308   0x08005308   0x0000001a   Code   RO         4779    i.vListInitialise   list.o
    0x08005322   0x08005322   0x00000006   Code   RO         4780    i.vListInitialiseItem  list.o
    0x08005328   0x08005328   0x00000034   Code   RO         4781    i.vListInsert       list.o
    0x0800535c   0x0800535c   0x00000018   Code   RO         4782    i.vListInsertEnd    list.o
    0x08005374   0x08005374   0x00000024   Code   RO         5520    i.vPortEnterCritical  port.o
    0x08005398   0x08005398   0x00000020   Code   RO         5521    i.vPortExitCritical  port.o
    0x080053b8   0x080053b8   0x0000004c   Code   RO         5453    i.vPortFree         heap_4.o
    0x08005404   0x08005404   0x00000028   Code   RO         5522    i.vPortSetupTimerInterrupt  port.o
    0x0800542c   0x0800542c   0x00000034   Code   RO         5141    i.vTaskDelay        tasks.o
    0x08005460   0x08005460   0x000000ec   Code   RO         5142    i.vTaskDelete       tasks.o
    0x0800554c   0x0800554c   0x0000004c   Code   RO         5154    i.vTaskStartScheduler  tasks.o
    0x08005598   0x08005598   0x00000010   Code   RO         5156    i.vTaskSuspendAll   tasks.o
    0x080055a8   0x080055a8   0x00000068   Code   RO         5157    i.vTaskSwitchContext  tasks.o
    0x08005610   0x08005610   0x00000048   Code   RO         5523    i.xPortStartScheduler  port.o
    0x08005658   0x08005658   0x00000034   Code   RO         5524    i.xPortSysTickHandler  port.o
    0x0800568c   0x0800568c   0x00000038   Code   RO         5160    i.xTaskCreate       tasks.o
    0x080056c4   0x080056c4   0x000001a0   Code   RO         5170    i.xTaskIncrementTick  tasks.o
    0x08005864   0x08005864   0x0000017c   Code   RO         5172    i.xTaskResumeAll    tasks.o
    0x080059e0   0x080059e0   0x0000002c   Code   RO         6342    locale$$code        c_w.l(lc_numeric_c.o)
    0x08005a0c   0x08005a0c   0x0000002c   Code   RO         6363    locale$$code        c_w.l(lc_ctype_c.o)
    0x08005a38   0x08005a38   0x0000000a   Code   RO         6421    x$fpl$fpinit        fz_wm.l(fpinit.o)
    0x08005a42   0x08005a42   0x00000004   Code   RO         6269    x$fpl$printf1       fz_wm.l(printf1.o)
    0x08005a46   0x08005a46   0x00000004   Code   RO         6271    x$fpl$printf2       fz_wm.l(printf2.o)
    0x08005a4a   0x08005a4a   0x00000000   Code   RO         6354    x$fpl$usenofp       fz_wm.l(usenofp.o)
    0x08005a4a   0x08005a4a   0x0000000e   Data   RO          352    .constdata          spi.o
    0x08005a58   0x08005a58   0x0000a814   Data   RO         4510    .constdata          fonts.o
    0x0801026c   0x0801026c   0x00000021   Data   RO         5666    .constdata          segger_rtt.o
    0x0801028d   0x0801028d   0x000000e2   Data   RO         5943    .constdata          elog.o
    0x0801036f   0x0801036f   0x00000023   Data   RO         6116    .constdata          elog_utils.o
    0x08010392   0x08010392   0x00000028   Data   RO         6173    .constdata          c_w.l(_printf_hex_int_ll_ptr.o)
    0x080103ba   0x080103ba   0x00000011   Data   RO         6193    .constdata          c_w.l(__printf_flags_ss_wp.o)
    0x080103cb   0x080103cb   0x00000001   PAD
    0x080103cc   0x080103cc   0x00000008   Data   RO         6238    .constdata          c_w.l(_printf_wctomb.o)
    0x080103d4   0x080103d4   0x00000026   Data   RO         6297    .constdata          c_w.l(_printf_fp_hex.o)
    0x080103fa   0x080103fa   0x00000002   PAD
    0x080103fc   0x080103fc   0x00000094   Data   RO         6317    .constdata          c_w.l(bigflt0.o)
    0x08010490   0x08010490   0x00000047   Data   RO         5944    .conststring        elog.o
    0x080104d7   0x080104d7   0x00000001   PAD
    0x080104d8   0x080104d8   0x00000020   Data   RO         6489    Region$$Table       anon$$obj.o
    0x080104f8   0x080104f8   0x0000001c   Data   RO         6341    locale$$data        c_w.l(lc_numeric_c.o)
    0x08010514   0x08010514   0x00000110   Data   RO         6362    locale$$data        c_w.l(lc_ctype_c.o)


    Execution Region RW_IRAM1 (Exec base: 0x20000000, Load base: 0x08010624, Size: 0x0000db28, Max: 0x00018000, ABSOLUTE)

    Exec Addr    Load Addr    Size         Type   Attr      Idx    E Section Name        Object

    0x20000000   0x08010624   0x00000004   Data   RW          280    .data               systick.o
    0x20000004   0x08010628   0x00000004   Data   RW         4318    .data               system_gd32f30x.o
    0x20000008   0x0801062c   0x00000018   Data   RW         4511    .data               fonts.o
    0x20000020   0x08010644   0x00000004   Data   RW         4525    .data               task_start.o
    0x20000024   0x08010648   0x00000004   Data   RW         4557    .data               task_test.o
    0x20000028   0x0801064c   0x00000024   Data   RW         4609    .data               task_display.o
    0x2000004c   0x08010670   0x00000040   Data   RW         5175    .data               tasks.o
    0x2000008c   0x080106b0   0x0000001c   Data   RW         5460    .data               heap_4.o
    0x200000a8   0x080106cc   0x00000004   Data   RW         5525    .data               port.o
    0x200000ac   0x080106d0   0x00000034   Data   RW         5945    .data               elog.o
    0x200000e0        -       0x00004b00   Zero   RW         4385    .bss                bsp_st7789_driver.o
    0x20004be0        -       0x0000006c   Zero   RW         4608    .bss                task_display.o
    0x20004c4c        -       0x000000c8   Zero   RW         5174    .bss                tasks.o
    0x20004d14        -       0x00004400   Zero   RW         5459    .bss                heap_4.o
    0x20009114        -       0x000004b8   Zero   RW         5665    .bss                segger_rtt.o
    0x200095cc        -       0x000004f8   Zero   RW         5942    .bss                elog.o
    0x20009ac4        -       0x00000060   Zero   RW         6358    .bss                c_w.l(libspace.o)
    0x20009b24   0x08010704   0x00000004   PAD
    0x20009b28        -       0x00002000   Zero   RW         4355    HEAP                startup_gd32f30x_hd.o
    0x2000bb28        -       0x00002000   Zero   RW         4354    STACK               startup_gd32f30x_hd.o


==============================================================================

Image component sizes


      Code (inc. data)   RO Data    RW Data    ZI Data      Debug   Object Name

      4094        194          0          0      19200      23992   bsp_st7789_driver.o
      2900       1046        297         52       1272      19212   elog.o
        36          0          0          0          0       3757   elog_port.o
       268        104         35          0          0       2265   elog_utils.o
         0          0          0          0          0       1108   event_groups.o
         0          0      43028         24          0       1190   fonts.o
         0          0          0          0          0       1432   gd32f30x_can.o
       612          6          0          0          0       5445   gd32f30x_dma.o
       340          6          0          0          0       2996   gd32f30x_gpio.o
        60          6          0          0          0       3655   gd32f30x_it.o
       216         20          0          0          0       1464   gd32f30x_misc.o
        96         12          0          0          0       1739   gd32f30x_rcu.o
       102          0          0          0          0       3908   gd32f30x_spi.o
       610         44          0          0          0       5105   gd32f30x_timer.o
       108         18          0          0          0        474   gpio.o
       544         58          0         28      17408       5191   heap_4.o
       148          0          0          0          0       3518   list.o
        44          4          0          0          0      68507   main.o
       488         56          0          4          0      10184   port.o
        52          0          0          0          0        465   ruc.o
       554         42         33          0       1208       9666   segger_rtt.o
       188         48         14          0          0       5692   spi.o
        64         26        304          0      16384        928   startup_gd32f30x_hd.o
       452         30          0          4          0       2843   system_gd32f30x.o
       272         34          0          4          0      29965   systick.o
       372         74          0         36        108       7891   task_display.o
        96         26          0          4          0       1239   task_start.o
       196         24          0          4          0       1206   task_test.o
      2378        302          0         64        200      30919   tasks.o

    ----------------------------------------------------------------------
     15304       2180      43744        224      55780     255956   Object Totals
         0          0         32          0          0          0   (incl. Generated)
        14          0          1          0          0          0   (incl. Padding)

    ----------------------------------------------------------------------

      Code (inc. data)   RO Data    RW Data    ZI Data      Debug   Library Member Name

        56          6          0          0          0         88   __2snprintf.o
         8          0          0          0          0         68   __main.o
       392          4         17          0          0         92   __printf_flags_ss_wp.o
        14          0          0          0          0         68   __printf_wp.o
         0          0          0          0          0          0   __rtentry.o
        12          0          0          0          0          0   __rtentry2.o
         6          0          0          0          0          0   __rtentry4.o
        52          8          0          0          0          0   __scatter.o
        26          0          0          0          0          0   __scatter_copy.o
        28          0          0          0          0          0   __scatter_zi.o
         6          0          0          0          0          0   _printf_a.o
         6          0          0          0          0          0   _printf_c.o
        44          0          0          0          0        108   _printf_char.o
        48          6          0          0          0         96   _printf_char_common.o
        40          0          0          0          0         68   _printf_charcount.o
         6          0          0          0          0          0   _printf_d.o
       120         16          0          0          0         92   _printf_dec.o
         6          0          0          0          0          0   _printf_e.o
         6          0          0          0          0          0   _printf_f.o
      1054          0          0          0          0        216   _printf_fp_dec.o
       764          8         38          0          0        100   _printf_fp_hex.o
       128         16          0          0          0         84   _printf_fp_infnan.o
         6          0          0          0          0          0   _printf_g.o
       148          4         40          0          0        160   _printf_hex_int_ll_ptr.o
         6          0          0          0          0          0   _printf_i.o
       178          0          0          0          0         88   _printf_intcommon.o
        10          0          0          0          0          0   _printf_l.o
         6          0          0          0          0          0   _printf_lc.o
        10          0          0          0          0          0   _printf_ll.o
         6          0          0          0          0          0   _printf_lld.o
         6          0          0          0          0          0   _printf_lli.o
         6          0          0          0          0          0   _printf_llo.o
         6          0          0          0          0          0   _printf_llu.o
         6          0          0          0          0          0   _printf_llx.o
       124         16          0          0          0         92   _printf_longlong_dec.o
         6          0          0          0          0          0   _printf_ls.o
         6          0          0          0          0          0   _printf_n.o
         6          0          0          0          0          0   _printf_o.o
       112         10          0          0          0        124   _printf_oct_int_ll.o
         6          0          0          0          0          0   _printf_p.o
        78          0          0          0          0        108   _printf_pad.o
         0          0          0          0          0          0   _printf_percent.o
         4          0          0          0          0          0   _printf_percent_end.o
         6          0          0          0          0          0   _printf_s.o
        82          0          0          0          0         80   _printf_str.o
        36          0          0          0          0         84   _printf_truncate.o
         6          0          0          0          0          0   _printf_u.o
        44          0          0          0          0        108   _printf_wchar.o
       188          6          8          0          0         92   _printf_wctomb.o
         6          0          0          0          0          0   _printf_x.o
        16          0          0          0          0         68   _snputc.o
        10          0          0          0          0         68   _sputc.o
        64          0          0          0          0         92   _wcrtomb.o
        16          0          0          0          0         68   aeabi_memset.o
       228          4        148          0          0         96   bigflt0.o
      1936        128          0          0          0        672   btod.o
        18          0          0          0          0         80   exit.o
         6          0          0          0          0        152   heapauxi.o
         0          0          0          0          0          0   indicate_semi.o
        44         10        272          0          0         76   lc_ctype_c.o
        44         10         28          0          0         76   lc_numeric_c.o
         2          0          0          0          0          0   libinit.o
        34          0          0          0          0          0   libinit2.o
         2          0          0          0          0          0   libshutdown.o
         2          0          0          0          0          0   libshutdown2.o
         8          4          0          0         96         68   libspace.o
       138          0          0          0          0         80   lludiv10.o
        16          4          0          0          0         76   rt_ctype_table.o
         8          4          0          0          0         68   rt_locale_intlibspace.o
        68          0          0          0          0         68   rt_memclr.o
        78          0          0          0          0         80   rt_memclr_w.o
       138          0          0          0          0         68   rt_memcpy_v6.o
       100          0          0          0          0         80   rt_memcpy_w.o
         2          0          0          0          0          0   rtexit.o
        10          0          0          0          0          0   rtexit2.o
       128          0          0          0          0         68   strcmpv7m.o
        62          0          0          0          0         76   strlen.o
       150          0          0          0          0         80   strncmp.o
        36          0          0          0          0         80   strstr.o
        12          4          0          0          0         68   sys_exit.o
        74          0          0          0          0         80   sys_stackheap_outer.o
         2          0          0          0          0         68   use_no_semi.o
        52          4          0          0          0         80   vsnprintf.o
        10          0          0          0          0        116   fpinit.o
         4          0          0          0          0        116   printf1.o
         4          0          0          0          0        116   printf2.o
         0          0          0          0          0          0   usenofp.o
        48          0          0          0          0        124   fpclassify.o

    ----------------------------------------------------------------------
      7506        272        554          0        100       5124   Library Totals
        10          0          3          0          4          0   (incl. Padding)

    ----------------------------------------------------------------------

      Code (inc. data)   RO Data    RW Data    ZI Data      Debug   Library Name

      7430        272        551          0         96       4652   c_w.l
        18          0          0          0          0        348   fz_wm.l
        48          0          0          0          0        124   m_wm.l

    ----------------------------------------------------------------------
      7506        272        554          0        100       5124   Library Totals

    ----------------------------------------------------------------------

==============================================================================


      Code (inc. data)   RO Data    RW Data    ZI Data      Debug   

     22810       2452      44298        224      55880     243780   Grand Totals
     22810       2452      44298        224      55880     243780   ELF Image Totals
     22810       2452      44298        224          0          0   ROM Totals

==============================================================================

    Total RO  Size (Code + RO Data)                67108 (  65.54kB)
    Total RW  Size (RW Data + ZI Data)             56104 (  54.79kB)
    Total ROM Size (Code + RO Data + RW Data)      67332 (  65.75kB)

==============================================================================

