Component: ARM Compiler 5.06 update 7 (build 960) Tool: armlink [4d3601]

==============================================================================

Section Cross References

    startup_stm32f103xe.o(STACK) refers (Special) to heapauxi.o(.text) for __use_two_region_memory
    startup_stm32f103xe.o(HEAP) refers (Special) to heapauxi.o(.text) for __use_two_region_memory
    startup_stm32f103xe.o(RESET) refers (Special) to heapauxi.o(.text) for __use_two_region_memory
    startup_stm32f103xe.o(RESET) refers to startup_stm32f103xe.o(STACK) for __initial_sp
    startup_stm32f103xe.o(RESET) refers to startup_stm32f103xe.o(.text) for Reset_Handler
    startup_stm32f103xe.o(RESET) refers to stm32f1xx_it.o(i.NMI_Handler) for NMI_Handler
    startup_stm32f103xe.o(RESET) refers to stm32f1xx_it.o(i.HardFault_Handler) for HardFault_Handler
    startup_stm32f103xe.o(RESET) refers to stm32f1xx_it.o(i.MemManage_Handler) for MemManage_Handler
    startup_stm32f103xe.o(RESET) refers to stm32f1xx_it.o(i.BusFault_Handler) for BusFault_Handler
    startup_stm32f103xe.o(RESET) refers to stm32f1xx_it.o(i.UsageFault_Handler) for UsageFault_Handler
    startup_stm32f103xe.o(RESET) refers to port.o(.emb_text) for SVC_Handler
    startup_stm32f103xe.o(RESET) refers to stm32f1xx_it.o(i.DebugMon_Handler) for DebugMon_Handler
    startup_stm32f103xe.o(RESET) refers to delay.o(i.SysTick_Handler) for SysTick_Handler
    startup_stm32f103xe.o(RESET) refers to exti.o(i.EXTI0_IRQHandler) for EXTI0_IRQHandler
    startup_stm32f103xe.o(RESET) refers to exti.o(i.EXTI2_IRQHandler) for EXTI2_IRQHandler
    startup_stm32f103xe.o(RESET) refers to exti.o(i.EXTI3_IRQHandler) for EXTI3_IRQHandler
    startup_stm32f103xe.o(RESET) refers to exti.o(i.EXTI4_IRQHandler) for EXTI4_IRQHandler
    startup_stm32f103xe.o(RESET) refers to dma.o(i.DMA1_Channel2_IRQHandler) for DMA1_Channel2_IRQHandler
    startup_stm32f103xe.o(RESET) refers to usart.o(i.USART1_IRQHandler) for USART1_IRQHandler
    startup_stm32f103xe.o(RESET) refers to btim.o(i.TIM6_IRQHandler) for TIM6_IRQHandler
    startup_stm32f103xe.o(.text) refers (Special) to heapauxi.o(.text) for __use_two_region_memory
    startup_stm32f103xe.o(.text) refers to system_stm32f1xx.o(i.SystemInit) for SystemInit
    startup_stm32f103xe.o(.text) refers to __main.o(!!!main) for __main
    startup_stm32f103xe.o(.text) refers to startup_stm32f103xe.o(HEAP) for Heap_Mem
    startup_stm32f103xe.o(.text) refers to startup_stm32f103xe.o(STACK) for Stack_Mem
    main.o(i.main) refers to stm32f1xx_hal.o(i.HAL_Init) for HAL_Init
    main.o(i.main) refers to sys.o(i.sys_stm32_clock_init) for sys_stm32_clock_init
    main.o(i.main) refers to delay.o(i.delay_init) for delay_init
    main.o(i.main) refers to usart.o(i.usart_init) for usart_init
    main.o(i.main) refers to led.o(i.led_init) for led_init
    main.o(i.main) refers to lcd.o(i.lcd_init) for lcd_init
    main.o(i.main) refers to key.o(i.key_init) for key_init
    main.o(i.main) refers to sram.o(i.sram_init) for sram_init
    main.o(i.main) refers to malloc.o(i.my_mem_init) for my_mem_init
    main.o(i.main) refers to ruf_x_demo.o(i.RUF_X_demo) for RUF_X_demo
    system_stm32f1xx.o(i.SystemCoreClockUpdate) refers to system_stm32f1xx.o(.data) for SystemCoreClock
    system_stm32f1xx.o(i.SystemCoreClockUpdate) refers to system_stm32f1xx.o(.constdata) for AHBPrescTable
    spi_rxtask.o(i.vSPI_Rx_task) refers to queue.o(i.xQueueSemaphoreTake) for xQueueSemaphoreTake
    spi_rxtask.o(i.vSPI_Rx_task) refers to stm32f1xx_hal_gpio.o(i.HAL_GPIO_WritePin) for HAL_GPIO_WritePin
    spi_rxtask.o(i.vSPI_Rx_task) refers to stm32f1xx_hal_spi.o(i.HAL_SPI_Receive_DMA) for HAL_SPI_Receive_DMA
    spi_rxtask.o(i.vSPI_Rx_task) refers to rt_memcpy_v6.o(.text) for __aeabi_memcpy
    spi_rxtask.o(i.vSPI_Rx_task) refers to queue.o(i.xQueueGenericSend) for xQueueGenericSend
    spi_rxtask.o(i.vSPI_Rx_task) refers to ruf_x_demo.o(.data) for xSem_FPGA_INT
    spi_rxtask.o(i.vSPI_Rx_task) refers to spi_rxtask.o(.bss) for Rx_Index_Buf
    spi_rxtask.o(i.vSPI_Rx_task) refers to spi.o(.bss) for hspi1
    show_ui.o(i.vShow_UI_task) refers to _printf_percent.o(.ARM.Collect$$_printf_percent$$00000000) for _printf_percent
    show_ui.o(i.vShow_UI_task) refers to _printf_f.o(.ARM.Collect$$_printf_percent$$00000003) for _printf_f
    show_ui.o(i.vShow_UI_task) refers to printf1.o(x$fpl$printf1) for _printf_fp_dec
    show_ui.o(i.vShow_UI_task) refers to rt_memclr_w.o(.text) for __aeabi_memclr4
    show_ui.o(i.vShow_UI_task) refers to queue.o(i.xQueueReceive) for xQueueReceive
    show_ui.o(i.vShow_UI_task) refers to f2d.o(x$fpl$f2d) for __aeabi_f2d
    show_ui.o(i.vShow_UI_task) refers to noretval__2printf.o(.text) for __2printf
    show_ui.o(i.vShow_UI_task) refers to ruf_x_demo.o(.data) for xQueue_AlgoOut
    show_ui.o(i.vShow_UI_task) refers to show_ui.o(.data) for cnt
    keyfilertask.o(i.vKeyFilter_task) refers to queue.o(i.xQueueSemaphoreTake) for xQueueSemaphoreTake
[...]
    Reset_Handler                            0x080002b1   Thumb Code     8  startup_stm32f103xe.o(.text)
    ADC1_2_IRQHandler                        0x080002cb   Thumb Code     0  startup_stm32f103xe.o(.text)
    ADC3_IRQHandler                          0x080002cb   Thumb Code     0  startup_stm32f103xe.o(.text)
    CAN1_RX1_IRQHandler                      0x080002cb   Thumb Code     0  startup_stm32f103xe.o(.text)
    CAN1_SCE_IRQHandler                      0x080002cb   Thumb Code     0  startup_stm32f103xe.o(.text)
    DMA1_Channel1_IRQHandler                 0x080002cb   Thumb Code     0  startup_stm32f103xe.o(.text)
    DMA1_Channel3_IRQHandler                 0x080002cb   Thumb Code     0  startup_stm32f103xe.o(.text)
    DMA1_Channel4_IRQHandler                 0x080002cb   Thumb Code     0  startup_stm32f103xe.o(.text)
    DMA1_Channel5_IRQHandler                 0x080002cb   Thumb Code     0  startup_stm32f103xe.o(.text)
    DMA1_Channel6_IRQHandler                 0x080002cb   Thumb Code     0  startup_stm32f103xe.o(.text)
    DMA1_Channel7_IRQHandler                 0x080002cb   Thumb Code     0  startup_stm32f103xe.o(.text)
    DMA2_Channel1_IRQHandler                 0x080002cb   Thumb Code     0  startup_stm32f103xe.o(.text)
    DMA2_Channel2_IRQHandler                 0x080002cb   Thumb Code     0  startup_stm32f103xe.o(.text)
    DMA2_Channel3_IRQHandler                 0x080002cb   Thumb Code     0  startup_stm32f103xe.o(.text)
    DMA2_Channel4_5_IRQHandler               0x080002cb   Thumb Code     0  startup_stm32f103xe.o(.text)
    EXTI15_10_IRQHandler                     0x080002cb   Thumb Code     0  startup_stm32f103xe.o(.text)
    EXTI1_IRQHandler                         0x080002cb   Thumb Code     0  startup_stm32f103xe.o(.text)
    EXTI9_5_IRQHandler                       0x080002cb   Thumb Code     0  startup_stm32f103xe.o(.text)
    FLASH_IRQHandler                         0x080002cb   Thumb Code     0  startup_stm32f103xe.o(.text)
    FSMC_IRQHandler                          0x080002cb   Thumb Code     0  startup_stm32f103xe.o(.text)
    I2C1_ER_IRQHandler                       0x080002cb   Thumb Code     0  startup_stm32f103xe.o(.text)
    I2C1_EV_IRQHandler                       0x080002cb   Thumb Code     0  startup_stm32f103xe.o(.text)
    I2C2_ER_IRQHandler                       0x080002cb   Thumb Code     0  startup_stm32f103xe.o(.text)
    I2C2_EV_IRQHandler                       0x080002cb   Thumb Code     0  startup_stm32f103xe.o(.text)
    PVD_IRQHandler                           0x080002cb   Thumb Code     0  startup_stm32f103xe.o(.text)
    RCC_IRQHandler                           0x080002cb   Thumb Code     0  startup_stm32f103xe.o(.text)
    RTC_Alarm_IRQHandler                     0x080002cb   Thumb Code     0  startup_stm32f103xe.o(.text)
    RTC_IRQHandler                           0x080002cb   Thumb Code     0  startup_stm32f103xe.o(.text)
    SDIO_IRQHandler                          0x080002cb   Thumb Code     0  startup_stm32f103xe.o(.text)
    SPI1_IRQHandler                          0x080002cb   Thumb Code     0  startup_stm32f103xe.o(.text)
    SPI2_IRQHandler                          0x080002cb   Thumb Code     0  startup_stm32f103xe.o(.text)
    SPI3_IRQHandler                          0x080002cb   Thumb Code     0  startup_stm32f103xe.o(.text)
    TAMPER_IRQHandler                        0x080002cb   Thumb Code     0  startup_stm32f103xe.o(.text)
    TIM1_BRK_IRQHandler                      0x080002cb   Thumb Code     0  startup_stm32f103xe.o(.text)
    TIM1_CC_IRQHandler                       0x080002cb   Thumb Code     0  startup_stm32f103xe.o(.text)
    TIM1_TRG_COM_IRQHandler                  0x080002cb   Thumb Code     0  startup_stm32f103xe.o(.text)
    TIM1_UP_IRQHandler                       0x080002cb   Thumb Code     0  startup_stm32f103xe.o(.text)
    TIM2_IRQHandler                          0x080002cb   Thumb Code     0  startup_stm32f103xe.o(.text)
    TIM3_IRQHandler                          0x080002cb   Thumb Code     0  startup_stm32f103xe.o(.text)
    TIM4_IRQHandler                          0x080002cb   Thumb Code     0  startup_stm32f103xe.o(.text)
    TIM5_IRQHandler                          0x080002cb   Thumb Code     0  startup_stm32f103xe.o(.text)
    TIM7_IRQHandler                          0x080002cb   Thumb Code     0  startup_stm32f103xe.o(.text)
    TIM8_BRK_IRQHandler                      0x080002cb   Thumb Code     0  startup_stm32f103xe.o(.text)
    TIM8_CC_IRQHandler                       0x080002cb   Thumb Code     0  startup_stm32f103xe.o(.text)
    TIM8_TRG_COM_IRQHandler                  0x080002cb   Thumb Code     0  startup_stm32f103xe.o(.text)
    TIM8_UP_IRQHandler                       0x080002cb   Thumb Code     0  startup_stm32f103xe.o(.text)
    UART4_IRQHandler                         0x080002cb   Thumb Code     0  startup_stm32f103xe.o(.text)
    UART5_IRQHandler                         0x080002cb   Thumb Code     0  startup_stm32f103xe.o(.text)
    USART2_IRQHandler                        0x080002cb   Thumb Code     0  startup_stm32f103xe.o(.text)
    USART3_IRQHandler                        0x080002cb   Thumb Code     0  startup_stm32f103xe.o(.text)
    USBWakeUp_IRQHandler                     0x080002cb   Thumb Code     0  startup_stm32f103xe.o(.text)
    USB_HP_CAN1_TX_IRQHandler                0x080002cb   Thumb Code     0  startup_stm32f103xe.o(.text)
    USB_LP_CAN1_RX0_IRQHandler               0x080002cb   Thumb Code     0  startup_stm32f103xe.o(.text)
    WWDG_IRQHandler                          0x080002cb   Thumb Code     0  startup_stm32f103xe.o(.text)
    __user_initial_stackheap                 0x080002cd   Thumb Code     0  startup_stm32f103xe.o(.text)
    __use_no_semihosting                     0x080002f1   Thumb Code     2  use_no_semi_2.o(.text)
    __2printf                                0x080002f5   Thumb Code    20  noretval__2printf.o(.text)
    _printf_str                              0x0800030d   Thumb Code    82  _printf_str.o(.text)
    _printf_int_dec                          0x08000361   Thumb Code   104  _printf_dec.o(.text)
    _printf_int_hex                          0x080003d9   Thumb Code    84  _printf_hex_int.o(.text)
    _printf_longlong_hex                     0x080003d9   Thumb Code     0  _printf_hex_int.o(.text)
    __printf                                 0x08000431   Thumb Code   352  __printf_ss_wp.o(.text)
    __aeabi_memcpy                           0x08000591   Thumb Code     0  rt_memcpy_v6.o(.text)
    __rt_memcpy                              0x08000591   Thumb Code   138  rt_memcpy_v6.o(.text)
    _memcpy_lastbytes                        0x080005f7   Thumb Code     0  rt_memcpy_v6.o(.text)
    __aeabi_memcpy4                          0x0800061b   Thumb Code     0  rt_memcpy_w.o(.text)
    __aeabi_memcpy8                          0x0800061b   Thumb Code     0  rt_memcpy_w.o(.text)
    __rt_memcpy_w                            0x0800061b   Thumb Code   100  rt_memcpy_w.o(.text)
    _memcpy_lastbytes_aligned                0x08000663   Thumb Code     0  rt_memcpy_w.o(.text)
    __aeabi_memset                           0x0800067f   Thumb Code    16  aeabi_memset.o(.text)
    __aeabi_memclr4                          0x0800068f   Thumb Code     0  rt_memclr_w.o(.text)
    __aeabi_memclr8                          0x0800068f   Thumb Code     0  rt_memclr_w.o(.text)
    __rt_memclr_w                            0x0800068f   Thumb Code    78  rt_memclr_w.o(.text)
    _memset_w                                0x08000693   Thumb Code     0  rt_memclr_w.o(.text)
    __use_two_region_memory                  0x080006dd   Thumb Code     2  heapauxi.o(.text)
    __rt_heap_escrow$2region                 0x080006df   Thumb Code     2  heapauxi.o(.text)
    __rt_heap_expand$2region                 0x080006e1   Thumb Code     2  heapauxi.o(.text)
    __semihosting$guard                      0x080006e3   Thumb Code     0  use_no_semi.o(.text)
    __use_no_semihosting_swi                 0x080006e3   Thumb Code     2  use_no_semi.o(.text)
    _printf_int_common                       0x080006e5   Thumb Code   178  _printf_intcommon.o(.text)
    __lib_sel_fp_printf                      0x08000797   Thumb Code     2  _printf_fp_dec.o(.text)
    _printf_fp_dec_real                      0x08000949   Thumb Code   620  _printf_fp_dec.o(.text)
    _printf_char_common                      0x08000bbf   Thumb Code    32  _printf_char_common.o(.text)
    _printf_cs_common                        0x08000be5   Thumb Code    20  _printf_char.o(.text)
    _printf_char                             0x08000bf9   Thumb Code    16  _printf_char.o(.text)
    _printf_string                           0x08000c09   Thumb Code     8  _printf_char.o(.text)
    _printf_char_file                        0x08000c11   Thumb Code    32  _printf_char_file.o(.text)
    __aeabi_memclr                           0x08000c35   Thumb Code     0  rt_memclr.o(.text)
    __rt_memclr                              0x08000c35   Thumb Code    68  rt_memclr.o(.text)
    _memset                                  0x08000c39   Thumb Code     0  rt_memclr.o(.text)
    __rt_locale                              0x08000c79   Thumb Code     8  rt_locale_intlibspace.o(.text)
    _ll_udiv10                               0x08000c81   Thumb Code   138  lludiv10.o(.text)
    _printf_fp_infnan                        0x08000d0d   Thumb Code   112  _printf_fp_infnan.o(.text)
    _btod_etento                             0x08000d8d   Thumb Code   224  bigflt0.o(.text)
    ferror                                   0x08000e71   Thumb Code     8  ferror.o(.text)
    __user_libspace                          0x08000e79   Thumb Code     8  libspace.o(.text)
    __user_perproc_libspace                  0x08000e79   Thumb Code     0  libspace.o(.text)
    __user_perthread_libspace                0x08000e79   Thumb Code     0  libspace.o(.text)
    __user_setup_stackheap                   0x08000e81   Thumb Code    74  sys_stackheap_outer.o(.text)
    exit                                     0x08000ecb   Thumb Code    18  exit.o(.text)
    strcmp                                   0x08000edd   Thumb Code   128  strcmpv7m.o(.text)
    _btod_d2e                                0x08000f5d   Thumb Code    62  btod.o(CL$$btod_d2e)
    _d2e_denorm_low                          0x08000f9b   Thumb Code    70  btod.o(CL$$btod_d2e_denorm_low)
    _d2e_norm_op1                            0x08000fe1   Thumb Code    96  btod.o(CL$$btod_d2e_norm_op1)
    __btod_div_common                        0x08001041   Thumb Code   696  btod.o(CL$$btod_div_common)
    _e2e                                     0x08001379   Thumb Code   220  btod.o(CL$$btod_e2e)
    _btod_ediv                               0x08001455   Thumb Code    42  btod.o(CL$$btod_ediv)
    _btod_emul                               0x0800147f   Thumb Code    42  btod.o(CL$$btod_emul)
    __btod_mult_common                       0x080014a9   Thumb Code   580  btod.o(CL$$btod_mult_common)
    BusFault_Handler                         0x080016ed   Thumb Code     4  stm32f1xx_it.o(i.BusFault_Handler)
    DMA1_Channel2_IRQHandler                 0x080016f1   Thumb Code    10  dma.o(i.DMA1_Channel2_IRQHandler)
    DebugMon_Handler                         0x0800172d   Thumb Code     2  stm32f1xx_it.o(i.DebugMon_Handler)
    EXTI0_IRQHandler                         0x08001731   Thumb Code    16  exti.o(i.EXTI0_IRQHandler)
    EXTI2_IRQHandler                         0x08001745   Thumb Code    16  exti.o(i.EXTI2_IRQHandler)
    EXTI3_IRQHandler                         0x08001759   Thumb Code    16  exti.o(i.EXTI3_IRQHandler)
    EXTI4_IRQHandler                         0x0800176d   Thumb Code    16  exti.o(i.EXTI4_IRQHandler)
    FPGA_INT_exti_init                       0x08001781   Thumb Code    76  exti.o(i.FPGA_INT_exti_init)
    FSMC_NORSRAM_Extended_Timing_Init        0x080017d9   Thumb Code    62  stm32f1xx_ll_fsmc.o(i.FSMC_NORSRAM_Extended_Timing_Init)
    FSMC_NORSRAM_Init                        0x0800181d   Thumb Code   116  stm32f1xx_ll_fsmc.o(i.FSMC_NORSRAM_Init)
    FSMC_NORSRAM_Timing_Init                 0x08001895   Thumb Code    66  stm32f1xx_ll_fsmc.o(i.FSMC_NORSRAM_Timing_Init)
    HAL_DMA_Abort_IT                         0x080018d9   Thumb Code   414  stm32f1xx_hal_dma.o(i.HAL_DMA_Abort_IT)
    HAL_DMA_IRQHandler                       0x08001a81   Thumb Code   910  stm32f1xx_hal_dma.o(i.HAL_DMA_IRQHandler)
    HAL_DMA_Init                             0x08001e19   Thumb Code   132  stm32f1xx_hal_dma.o(i.HAL_DMA_Init)
    HAL_DMA_Start_IT                         0x08001ea5   Thumb Code   156  stm32f1xx_hal_dma.o(i.HAL_DMA_Start_IT)
    HAL_GPIO_EXTI_Callback                   0x08001f41   Thumb Code    72  exti.o(i.HAL_GPIO_EXTI_Callback)
    HAL_GPIO_EXTI_IRQHandler                 0x08001f99   Thumb Code    24  stm32f1xx_hal_gpio.o(i.HAL_GPIO_EXTI_IRQHandler)
    HAL_GPIO_Init                            0x08001fb5   Thumb Code   792  stm32f1xx_hal_gpio.o(i.HAL_GPIO_Init)
    HAL_GPIO_TogglePin                       0x080022f5   Thumb Code    20  stm32f1xx_hal_gpio.o(i.HAL_GPIO_TogglePin)
    HAL_GPIO_WritePin                        0x08002309   Thumb Code    12  stm32f1xx_hal_gpio.o(i.HAL_GPIO_WritePin)
    HAL_GetTick                              0x08002315   Thumb Code     6  stm32f1xx_hal.o(i.HAL_GetTick)
    HAL_IncTick                              0x08002321   Thumb Code    16  stm32f1xx_hal.o(i.HAL_IncTick)
    HAL_Init                                 0x08002339   Thumb Code    34  stm32f1xx_hal.o(i.HAL_Init)
    HAL_InitTick                             0x08002361   Thumb Code    64  stm32f1xx_hal.o(i.HAL_InitTick)
    HAL_MspInit                              0x080023ad   Thumb Code     2  stm32f1xx_hal.o(i.HAL_MspInit)
    HAL_NVIC_EnableIRQ                       0x080023af   Thumb Code    32  stm32f1xx_hal_cortex.o(i.HAL_NVIC_EnableIRQ)
    HAL_NVIC_SetPriority                     0x080023cf   Thumb Code   124  stm32f1xx_hal_cortex.o(i.HAL_NVIC_SetPriority)
    HAL_NVIC_SetPriorityGrouping             0x0800244d   Thumb Code    32  stm32f1xx_hal_cortex.o(i.HAL_NVIC_SetPriorityGrouping)
    HAL_RCC_ClockConfig                      0x08002475   Thumb Code   376  stm32f1xx_hal_rcc.o(i.HAL_RCC_ClockConfig)
    HAL_RCC_GetHCLKFreq                      0x08002601   Thumb Code     6  stm32f1xx_hal_rcc.o(i.HAL_RCC_GetHCLKFreq)
    HAL_RCC_GetPCLK1Freq                     0x0800260d   Thumb Code    22  stm32f1xx_hal_rcc.o(i.HAL_RCC_GetPCLK1Freq)
    HAL_RCC_GetPCLK2Freq                     0x0800262d   Thumb Code    22  stm32f1xx_hal_rcc.o(i.HAL_RCC_GetPCLK2Freq)
    HAL_RCC_GetSysClockFreq                  0x0800264d   Thumb Code   116  stm32f1xx_hal_rcc.o(i.HAL_RCC_GetSysClockFreq)
    HAL_RCC_OscConfig                        0x080026e1   Thumb Code  1114  stm32f1xx_hal_rcc.o(i.HAL_RCC_OscConfig)
    HAL_SPI_ErrorCallback                    0x08002b45   Thumb Code     2  stm32f1xx_hal_spi.o(i.HAL_SPI_ErrorCallback)
    HAL_SPI_Init                             0x08002b47   Thumb Code   212  stm32f1xx_hal_spi.o(i.HAL_SPI_Init)
    HAL_SPI_MspInit                          0x08002c1d   Thumb Code   198  spi.o(i.HAL_SPI_MspInit)
    HAL_SPI_Receive_DMA                      0x08002cf1   Thumb Code   306  stm32f1xx_hal_spi.o(i.HAL_SPI_Receive_DMA)
    HAL_SPI_RxCpltCallback                   0x08002e31   Thumb Code    54  spi.o(i.HAL_SPI_RxCpltCallback)
    HAL_SPI_RxHalfCpltCallback               0x08002e75   Thumb Code     2  stm32f1xx_hal_spi.o(i.HAL_SPI_RxHalfCpltCallback)
    HAL_SPI_TransmitReceive_DMA              0x08002e79   Thumb Code   378  stm32f1xx_hal_spi.o(i.HAL_SPI_TransmitReceive_DMA)
    HAL_SPI_TxRxCpltCallback                 0x08003009   Thumb Code     2  stm32f1xx_hal_spi.o(i.HAL_SPI_TxRxCpltCallback)
    HAL_SPI_TxRxHalfCpltCallback             0x0800300b   Thumb Code     2  stm32f1xx_hal_spi.o(i.HAL_SPI_TxRxHalfCpltCallback)
    HAL_SRAM_Init                            0x0800300d   Thumb Code   102  stm32f1xx_hal_sram.o(i.HAL_SRAM_Init)
    HAL_SRAM_MspInit                         0x08003075   Thumb Code   130  lcd.o(i.HAL_SRAM_MspInit)
    HAL_SYSTICK_CLKSourceConfig              0x08003105   Thumb Code    40  stm32f1xx_hal_cortex.o(i.HAL_SYSTICK_CLKSourceConfig)
    HAL_SYSTICK_Config                       0x0800312d   Thumb Code    52  stm32f1xx_hal_cortex.o(i.HAL_SYSTICK_Config)
    HAL_TIMEx_BreakCallback                  0x08003161   Thumb Code     2  stm32f1xx_hal_tim_ex.o(i.HAL_TIMEx_BreakCallback)
    HAL_TIMEx_CommutCallback                 0x08003163   Thumb Code     2  stm32f1xx_hal_tim_ex.o(i.HAL_TIMEx_CommutCallback)
    HAL_TIM_IC_CaptureCallback               0x08003165   Thumb Code     2  stm32f1xx_hal_tim.o(i.HAL_TIM_IC_CaptureCallback)
    HAL_TIM_IRQHandler                       0x08003167   Thumb Code   406  stm32f1xx_hal_tim.o(i.HAL_TIM_IRQHandler)
    HAL_TIM_OC_DelayElapsedCallback          0x080032fd   Thumb Code     2  stm32f1xx_hal_tim.o(i.HAL_TIM_OC_DelayElapsedCallback)
    HAL_TIM_PWM_PulseFinishedCallback        0x080032ff   Thumb Code     2  stm32f1xx_hal_tim.o(i.HAL_TIM_PWM_PulseFinishedCallback)
    HAL_TIM_PeriodElapsedCallback            0x08003301   Thumb Code    24  btim.o(i.HAL_TIM_PeriodElapsedCallback)
    HAL_TIM_TriggerCallback                  0x08003321   Thumb Code     2  stm32f1xx_hal_tim.o(i.HAL_TIM_TriggerCallback)
    HAL_UART_ErrorCallback                   0x08003323   Thumb Code     2  stm32f1xx_hal_uart.o(i.HAL_UART_ErrorCallback)
    HAL_UART_IRQHandler                      0x08003325   Thumb Code   334  stm32f1xx_hal_uart.o(i.HAL_UART_IRQHandler)
    HAL_UART_Init                            0x08003479   Thumb Code   114  stm32f1xx_hal_uart.o(i.HAL_UART_Init)
    HAL_UART_MspInit                         0x080034ed   Thumb Code   168  usart.o(i.HAL_UART_MspInit)
    HAL_UART_Receive_IT                      0x080035a1   Thumb Code   112  stm32f1xx_hal_uart.o(i.HAL_UART_Receive_IT)
    HAL_UART_RxCpltCallback                  0x08003611   Thumb Code   134  usart.o(i.HAL_UART_RxCpltCallback)
    HAL_UART_TxCpltCallback                  0x080036ad   Thumb Code     2  stm32f1xx_hal_uart.o(i.HAL_UART_TxCpltCallback)
    HardFault_Handler                        0x080036af   Thumb Code     4  stm32f1xx_it.o(i.HardFault_Handler)
    MemManage_Handler                        0x080036b3   Thumb Code     4  stm32f1xx_it.o(i.MemManage_Handler)
    NMI_Handler                              0x080036b7   Thumb Code     2  stm32f1xx_it.o(i.NMI_Handler)
    RUF_X_demo                               0x080036e1   Thumb Code   104  ruf_x_demo.o(i.RUF_X_demo)
    RUF_X_exti_init                          0x08003779   Thumb Code    12  exti.o(i.RUF_X_exti_init)
    SPI_ISCRCErrorValid                      0x08003a11   Thumb Code     6  stm32f1xx_hal_spi.o(i.SPI_ISCRCErrorValid)
    SysTick_Handler                          0x08003af1   Thumb Code    20  delay.o(i.SysTick_Handler)
    SystemInit                               0x08003b05   Thumb Code     2  system_stm32f1xx.o(i.SystemInit)
    TIM6_IRQHandler                          0x08003b09   Thumb Code    10  btim.o(i.TIM6_IRQHandler)
    USART1_IRQHandler                        0x08003d69   Thumb Code    10  usart.o(i.USART1_IRQHandler)
    UsageFault_Handler                       0x08003d79   Thumb Code     4  stm32f1xx_it.o(i.UsageFault_Handler)
    __ARM_fpclassify                         0x08003d7d   Thumb Code    40  fpclassify.o(i.__ARM_fpclassify)
    _is_digit                                0x08003ddd   Thumb Code    14  __printf_wp.o(i._is_digit)
    _sys_exit                                0x08003deb   Thumb Code     4  usart.o(i._sys_exit)
    delay_init                               0x08003df1   Thumb Code    74  delay.o(i.delay_init)
    delay_ms                                 0x08003e41   Thumb Code    24  delay.o(i.delay_ms)
    delay_us                                 0x08003e59   Thumb Code    68  delay.o(i.delay_us)
    fputc                                    0x080040dd   Thumb Code    24  usart.o(i.fputc)
    key_exti_init                            0x080041c5   Thumb Code   274  exti.o(i.key_exti_init)
    key_init                                 0x080042ed   Thumb Code   226  key.o(i.key_init)
    lcd_clear                                0x080043dd   Thumb Code    42  lcd.o(i.lcd_clear)
    lcd_display_dir                          0x08004411   Thumb Code   360  lcd.o(i.lcd_display_dir)
    lcd_draw_point                           0x0800457d   Thumb Code    26  lcd.o(i.lcd_draw_point)
    lcd_ex_ili9341_reginit                   0x0800459d   Thumb Code   556  lcd.o(i.lcd_ex_ili9341_reginit)
    lcd_ex_ili9806_reginit                   0x080047c9   Thumb Code   832  lcd.o(i.lcd_ex_ili9806_reginit)
    lcd_ex_nt35310_reginit                   0x08004b09   Thumb Code  3826  lcd.o(i.lcd_ex_nt35310_reginit)
    lcd_ex_nt35510_reginit                   0x080059fb   Thumb Code  3836  lcd.o(i.lcd_ex_nt35510_reginit)
    lcd_ex_ssd1963_reginit                   0x080068f7   Thumb Code   366  lcd.o(i.lcd_ex_ssd1963_reginit)
    lcd_ex_st7789_reginit                    0x08006a65   Thumb Code   424  lcd.o(i.lcd_ex_st7789_reginit)
    lcd_ex_st7796_reginit                    0x08006c0d   Thumb Code   454  lcd.o(i.lcd_ex_st7796_reginit)
    lcd_init                                 0x08006dd5   Thumb Code  1120  lcd.o(i.lcd_init)
    lcd_scan_dir                             0x08007261   Thumb Code   568  lcd.o(i.lcd_scan_dir)
    lcd_set_cursor                           0x0800749d   Thumb Code   282  lcd.o(i.lcd_set_cursor)
    lcd_show_char                            0x080075bd   Thumb Code   294  lcd.o(i.lcd_show_char)
    lcd_show_string                          0x080076fd   Thumb Code   106  lcd.o(i.lcd_show_string)
    lcd_ssd_backlight_set                    0x08007769   Thumb Code    80  lcd.o(i.lcd_ssd_backlight_set)
    lcd_wr_data                              0x080077bd   Thumb Code    18  lcd.o(i.lcd_wr_data)
    lcd_wr_regno                             0x080077d5   Thumb Code    18  lcd.o(i.lcd_wr_regno)
    lcd_write_ram_prepare                    0x080077ed   Thumb Code    10  lcd.o(i.lcd_write_ram_prepare)
    lcd_write_reg                            0x08007801   Thumb Code    10  lcd.o(i.lcd_write_reg)
    led_init                                 0x08007811   Thumb Code   132  led.o(i.led_init)
    main                                     0x080078a1   Thumb Code    64  main.o(i.main)
    my_mem_init                              0x080078e1   Thumb Code    38  malloc.o(i.my_mem_init)
    my_mem_perused                           0x08007911   Thumb Code    56  malloc.o(i.my_mem_perused)
    my_mem_set                               0x08007951   Thumb Code    20  malloc.o(i.my_mem_set)
    pack48                                   0x08007965   Thumb Code    36  fakefpgatask.o(i.pack48)
    pvPortMalloc                             0x08008555   Thumb Code   306  heap_4.o(i.pvPortMalloc)
    pvTaskIncrementMutexHeldCount            0x080086e9   Thumb Code    26  tasks.o(i.pvTaskIncrementMutexHeldCount)
    pxPortInitialiseStack                    0x08008709   Thumb Code    30  port.o(i.pxPortInitialiseStack)
    sram_init                                0x08008b9d   Thumb Code   422  sram.o(i.sram_init)
    start_task                               0x08008d61   Thumb Code   136  ruf_x_demo.o(i.start_task)
    sys_stm32_clock_init                     0x08008e6d   Thumb Code    86  sys.o(i.sys_stm32_clock_init)
    usart_init                               0x08008f29   Thumb Code    44  usart.o(i.usart_init)
    uxListRemove                             0x08008f61   Thumb Code    40  list.o(i.uxListRemove)
    vAlgorithm_task                          0x08008f89   Thumb Code   124  algorithmtask.o(i.vAlgorithm_task)
    vDMA1_SPI1_Init                          0x08009011   Thumb Code    86  dma.o(i.vDMA1_SPI1_Init)
    vFakeFPGA_task                           0x08009075   Thumb Code   212  fakefpgatask.o(i.vFakeFPGA_task)
    vKeyFilter_task                          0x08009159   Thumb Code    62  keyfilertask.o(i.vKeyFilter_task)
    vListInitialise                          0x080091a1   Thumb Code    26  list.o(i.vListInitialise)
    vListInitialiseItem                      0x080091bb   Thumb Code     6  list.o(i.vListInitialiseItem)
    vListInsert                              0x080091c1   Thumb Code    52  list.o(i.vListInsert)
    vListInsertEnd                           0x080091f5   Thumb Code    24  list.o(i.vListInsertEnd)
    vPortEnterCritical                       0x0800920d   Thumb Code    68  port.o(i.vPortEnterCritical)
    vPortExitCritical                        0x080092a1   Thumb Code    48  port.o(i.vPortExitCritical)
    vPortFree                                0x0800931d   Thumb Code   130  heap_4.o(i.vPortFree)
    vPortSetupTimerInterrupt                 0x080093f5   Thumb Code    38  port.o(i.vPortSetupTimerInterrupt)
    vPortValidateInterruptPriority           0x08009421   Thumb Code    86  port.o(i.vPortValidateInterruptPriority)
    vQueueAddToRegistry                      0x080094cd   Thumb Code    84  queue.o(i.vQueueAddToRegistry)
    vQueueInit                               0x08009559   Thumb Code    80  ruf_x_demo.o(i.vQueueInit)
    vQueueWaitForMessageRestricted           0x080095e5   Thumb Code    74  queue.o(i.vQueueWaitForMessageRestricted)
    vSPI1_init                               0x08009631   Thumb Code   136  spi.o(i.vSPI1_init)
    vSPI_Rx_task                             0x080096cd   Thumb Code    94  spi_rxtask.o(i.vSPI_Rx_task)
    vSemaphoreInit                           0x08009745   Thumb Code   118  ruf_x_demo.o(i.vSemaphoreInit)
    vShow_UI_task                            0x080097fd   Thumb Code   108  show_ui.o(i.vShow_UI_task)
    vTaskDelay                               0x080098a5   Thumb Code    72  tasks.o(i.vTaskDelay)
    vTaskDelete                              0x08009929   Thumb Code   200  tasks.o(i.vTaskDelete)
    vTaskInternalSetTimeOutState             0x08009a4d   Thumb Code    14  tasks.o(i.vTaskInternalSetTimeOutState)
    vTaskMissedYield                         0x08009a65   Thumb Code     8  tasks.o(i.vTaskMissedYield)
    vTaskPlaceOnEventList                    0x08009a71   Thumb Code    42  tasks.o(i.vTaskPlaceOnEventList)
    vTaskPlaceOnEventListRestricted          0x08009ad5   Thumb Code    84  tasks.o(i.vTaskPlaceOnEventListRestricted)
    vTaskPriorityDisinheritAfterTimeout      0x08009b61   Thumb Code   248  tasks.o(i.vTaskPriorityDisinheritAfterTimeout)
    vTaskStartScheduler                      0x08009c99   Thumb Code   112  tasks.o(i.vTaskStartScheduler)
    vTaskSuspendAll                          0x08009d5d   Thumb Code    12  tasks.o(i.vTaskSuspendAll)
    vTaskSwitchContext                       0x08009d6d   Thumb Code   110  tasks.o(i.vTaskSwitchContext)
    xPortStartScheduler                      0x08009ef9   Thumb Code   240  port.o(i.xPortStartScheduler)
    xPortSysTickHandler                      0x0800a045   Thumb Code    46  port.o(i.xPortSysTickHandler)
    xQueueGenericCreate                      0x0800a079   Thumb Code    92  queue.o(i.xQueueGenericCreate)
    xQueueGenericReset                       0x0800a109   Thumb Code   194  queue.o(i.xQueueGenericReset)
    xQueueGenericSend                        0x0800a205   Thumb Code   426  queue.o(i.xQueueGenericSend)
    xQueueGiveFromISR                        0x0800a3e9   Thumb Code   240  queue.o(i.xQueueGiveFromISR)
    xQueueReceive                            0x0800a50d   Thumb Code   326  queue.o(i.xQueueReceive)
    xQueueSemaphoreTake                      0x0800a68d   Thumb Code   394  queue.o(i.xQueueSemaphoreTake)
    xTaskCheckForTimeOut                     0x0800a851   Thumb Code   140  tasks.o(i.xTaskCheckForTimeOut)
    xTaskCreate                              0x0800a91d   Thumb Code    96  tasks.o(i.xTaskCreate)
    xTaskGetSchedulerState                   0x0800a97d   Thumb Code    24  tasks.o(i.xTaskGetSchedulerState)
    xTaskGetTickCount                        0x0800a99d   Thumb Code     6  tasks.o(i.xTaskGetTickCount)
    xTaskIncrementTick                       0x0800a9a9   Thumb Code   390  tasks.o(i.xTaskIncrementTick)
    xTaskPriorityDisinherit                  0x0800ab91   Thumb Code   206  tasks.o(i.xTaskPriorityDisinherit)
    xTaskPriorityInherit                     0x0800aca1   Thumb Code   224  tasks.o(i.xTaskPriorityInherit)
    xTaskRemoveFromEventList                 0x0800ad8d   Thumb Code   254  tasks.o(i.xTaskRemoveFromEventList)
    xTaskResumeAll                           0x0800aed9   Thumb Code   328  tasks.o(i.xTaskResumeAll)
    xTimerCreateTimerTask                    0x0800b079   Thumb Code    56  timers.o(i.xTimerCreateTimerTask)
    _get_lc_numeric                          0x0800b0f9   Thumb Code    44  lc_numeric_c.o(locale$$code)
    __aeabi_d2f                              0x0800b125   Thumb Code     0  d2f.o(x$fpl$d2f)
    _d2f                                     0x0800b125   Thumb Code    98  d2f.o(x$fpl$d2f)
    __aeabi_dadd                             0x0800b189   Thumb Code     0  daddsub_clz.o(x$fpl$dadd)
    _dadd                                    0x0800b189   Thumb Code   332  daddsub_clz.o(x$fpl$dadd)
    __fpl_dcmp_Inf                           0x0800b2d9   Thumb Code    24  dcmpi.o(x$fpl$dcmpinf)
    __aeabi_ddiv                             0x0800b2f1   Thumb Code     0  ddiv.o(x$fpl$ddiv)
    _ddiv                                    0x0800b2f1   Thumb Code   552  ddiv.o(x$fpl$ddiv)
    __aeabi_cdcmpeq                          0x0800b5a1   Thumb Code     0  deqf.o(x$fpl$deqf)
    _dcmpeq                                  0x0800b5a1   Thumb Code   120  deqf.o(x$fpl$deqf)
    __aeabi_d2uiz                            0x0800b619   Thumb Code     0  dfixu.o(x$fpl$dfixu)
    _dfixu                                   0x0800b619   Thumb Code    90  dfixu.o(x$fpl$dfixu)
    __aeabi_l2d                              0x0800b675   Thumb Code     0  dfltll_clz.o(x$fpl$dfltll)
    _ll_sto_d                                0x0800b675   Thumb Code   162  dfltll_clz.o(x$fpl$dfltll)
    __aeabi_ui2d                             0x0800b717   Thumb Code     0  dflt_clz.o(x$fpl$dfltu)
    _dfltu                                   0x0800b717   Thumb Code    38  dflt_clz.o(x$fpl$dfltu)
    __aeabi_cdcmple                          0x0800b73d   Thumb Code     0  dleqf.o(x$fpl$dleqf)
    _dcmple                                  0x0800b73d   Thumb Code   120  dleqf.o(x$fpl$dleqf)
    __fpl_dcmple_InfNaN                      0x0800b79f   Thumb Code     0  dleqf.o(x$fpl$dleqf)
    __aeabi_dmul                             0x0800b7b5   Thumb Code     0  dmul.o(x$fpl$dmul)
    _dmul                                    0x0800b7b5   Thumb Code   332  dmul.o(x$fpl$dmul)
    __fpl_dnaninf                            0x0800b909   Thumb Code   156  dnaninf.o(x$fpl$dnaninf)
    __fpl_dretinf                            0x0800b9a5   Thumb Code    12  dretinf.o(x$fpl$dretinf)
    __aeabi_cdrcmple                         0x0800b9b1   Thumb Code     0  drleqf.o(x$fpl$drleqf)
    _drcmple                                 0x0800b9b1   Thumb Code   108  drleqf.o(x$fpl$drleqf)
    __aeabi_drsub                            0x0800ba1d   Thumb Code     0  daddsub_clz.o(x$fpl$drsb)
    _drsb                                    0x0800ba1d   Thumb Code    22  daddsub_clz.o(x$fpl$drsb)
    __aeabi_dsub                             0x0800ba35   Thumb Code     0  daddsub_clz.o(x$fpl$dsub)
    _dsub                                    0x0800ba35   Thumb Code   464  daddsub_clz.o(x$fpl$dsub)
    __aeabi_f2d                              0x0800bc09   Thumb Code     0  f2d.o(x$fpl$f2d)
    _f2d                                     0x0800bc09   Thumb Code    86  f2d.o(x$fpl$f2d)
    __aeabi_fadd                             0x0800bc61   Thumb Code     0  faddsub_clz.o(x$fpl$fadd)
    _fadd                                    0x0800bc61   Thumb Code   196  faddsub_clz.o(x$fpl$fadd)
    __fpl_fcmp_Inf                           0x0800bd25   Thumb Code    24  fcmpi.o(x$fpl$fcmpinf)
    __aeabi_fdiv                             0x0800bd3d   Thumb Code     0  fdiv.o(x$fpl$fdiv)
    _fdiv                                    0x0800bd3d   Thumb Code   384  fdiv.o(x$fpl$fdiv)
    __aeabi_ui2f                             0x0800bec1   Thumb Code     0  fflt_clz.o(x$fpl$ffltu)
    _ffltu                                   0x0800bec1   Thumb Code    38  fflt_clz.o(x$fpl$ffltu)
    __aeabi_cfcmple                          0x0800bee9   Thumb Code     0  fleqf.o(x$fpl$fleqf)
    _fcmple                                  0x0800bee9   Thumb Code   104  fleqf.o(x$fpl$fleqf)
    __fpl_fcmple_InfNaN                      0x0800bf3b   Thumb Code     0  fleqf.o(x$fpl$fleqf)
    __aeabi_fmul                             0x0800bf51   Thumb Code     0  fmul.o(x$fpl$fmul)
    _fmul                                    0x0800bf51   Thumb Code   258  fmul.o(x$fpl$fmul)
    __fpl_fnaninf                            0x0800c053   Thumb Code   140  fnaninf.o(x$fpl$fnaninf)
    __fpl_fretinf                            0x0800c0df   Thumb Code    10  fretinf.o(x$fpl$fretinf)
    __aeabi_cfrcmple                         0x0800c0e9   Thumb Code     0  frleqf.o(x$fpl$frleqf)
    _frcmple                                 0x0800c0e9   Thumb Code    98  frleqf.o(x$fpl$frleqf)
    __aeabi_frsub                            0x0800c14b   Thumb Code     0  faddsub_clz.o(x$fpl$frsb)
    _frsb                                    0x0800c14b   Thumb Code    20  faddsub_clz.o(x$fpl$frsb)
    __aeabi_fsub                             0x0800c161   Thumb Code     0  faddsub_clz.o(x$fpl$fsub)
    _fsub                                    0x0800c161   Thumb Code   234  faddsub_clz.o(x$fpl$fsub)
    _printf_fp_dec                           0x0800c24b   Thumb Code     4  printf1.o(x$fpl$printf1)
    AHBPrescTable                            0x0800c24e   Data          16  system_stm32f1xx.o(.constdata)
    __I$use$fp                               0x0800c24e   Number         0  usenofp.o(x$fpl$usenofp)
    APBPrescTable                            0x0800c25e   Data           8  system_stm32f1xx.o(.constdata)
    asc2_1206                                0x0800c266   Data        1140  lcd.o(.constdata)
    asc2_1608                                0x0800c6da   Data        1520  lcd.o(.constdata)
    asc2_2412                                0x0800ccca   Data        3420  lcd.o(.constdata)
    asc2_3216                                0x0800da26   Data        6080  lcd.o(.constdata)
    memtblsize                               0x0800f1e8   Data           8  malloc.o(.constdata)
    memblksize                               0x0800f1f0   Data           8  malloc.o(.constdata)
    memsize                                  0x0800f1f8   Data           8  malloc.o(.constdata)
    Region$$Table$$Base                      0x0800f2bc   Number         0  anon$$obj.o(Region$$Table)
    Region$$Table$$Limit                     0x0800f2dc   Number         0  anon$$obj.o(Region$$Table)
    SystemCoreClock                          0x20000000   Data           4  system_stm32f1xx.o(.data)
    xSPI_RxTask_Handler                      0x20000008   Data           4  ruf_x_demo.o(.data)
    xAlgorithmTask_Handler                   0x2000000c   Data           4  ruf_x_demo.o(.data)
    xShowUITask_Handler                      0x20000010   Data           4  ruf_x_demo.o(.data)
    xKeyFilterTask_Handler                   0x20000014   Data           4  ruf_x_demo.o(.data)
    xStartTask_Handler                       0x20000018   Data           4  ruf_x_demo.o(.data)
    xFakeFPGA_Task_Handler                   0x2000001c   Data           4  ruf_x_demo.o(.data)
    sKeyFlag                                 0x20000020   Data           2  ruf_x_demo.o(.data)
    xSem_key_Filter                          0x20000024   Data           4  ruf_x_demo.o(.data)
    xSem_FPGA_INT                            0x20000028   Data           4  ruf_x_demo.o(.data)
    xSem_SPI_Rx_Done                         0x2000002c   Data           4  ruf_x_demo.o(.data)
    xQueue_Rx_Index_Buf                      0x20000030   Data           4  ruf_x_demo.o(.data)
    xQueue_AlgoOut                           0x20000034   Data           4  ruf_x_demo.o(.data)
    lcd_discolor                             0x20000038   Data          22  ruf_x_demo.o(.data)
    __stdout                                 0x20000284   Data           4  usart.o(.data)
    g_usart_rx_sta                           0x20000288   Data           2  usart.o(.data)
    g_rx_buffer                              0x2000028a   Data           1  usart.o(.data)
    uwTick                                   0x2000028c   Data           4  stm32f1xx_hal.o(.data)
    uwTickPrio                               0x20000290   Data           4  stm32f1xx_hal.o(.data)
    uwTickFreq                               0x20000294   Data           1  stm32f1xx_hal.o(.data)
    g_point_color                            0x20000298   Data           4  lcd.o(.data)
    g_back_color                             0x2000029c   Data           4  lcd.o(.data)
    mallco_dev                               0x200002a0   Data          28  malloc.o(.data)
    pxCurrentTCB                             0x200002bc   Data           4  tasks.o(.data)
    uxTopUsedPriority                        0x200002f4   Data           4  tasks.o(.data)
    Rx_Index_Buf                             0x2000033c   Data          22  spi_rxtask.o(.bss)
    hspi1                                    0x20000354   Data          88  spi.o(.bss)
    hdma_spi1_rx                             0x200003ac   Data          68  dma.o(.bss)
    g_usart_rx_buf                           0x200003f0   Data         200  usart.o(.bss)
    g_uart1_handle                           0x200004b8   Data          64  usart.o(.bss)
    g_sram_handle                            0x200004f8   Data          72  lcd.o(.bss)
    lcddev                                   0x20000540   Data          14  lcd.o(.bss)
    g_sram_handler                           0x20000550   Data          72  sram.o(.bss)
    g_timx_handle                            0x20000598   Data          72  btim.o(.bss)
    xQueueRegistry                           0x20008580   Data          64  queue.o(.bss)
    __libspace_start                         0x2000d8cc   Data          96  libspace.o(.bss)
    __temporary_stack_top$libspace           0x2000d92c   Data           0  libspace.o(.bss)



==============================================================================

Memory Map of the image

  Image Entry point : 0x08000131

  Load Region LR_IROM1 (Base: 0x08000000, Size: 0x0000f634, Max: 0x00080000, ABSOLUTE, COMPRESSED[0x0000f358])

    Execution Region ER_IROM1 (Exec base: 0x08000000, Load base: 0x08000000, Size: 0x0000f2f8, Max: 0x00080000, ABSOLUTE)

    Exec Addr    Load Addr    Size         Type   Attr      Idx    E Section Name        Object

    0x08000000   0x08000000   0x00000130   Data   RO            3    RESET               startup_stm32f103xe.o
    0x08000130   0x08000130   0x00000008   Code   RO         6087  * !!!main             c_w.l(__main.o)
    0x08000138   0x08000138   0x00000034   Code   RO         6378    !!!scatter          c_w.l(__scatter.o)
    0x0800016c   0x0800016c   0x0000003a   Code   RO         6376    !!dczerorl          c_w.l(__dczerorl.o)
    0x080001a6   0x080001a6   0x00000002   PAD
    0x080001a8   0x080001a8   0x0000001c   Code   RO         6380    !!handler_zi        c_w.l(__scatter_zi.o)
    0x080001c4   0x080001c4   0x00000000   Code   RO         6070    .ARM.Collect$$_printf_percent$$00000000  c_w.l(_printf_percent.o)
    0x080001c4   0x080001c4   0x00000006   Code   RO         6069    .ARM.Collect$$_printf_percent$$00000003  c_w.l(_printf_f.o)
    0x080001ca   0x080001ca   0x00000006   Code   RO         6067    .ARM.Collect$$_printf_percent$$00000009  c_w.l(_printf_d.o)
    0x080001d0   0x080001d0   0x00000006   Code   RO         6066    .ARM.Collect$$_printf_percent$$0000000C  c_w.l(_printf_x.o)
    0x080001d6   0x080001d6   0x00000006   Code   RO         6065    .ARM.Collect$$_printf_percent$$00000014  c_w.l(_printf_s.o)
    0x080001dc   0x080001dc   0x00000004   Code   RO         6164    .ARM.Collect$$_printf_percent$$00000017  c_w.l(_printf_percent_end.o)
    0x080001e0   0x080001e0   0x00000002   Code   RO         6256    .ARM.Collect$$libinit$$00000000  c_w.l(libinit.o)
    0x080001e2   0x080001e2   0x00000000   Code   RO         6258    .ARM.Collect$$libinit$$00000002  c_w.l(libinit2.o)
    0x080001e2   0x080001e2   0x00000000   Code   RO         6260    .ARM.Collect$$libinit$$00000004  c_w.l(libinit2.o)
    0x080001e2   0x080001e2   0x00000000   Code   RO         6263    .ARM.Collect$$libinit$$0000000A  c_w.l(libinit2.o)
    0x080001e2   0x080001e2   0x00000000   Code   RO         6265    .ARM.Collect$$libinit$$0000000C  c_w.l(libinit2.o)
    0x080001e2   0x080001e2   0x00000000   Code   RO         6267    .ARM.Collect$$libinit$$0000000E  c_w.l(libinit2.o)
    0x080001e2   0x080001e2   0x00000006   Code   RO         6268    .ARM.Collect$$libinit$$0000000F  c_w.l(libinit2.o)
    0x080001e8   0x080001e8   0x00000000   Code   RO         6270    .ARM.Collect$$libinit$$00000011  c_w.l(libinit2.o)
    0x080001e8   0x080001e8   0x00000000   Code   RO         6272    .ARM.Collect$$libinit$$00000013  c_w.l(libinit2.o)
    0x080001e8   0x080001e8   0x00000000   Code   RO         6274    .ARM.Collect$$libinit$$00000015  c_w.l(libinit2.o)
    0x080001e8   0x080001e8   0x0000000a   Code   RO         6275    .ARM.Collect$$libinit$$00000016  c_w.l(libinit2.o)
    0x080001f2   0x080001f2   0x00000000   Code   RO         6276    .ARM.Collect$$libinit$$00000017  c_w.l(libinit2.o)
    0x080001f2   0x080001f2   0x00000000   Code   RO         6278    .ARM.Collect$$libinit$$00000019  c_w.l(libinit2.o)
    0x080001f2   0x080001f2   0x00000000   Code   RO         6280    .ARM.Collect$$libinit$$0000001B  c_w.l(libinit2.o)
    0x080001f2   0x080001f2   0x00000000   Code   RO         6282    .ARM.Collect$$libinit$$0000001D  c_w.l(libinit2.o)
    0x080001f2   0x080001f2   0x00000000   Code   RO         6284    .ARM.Collect$$libinit$$0000001F  c_w.l(libinit2.o)
    0x080001f2   0x080001f2   0x00000000   Code   RO         6286    .ARM.Collect$$libinit$$00000021  c_w.l(libinit2.o)
    0x080001f2   0x080001f2   0x00000000   Code   RO         6288    .ARM.Collect$$libinit$$00000023  c_w.l(libinit2.o)
    0x080001f2   0x080001f2   0x00000000   Code   RO         6290    .ARM.Collect$$libinit$$00000025  c_w.l(libinit2.o)
    0x080001f2   0x080001f2   0x00000000   Code   RO         6294    .ARM.Collect$$libinit$$0000002C  c_w.l(libinit2.o)
    0x080001f2   0x080001f2   0x00000000   Code   RO         6296    .ARM.Collect$$libinit$$0000002E  c_w.l(libinit2.o)
    0x080001f2   0x080001f2   0x00000000   Code   RO         6298    .ARM.Collect$$libinit$$00000030  c_w.l(libinit2.o)
    0x080001f2   0x080001f2   0x00000000   Code   RO         6300    .ARM.Collect$$libinit$$00000032  c_w.l(libinit2.o)
    0x080001f2   0x080001f2   0x00000002   Code   RO         6301    .ARM.Collect$$libinit$$00000033  c_w.l(libinit2.o)
    0x080001f4   0x080001f4   0x00000002   Code   RO         6327    .ARM.Collect$$libshutdown$$00000000  c_w.l(libshutdown.o)
    0x080001f6   0x080001f6   0x00000000   Code   RO         6335    .ARM.Collect$$libshutdown$$00000002  c_w.l(libshutdown2.o)
    0x080001f6   0x080001f6   0x00000000   Code   RO         6337    .ARM.Collect$$libshutdown$$00000004  c_w.l(libshutdown2.o)
    0x080001f6   0x080001f6   0x00000000   Code   RO         6339    .ARM.Collect$$libshutdown$$00000006  c_w.l(libshutdown2.o)
    0x080001f6   0x080001f6   0x00000000   Code   RO         6342    .ARM.Collect$$libshutdown$$00000009  c_w.l(libshutdown2.o)
    0x080001f6   0x080001f6   0x00000000   Code   RO         6345    .ARM.Collect$$libshutdown$$0000000C  c_w.l(libshutdown2.o)
    0x080001f6   0x080001f6   0x00000000   Code   RO         6347    .ARM.Collect$$libshutdown$$0000000E  c_w.l(libshutdown2.o)
    0x080001f6   0x080001f6   0x00000000   Code   RO         6350    .ARM.Collect$$libshutdown$$00000011  c_w.l(libshutdown2.o)
    0x080001f6   0x080001f6   0x00000002   Code   RO         6351    .ARM.Collect$$libshutdown$$00000012  c_w.l(libshutdown2.o)
    0x080001f8   0x080001f8   0x00000000   Code   RO         6151    .ARM.Collect$$rtentry$$00000000  c_w.l(__rtentry.o)
    0x080001f8   0x080001f8   0x00000000   Code   RO         6181    .ARM.Collect$$rtentry$$00000002  c_w.l(__rtentry2.o)
    0x080001f8   0x080001f8   0x00000006   Code   RO         6193    .ARM.Collect$$rtentry$$00000004  c_w.l(__rtentry4.o)
    0x080001fe   0x080001fe   0x00000000   Code   RO         6183    .ARM.Collect$$rtentry$$00000009  c_w.l(__rtentry2.o)
    0x080001fe   0x080001fe   0x00000004   Code   RO         6184    .ARM.Collect$$rtentry$$0000000A  c_w.l(__rtentry2.o)
    0x08000202   0x08000202   0x00000000   Code   RO         6186    .ARM.Collect$$rtentry$$0000000C  c_w.l(__rtentry2.o)
    0x08000202   0x08000202   0x00000008   Code   RO         6187    .ARM.Collect$$rtentry$$0000000D  c_w.l(__rtentry2.o)
    0x0800020a   0x0800020a   0x00000002   Code   RO         6302    .ARM.Collect$$rtexit$$00000000  c_w.l(rtexit.o)
    0x0800020c   0x0800020c   0x00000000   Code   RO         6309    .ARM.Collect$$rtexit$$00000002  c_w.l(rtexit2.o)
    0x0800020c   0x0800020c   0x00000004   Code   RO         6310    .ARM.Collect$$rtexit$$00000003  c_w.l(rtexit2.o)
    0x08000210   0x08000210   0x00000006   Code   RO         6311    .ARM.Collect$$rtexit$$00000004  c_w.l(rtexit2.o)
    0x08000216   0x08000216   0x00000002   PAD
    0x08000218   0x08000218   0x00000096   Code   RO         5919    .emb_text           port.o
    0x080002ae   0x080002ae   0x00000002   PAD
    0x080002b0   0x080002b0   0x00000040   Code   RO            4    .text               startup_stm32f103xe.o
    0x080002f0   0x080002f0   0x00000002   Code   RO         6007    .text               c_w.l(use_no_semi_2.o)
    0x080002f2   0x080002f2   0x00000002   PAD
    0x080002f4   0x080002f4   0x00000018   Code   RO         6013    .text               c_w.l(noretval__2printf.o)
    0x0800030c   0x0800030c   0x00000052   Code   RO         6019    .text               c_w.l(_printf_str.o)
    0x0800035e   0x0800035e   0x00000002   PAD
    0x08000360   0x08000360   0x00000078   Code   RO         6021    .text               c_w.l(_printf_dec.o)
    0x080003d8   0x080003d8   0x00000058   Code   RO         6026    .text               c_w.l(_printf_hex_int.o)
    0x08000430   0x08000430   0x00000160   Code   RO         6059    .text               c_w.l(__printf_ss_wp.o)
    0x08000590   0x08000590   0x0000008a   Code   RO         6075    .text               c_w.l(rt_memcpy_v6.o)
    0x0800061a   0x0800061a   0x00000064   Code   RO         6077    .text               c_w.l(rt_memcpy_w.o)
    0x0800067e   0x0800067e   0x00000010   Code   RO         6081    .text               c_w.l(aeabi_memset.o)
    0x0800068e   0x0800068e   0x0000004e   Code   RO         6083    .text               c_w.l(rt_memclr_w.o)
    0x080006dc   0x080006dc   0x00000006   Code   RO         6085    .text               c_w.l(heapauxi.o)
    0x080006e2   0x080006e2   0x00000002   Code   RO         6149    .text               c_w.l(use_no_semi.o)
    0x080006e4   0x080006e4   0x000000b2   Code   RO         6152    .text               c_w.l(_printf_intcommon.o)
    0x08000796   0x08000796   0x0000041e   Code   RO         6154    .text               c_w.l(_printf_fp_dec.o)
    0x08000bb4   0x08000bb4   0x00000030   Code   RO         6156    .text               c_w.l(_printf_char_common.o)
    0x08000be4   0x08000be4   0x0000002c   Code   RO         6160    .text               c_w.l(_printf_char.o)
    0x08000c10   0x08000c10   0x00000024   Code   RO         6162    .text               c_w.l(_printf_char_file.o)
    0x08000c34   0x08000c34   0x00000044   Code   RO         6165    .text               c_w.l(rt_memclr.o)
    0x08000c78   0x08000c78   0x00000008   Code   RO         6198    .text               c_w.l(rt_locale_intlibspace.o)
    0x08000c80   0x08000c80   0x0000008a   Code   RO         6200    .text               c_w.l(lludiv10.o)
    0x08000d0a   0x08000d0a   0x00000002   PAD
    0x08000d0c   0x08000d0c   0x00000080   Code   RO         6202    .text               c_w.l(_printf_fp_infnan.o)
    0x08000d8c   0x08000d8c   0x000000e4   Code   RO         6206    .text               c_w.l(bigflt0.o)
    0x08000e70   0x08000e70   0x00000008   Code   RO         6231    .text               c_w.l(ferror.o)
    0x08000e78   0x08000e78   0x00000008   Code   RO         6242    .text               c_w.l(libspace.o)
    0x08000e80   0x08000e80   0x0000004a   Code   RO         6245    .text               c_w.l(sys_stackheap_outer.o)
    0x08000eca   0x08000eca   0x00000012   Code   RO         6247    .text               c_w.l(exit.o)
    0x08000edc   0x08000edc   0x00000080   Code   RO         6249    .text               c_w.l(strcmpv7m.o)
    0x08000f5c   0x08000f5c   0x0000003e   Code   RO         6209    CL$$btod_d2e        c_w.l(btod.o)
    0x08000f9a   0x08000f9a   0x00000046   Code   RO         6211    CL$$btod_d2e_denorm_low  c_w.l(btod.o)
    0x08000fe0   0x08000fe0   0x00000060   Code   RO         6210    CL$$btod_d2e_norm_op1  c_w.l(btod.o)
    0x08001040   0x08001040   0x00000338   Code   RO         6219    CL$$btod_div_common  c_w.l(btod.o)
    0x08001378   0x08001378   0x000000dc   Code   RO         6216    CL$$btod_e2e        c_w.l(btod.o)
    0x08001454   0x08001454   0x0000002a   Code   RO         6213    CL$$btod_ediv       c_w.l(btod.o)
    0x0800147e   0x0800147e   0x0000002a   Code   RO         6212    CL$$btod_emul       c_w.l(btod.o)
    0x080014a8   0x080014a8   0x00000244   Code   RO         6218    CL$$btod_mult_common  c_w.l(btod.o)
    0x080016ec   0x080016ec   0x00000004   Code   RO          321    i.BusFault_Handler  stm32f1xx_it.o
    0x080016f0   0x080016f0   0x00000010   Code   RO          948    i.DMA1_Channel2_IRQHandler  dma.o
    0x08001700   0x08001700   0x0000002c   Code   RO         1471    i.DMA_SetConfig     stm32f1xx_hal_dma.o
    0x0800172c   0x0800172c   0x00000002   Code   RO          322    i.DebugMon_Handler  stm32f1xx_it.o
    0x0800172e   0x0800172e   0x00000002   PAD
    0x08001730   0x08001730   0x00000014   Code   RO          872    i.EXTI0_IRQHandler  exti.o
    0x08001744   0x08001744   0x00000014   Code   RO          873    i.EXTI2_IRQHandler  exti.o
    0x08001758   0x08001758   0x00000014   Code   RO          874    i.EXTI3_IRQHandler  exti.o
    0x0800176c   0x0800176c   0x00000014   Code   RO          875    i.EXTI4_IRQHandler  exti.o
    0x08001780   0x08001780   0x00000058   Code   RO          876    i.FPGA_INT_exti_init  exti.o
    0x080017d8   0x080017d8   0x00000044   Code   RO         2676    i.FSMC_NORSRAM_Extended_Timing_Init  stm32f1xx_ll_fsmc.o
    0x0800181c   0x0800181c   0x00000078   Code   RO         2677    i.FSMC_NORSRAM_Init  stm32f1xx_ll_fsmc.o
    0x08001894   0x08001894   0x00000042   Code   RO         2678    i.FSMC_NORSRAM_Timing_Init  stm32f1xx_ll_fsmc.o
    0x080018d6   0x080018d6   0x00000002   PAD
    0x080018d8   0x080018d8   0x000001a8   Code   RO         1473    i.HAL_DMA_Abort_IT  stm32f1xx_hal_dma.o
    0x08001a80   0x08001a80   0x00000398   Code   RO         1477    i.HAL_DMA_IRQHandler  stm32f1xx_hal_dma.o
    0x08001e18   0x08001e18   0x0000008c   Code   RO         1478    i.HAL_DMA_Init      stm32f1xx_hal_dma.o
    0x08001ea4   0x08001ea4   0x0000009c   Code   RO         1482    i.HAL_DMA_Start_IT  stm32f1xx_hal_dma.o
    0x08001f40   0x08001f40   0x00000058   Code   RO          877    i.HAL_GPIO_EXTI_Callback  exti.o
    0x08001f98   0x08001f98   0x0000001c   Code   RO         1568    i.HAL_GPIO_EXTI_IRQHandler  stm32f1xx_hal_gpio.o
    0x08001fb4   0x08001fb4   0x00000340   Code   RO         1569    i.HAL_GPIO_Init     stm32f1xx_hal_gpio.o
    0x080022f4   0x080022f4   0x00000014   Code   RO         1572    i.HAL_GPIO_TogglePin  stm32f1xx_hal_gpio.o
    0x08002308   0x08002308   0x0000000c   Code   RO         1573    i.HAL_GPIO_WritePin  stm32f1xx_hal_gpio.o
    0x08002314   0x08002314   0x0000000c   Code   RO         1186    i.HAL_GetTick       stm32f1xx_hal.o
    0x08002320   0x08002320   0x00000018   Code   RO         1192    i.HAL_IncTick       stm32f1xx_hal.o
    0x08002338   0x08002338   0x00000028   Code   RO         1193    i.HAL_Init          stm32f1xx_hal.o
    0x08002360   0x08002360   0x0000004c   Code   RO         1194    i.HAL_InitTick      stm32f1xx_hal.o
    0x080023ac   0x080023ac   0x00000002   Code   RO         1196    i.HAL_MspInit       stm32f1xx_hal.o
    0x080023ae   0x080023ae   0x00000020   Code   RO         1351    i.HAL_NVIC_EnableIRQ  stm32f1xx_hal_cortex.o
    0x080023ce   0x080023ce   0x0000007c   Code   RO         1357    i.HAL_NVIC_SetPriority  stm32f1xx_hal_cortex.o
    0x0800244a   0x0800244a   0x00000002   PAD
    0x0800244c   0x0800244c   0x00000028   Code   RO         1358    i.HAL_NVIC_SetPriorityGrouping  stm32f1xx_hal_cortex.o
    0x08002474   0x08002474   0x0000018c   Code   RO         1794    i.HAL_RCC_ClockConfig  stm32f1xx_hal_rcc.o
    0x08002600   0x08002600   0x0000000c   Code   RO         1799    i.HAL_RCC_GetHCLKFreq  stm32f1xx_hal_rcc.o
    0x0800260c   0x0800260c   0x00000020   Code   RO         1801    i.HAL_RCC_GetPCLK1Freq  stm32f1xx_hal_rcc.o
    0x0800262c   0x0800262c   0x00000020   Code   RO         1802    i.HAL_RCC_GetPCLK2Freq  stm32f1xx_hal_rcc.o
    0x0800264c   0x0800264c   0x00000094   Code   RO         1803    i.HAL_RCC_GetSysClockFreq  stm32f1xx_hal_rcc.o
    0x080026e0   0x080026e0   0x00000464   Code   RO         1806    i.HAL_RCC_OscConfig  stm32f1xx_hal_rcc.o
    0x08002b44   0x08002b44   0x00000002   Code   RO         3785    i.HAL_SPI_ErrorCallback  stm32f1xx_hal_spi.o
    0x08002b46   0x08002b46   0x000000d4   Code   RO         3789    i.HAL_SPI_Init      stm32f1xx_hal_spi.o
    0x08002c1a   0x08002c1a   0x00000002   PAD
    0x08002c1c   0x08002c1c   0x000000d4   Code   RO          820    i.HAL_SPI_MspInit   spi.o
    0x08002cf0   0x08002cf0   0x00000140   Code   RO         3793    i.HAL_SPI_Receive_DMA  stm32f1xx_hal_spi.o
    0x08002e30   0x08002e30   0x00000044   Code   RO          821    i.HAL_SPI_RxCpltCallback  spi.o
    0x08002e74   0x08002e74   0x00000002   Code   RO         3796    i.HAL_SPI_RxHalfCpltCallback  stm32f1xx_hal_spi.o
    0x08002e76   0x08002e76   0x00000002   PAD
    0x08002e78   0x08002e78   0x00000190   Code   RO         3799    i.HAL_SPI_TransmitReceive_DMA  stm32f1xx_hal_spi.o
    0x08003008   0x08003008   0x00000002   Code   RO         3805    i.HAL_SPI_TxRxCpltCallback  stm32f1xx_hal_spi.o
    0x0800300a   0x0800300a   0x00000002   Code   RO         3806    i.HAL_SPI_TxRxHalfCpltCallback  stm32f1xx_hal_spi.o
    0x0800300c   0x0800300c   0x00000066   Code   RO         2537    i.HAL_SRAM_Init     stm32f1xx_hal_sram.o
    0x08003072   0x08003072   0x00000002   PAD
    0x08003074   0x08003074   0x00000090   Code   RO         4150    i.HAL_SRAM_MspInit  lcd.o
    0x08003104   0x08003104   0x00000028   Code   RO         1360    i.HAL_SYSTICK_CLKSourceConfig  stm32f1xx_hal_cortex.o
    0x0800312c   0x0800312c   0x00000034   Code   RO         1362    i.HAL_SYSTICK_Config  stm32f1xx_hal_cortex.o
    0x08003160   0x08003160   0x00000002   Code   RO         3511    i.HAL_TIMEx_BreakCallback  stm32f1xx_hal_tim_ex.o
    0x08003162   0x08003162   0x00000002   Code   RO         3512    i.HAL_TIMEx_CommutCallback  stm32f1xx_hal_tim_ex.o
    0x08003164   0x08003164   0x00000002   Code   RO         2830    i.HAL_TIM_IC_CaptureCallback  stm32f1xx_hal_tim.o
    0x08003166   0x08003166   0x00000196   Code   RO         2844    i.HAL_TIM_IRQHandler  stm32f1xx_hal_tim.o
    0x080032fc   0x080032fc   0x00000002   Code   RO         2847    i.HAL_TIM_OC_DelayElapsedCallback  stm32f1xx_hal_tim.o
    0x080032fe   0x080032fe   0x00000002   Code   RO         2874    i.HAL_TIM_PWM_PulseFinishedCallback  stm32f1xx_hal_tim.o
    0x08003300   0x08003300   0x00000020   Code   RO         4496    i.HAL_TIM_PeriodElapsedCallback  btim.o
    0x08003320   0x08003320   0x00000002   Code   RO         2887    i.HAL_TIM_TriggerCallback  stm32f1xx_hal_tim.o
    0x08003322   0x08003322   0x00000002   Code   RO         1957    i.HAL_UART_ErrorCallback  stm32f1xx_hal_uart.o
    0x08003324   0x08003324   0x00000154   Code   RO         1960    i.HAL_UART_IRQHandler  stm32f1xx_hal_uart.o
    0x08003478   0x08003478   0x00000072   Code   RO         1961    i.HAL_UART_Init     stm32f1xx_hal_uart.o
    0x080034ea   0x080034ea   0x00000002   PAD
    0x080034ec   0x080034ec   0x000000b4   Code   RO         1098    i.HAL_UART_MspInit  usart.o
    0x080035a0   0x080035a0   0x00000070   Code   RO         1966    i.HAL_UART_Receive_IT  stm32f1xx_hal_uart.o
    0x08003610   0x08003610   0x0000009c   Code   RO         1099    i.HAL_UART_RxCpltCallback  usart.o
    0x080036ac   0x080036ac   0x00000002   Code   RO         1972    i.HAL_UART_TxCpltCallback  stm32f1xx_hal_uart.o
    0x080036ae   0x080036ae   0x00000004   Code   RO          323    i.HardFault_Handler  stm32f1xx_it.o
    0x080036b2   0x080036b2   0x00000004   Code   RO          324    i.MemManage_Handler  stm32f1xx_it.o
    0x080036b6   0x080036b6   0x00000002   Code   RO          325    i.NMI_Handler       stm32f1xx_it.o
    0x080036b8   0x080036b8   0x00000028   Code   RO         1807    i.RCC_Delay         stm32f1xx_hal_rcc.o
    0x080036e0   0x080036e0   0x00000098   Code   RO          643    i.RUF_X_demo        ruf_x_demo.o
    0x08003778   0x08003778   0x0000000c   Code   RO          878    i.RUF_X_exti_init   exti.o
    0x08003784   0x08003784   0x00000028   Code   RO         3819    i.SPI_DMAError      stm32f1xx_hal_spi.o
    0x080037ac   0x080037ac   0x0000000e   Code   RO         3820    i.SPI_DMAHalfReceiveCplt  stm32f1xx_hal_spi.o
    0x080037ba   0x080037ba   0x0000000e   Code   RO         3822    i.SPI_DMAHalfTransmitReceiveCplt  stm32f1xx_hal_spi.o
    0x080037c8   0x080037c8   0x000000de   Code   RO         3823    i.SPI_DMAReceiveCplt  stm32f1xx_hal_spi.o
    0x080038a6   0x080038a6   0x000000ca   Code   RO         3826    i.SPI_DMATransmitReceiveCplt  stm32f1xx_hal_spi.o
    0x08003970   0x08003970   0x00000078   Code   RO         3828    i.SPI_EndRxTransaction  stm32f1xx_hal_spi.o
    0x080039e8   0x080039e8   0x00000028   Code   RO         3829    i.SPI_EndRxTxTransaction  stm32f1xx_hal_spi.o
    0x08003a10   0x08003a10   0x00000006   Code   RO         3830    i.SPI_ISCRCErrorValid  stm32f1xx_hal_spi.o
    0x08003a16   0x08003a16   0x00000002   PAD
    0x08003a18   0x08003a18   0x000000d8   Code   RO         3837    i.SPI_WaitFlagStateUntilTimeout  stm32f1xx_hal_spi.o
    0x08003af0   0x08003af0   0x00000014   Code   RO          981    i.SysTick_Handler   delay.o
    0x08003b04   0x08003b04   0x00000002   Code   RO          285    i.SystemInit        system_stm32f1xx.o
    0x08003b06   0x08003b06   0x00000002   PAD
    0x08003b08   0x08003b08   0x00000010   Code   RO         4497    i.TIM6_IRQHandler   btim.o
    0x08003b18   0x08003b18   0x00000014   Code   RO         1974    i.UART_DMAAbortOnError  stm32f1xx_hal_uart.o
    0x08003b2c   0x08003b2c   0x00000020   Code   RO         1984    i.UART_EndRxTransfer  stm32f1xx_hal_uart.o
    0x08003b4c   0x08003b4c   0x00000020   Code   RO         1985    i.UART_EndTransmit_IT  stm32f1xx_hal_uart.o
    0x08003b6c   0x08003b6c   0x000000a0   Code   RO         1987    i.UART_Receive_IT   stm32f1xx_hal_uart.o
    0x08003c0c   0x08003c0c   0x000000fc   Code   RO         1988    i.UART_SetConfig    stm32f1xx_hal_uart.o
    0x08003d08   0x08003d08   0x00000060   Code   RO         1989    i.UART_Transmit_IT  stm32f1xx_hal_uart.o
    0x08003d68   0x08003d68   0x00000010   Code   RO         1100    i.USART1_IRQHandler  usart.o
    0x08003d78   0x08003d78   0x00000004   Code   RO          326    i.UsageFault_Handler  stm32f1xx_it.o
    0x08003d7c   0x08003d7c   0x00000028   Code   RO         6240    i.__ARM_fpclassify  m_ws.l(fpclassify.o)
    0x08003da4   0x08003da4   0x00000010   Code   RO         1364    i.__NVIC_GetPriorityGrouping  stm32f1xx_hal_cortex.o
    0x08003db4   0x08003db4   0x00000028   Code   RO         1365    i.__NVIC_SetPriority  stm32f1xx_hal_cortex.o
    0x08003ddc   0x08003ddc   0x0000000e   Code   RO         6054    i._is_digit         c_w.l(__printf_wp.o)
    0x08003dea   0x08003dea   0x00000004   Code   RO         1102    i._sys_exit         usart.o
    0x08003dee   0x08003dee   0x00000002   PAD
    0x08003df0   0x08003df0   0x00000050   Code   RO          982    i.delay_init        delay.o
    0x08003e40   0x08003e40   0x00000018   Code   RO          983    i.delay_ms          delay.o
    0x08003e58   0x08003e58   0x00000048   Code   RO          984    i.delay_us          delay.o
    0x08003ea0   0x08003ea0   0x000000b0   Code   RO          722    i.flow_drift_comp   algorithmtask.o
    0x08003f50   0x08003f50   0x00000034   Code   RO          723    i.flow_limit        algorithmtask.o
    0x08003f84   0x08003f84   0x00000158   Code   RO          724    i.flow_window_add   algorithmtask.o
    0x080040dc   0x080040dc   0x0000001c   Code   RO         1104    i.fputc             usart.o
    0x080040f8   0x080040f8   0x000000cc   Code   RO          725    i.handle_group      algorithmtask.o
    0x080041c4   0x080041c4   0x00000128   Code   RO          879    i.key_exti_init     exti.o
    0x080042ec   0x080042ec   0x000000f0   Code   RO         4411    i.key_init          key.o
    0x080043dc   0x080043dc   0x00000034   Code   RO         4151    i.lcd_clear         lcd.o
    0x08004410   0x08004410   0x0000016c   Code   RO         4153    i.lcd_display_dir   lcd.o
    0x0800457c   0x0800457c   0x00000020   Code   RO         4159    i.lcd_draw_point    lcd.o
    0x0800459c   0x0800459c   0x0000022c   Code   RO         4161    i.lcd_ex_ili9341_reginit  lcd.o
    0x080047c8   0x080047c8   0x00000340   Code   RO         4162    i.lcd_ex_ili9806_reginit  lcd.o
    0x08004b08   0x08004b08   0x00000ef2   Code   RO         4163    i.lcd_ex_nt35310_reginit  lcd.o
    0x080059fa   0x080059fa   0x00000efc   Code   RO         4164    i.lcd_ex_nt35510_reginit  lcd.o
    0x080068f6   0x080068f6   0x0000016e   Code   RO         4165    i.lcd_ex_ssd1963_reginit  lcd.o
    0x08006a64   0x08006a64   0x000001a8   Code   RO         4166    i.lcd_ex_st7789_reginit  lcd.o
    0x08006c0c   0x08006c0c   0x000001c6   Code   RO         4167    i.lcd_ex_st7796_reginit  lcd.o
    0x08006dd2   0x08006dd2   0x00000002   PAD
    0x08006dd4   0x08006dd4   0x00000468   Code   RO         4170    i.lcd_init          lcd.o
    0x0800723c   0x0800723c   0x0000000c   Code   RO         4171    i.lcd_opt_delay     lcd.o
    0x08007248   0x08007248   0x00000018   Code   RO         4173    i.lcd_rd_data       lcd.o
    0x08007260   0x08007260   0x0000023c   Code   RO         4175    i.lcd_scan_dir      lcd.o
    0x0800749c   0x0800749c   0x00000120   Code   RO         4176    i.lcd_set_cursor    lcd.o
    0x080075bc   0x080075bc   0x00000140   Code   RO         4178    i.lcd_show_char     lcd.o
    0x080076fc   0x080076fc   0x0000006a   Code   RO         4180    i.lcd_show_string   lcd.o
    0x08007766   0x08007766   0x00000002   PAD
    0x08007768   0x08007768   0x00000054   Code   RO         4182    i.lcd_ssd_backlight_set  lcd.o
    0x080077bc   0x080077bc   0x00000018   Code   RO         4183    i.lcd_wr_data       lcd.o
    0x080077d4   0x080077d4   0x00000018   Code   RO         4184    i.lcd_wr_regno      lcd.o
    0x080077ec   0x080077ec   0x00000014   Code   RO         4185    i.lcd_write_ram_prepare  lcd.o
    0x08007800   0x08007800   0x00000010   Code   RO         4186    i.lcd_write_reg     lcd.o
    0x08007810   0x08007810   0x00000090   Code   RO         4126    i.led_init          led.o
    0x080078a0   0x080078a0   0x00000040   Code   RO           13    i.main              main.o
    0x080078e0   0x080078e0   0x00000030   Code   RO         4540    i.my_mem_init       malloc.o
    0x08007910   0x08007910   0x00000040   Code   RO         4542    i.my_mem_perused    malloc.o
    0x08007950   0x08007950   0x00000014   Code   RO         4543    i.my_mem_set        malloc.o
    0x08007964   0x08007964   0x00000024   Code   RO          610    i.pack48            fakefpgatask.o
    0x08007988   0x08007988   0x00000060   Code   RO          726    i.pipe_area_m2      algorithmtask.o
    0x080079e8   0x080079e8   0x000000cc   Code   RO         5253    i.prvAddCurrentTaskToDelayedList  tasks.o
    0x08007ab4   0x08007ab4   0x000000ec   Code   RO         5254    i.prvAddNewTaskToReadyList  tasks.o
    0x08007ba0   0x08007ba0   0x00000064   Code   RO         5678    i.prvCheckForValidListAndQueue  timers.o
    0x08007c04   0x08007c04   0x00000048   Code   RO         5255    i.prvCheckTasksWaitingTermination  tasks.o
    0x08007c4c   0x08007c4c   0x0000002a   Code   RO         4813    i.prvCopyDataFromQueue  queue.o
    0x08007c76   0x08007c76   0x0000007e   Code   RO         4814    i.prvCopyDataToQueue  queue.o
    0x08007cf4   0x08007cf4   0x00000012   Code   RO         5256    i.prvDeleteTCB      tasks.o
    0x08007d06   0x08007d06   0x00000014   Code   RO         4815    i.prvGetDisinheritPriorityAfterTimeout  queue.o
    0x08007d1a   0x08007d1a   0x00000002   PAD
    0x08007d1c   0x08007d1c   0x00000028   Code   RO         5679    i.prvGetNextExpireTime  timers.o
    0x08007d44   0x08007d44   0x0000007c   Code   RO         5852    i.prvHeapInit       heap_4.o
    0x08007dc0   0x08007dc0   0x00000028   Code   RO         5257    i.prvIdleTask       tasks.o
    0x08007de8   0x08007de8   0x0000002e   Code   RO         4817    i.prvInitialiseNewQueue  queue.o
    0x08007e16   0x08007e16   0x00000002   PAD
    0x08007e18   0x08007e18   0x00000104   Code   RO         5258    i.prvInitialiseNewTask  tasks.o
    0x08007f1c   0x08007f1c   0x00000068   Code   RO         5259    i.prvInitialiseTaskLists  tasks.o
    0x08007f84   0x08007f84   0x00000068   Code   RO         5853    i.prvInsertBlockIntoFreeList  heap_4.o
    0x08007fec   0x08007fec   0x00000058   Code   RO         5681    i.prvInsertTimerInActiveList  timers.o
    0x08008044   0x08008044   0x0000001a   Code   RO         4818    i.prvIsQueueEmpty   queue.o
    0x0800805e   0x0800805e   0x0000001e   Code   RO         4819    i.prvIsQueueFull    queue.o
    0x0800807c   0x0800807c   0x000000c4   Code   RO         4820    i.prvNotifyQueueSetContainer  queue.o
    0x08008140   0x08008140   0x00000044   Code   RO         5682    i.prvProcessExpiredTimer  timers.o
    0x08008184   0x08008184   0x0000016c   Code   RO         5683    i.prvProcessReceivedCommands  timers.o
    0x080082f0   0x080082f0   0x00000074   Code   RO         5684    i.prvProcessTimerOrBlockTask  timers.o
    0x08008364   0x08008364   0x00000028   Code   RO         5685    i.prvReloadTimer    timers.o
    0x0800838c   0x0800838c   0x00000030   Code   RO         5261    i.prvResetNextTaskUnblockTime  tasks.o
    0x080083bc   0x080083bc   0x0000002c   Code   RO         5686    i.prvSampleTimeNow  timers.o
    0x080083e8   0x080083e8   0x00000044   Code   RO         5687    i.prvSwitchTimerLists  timers.o
    0x0800842c   0x0800842c   0x0000007c   Code   RO         5920    i.prvTaskExitError  port.o
    0x080084a8   0x080084a8   0x0000001a   Code   RO         5688    i.prvTimerTask      timers.o
    0x080084c2   0x080084c2   0x00000090   Code   RO         4821    i.prvUnlockQueue    queue.o
    0x08008552   0x08008552   0x00000002   PAD
    0x08008554   0x08008554   0x00000194   Code   RO         5854    i.pvPortMalloc      heap_4.o
    0x080086e8   0x080086e8   0x00000020   Code   RO         5266    i.pvTaskIncrementMutexHeldCount  tasks.o
    0x08008708   0x08008708   0x00000024   Code   RO         5921    i.pxPortInitialiseStack  port.o
    0x0800872c   0x0800872c   0x000001d0   Code   RO          727    i.rufx_calc_t1_t2_dt  algorithmtask.o
    0x080088fc   0x080088fc   0x0000014c   Code   RO          728    i.rufx_unpack_packet  algorithmtask.o
    0x08008a48   0x08008a48   0x0000005a   Code   RO          729    i.run_kalman_filter  algorithmtask.o
    0x08008aa2   0x08008aa2   0x00000002   PAD
    0x08008aa4   0x08008aa4   0x00000030   Code   RO          730    i.sign_extend_48    algorithmtask.o
    0x08008ad4   0x08008ad4   0x0000004c   Code   RO          731    i.sq_get_percent    algorithmtask.o
    0x08008b20   0x08008b20   0x0000007a   Code   RO          732    i.sq_window_update  algorithmtask.o
    0x08008b9a   0x08008b9a   0x00000002   PAD
    0x08008b9c   0x08008b9c   0x000001c4   Code   RO         4442    i.sram_init         sram.o
    0x08008d60   0x08008d60   0x0000010c   Code   RO          644    i.start_task        ruf_x_demo.o
    0x08008e6c   0x08008e6c   0x00000056   Code   RO         1031    i.sys_stm32_clock_init  sys.o
    0x08008ec2   0x08008ec2   0x00000002   PAD
    0x08008ec4   0x08008ec4   0x00000064   Code   RO          733    i.update_flow_outputs  algorithmtask.o
    0x08008f28   0x08008f28   0x00000038   Code   RO         1105    i.usart_init        usart.o
    0x08008f60   0x08008f60   0x00000028   Code   RO         4761    i.uxListRemove      list.o
    0x08008f88   0x08008f88   0x00000088   Code   RO          734    i.vAlgorithm_task   algorithmtask.o
    0x08009010   0x08009010   0x00000064   Code   RO          949    i.vDMA1_SPI1_Init   dma.o
    0x08009074   0x08009074   0x000000e4   Code   RO          611    i.vFakeFPGA_task    fakefpgatask.o
    0x08009158   0x08009158   0x00000048   Code   RO          580    i.vKeyFilter_task   keyfilertask.o
    0x080091a0   0x080091a0   0x0000001a   Code   RO         4762    i.vListInitialise   list.o
    0x080091ba   0x080091ba   0x00000006   Code   RO         4763    i.vListInitialiseItem  list.o
    0x080091c0   0x080091c0   0x00000034   Code   RO         4764    i.vListInsert       list.o
    0x080091f4   0x080091f4   0x00000018   Code   RO         4765    i.vListInsertEnd    list.o
    0x0800920c   0x0800920c   0x00000094   Code   RO         5923    i.vPortEnterCritical  port.o
    0x080092a0   0x080092a0   0x0000007c   Code   RO         5924    i.vPortExitCritical  port.o
    0x0800931c   0x0800931c   0x000000d8   Code   RO         5855    i.vPortFree         heap_4.o
    0x080093f4   0x080093f4   0x0000002c   Code   RO         5925    i.vPortSetupTimerInterrupt  port.o
    0x08009420   0x08009420   0x000000ac   Code   RO         5926    i.vPortValidateInterruptPriority  port.o
    0x080094cc   0x080094cc   0x0000008c   Code   RO         4827    i.vQueueAddToRegistry  queue.o
    0x08009558   0x08009558   0x0000008c   Code   RO          645    i.vQueueInit        ruf_x_demo.o
    0x080095e4   0x080095e4   0x0000004a   Code   RO         4831    i.vQueueWaitForMessageRestricted  queue.o
    0x0800962e   0x0800962e   0x00000002   PAD
    0x08009630   0x08009630   0x0000009c   Code   RO          822    i.vSPI1_init        spi.o
    0x080096cc   0x080096cc   0x00000078   Code   RO          506    i.vSPI_Rx_task      spi_rxtask.o
    0x08009744   0x08009744   0x000000b8   Code   RO          646    i.vSemaphoreInit    ruf_x_demo.o
    0x080097fc   0x080097fc   0x000000a8   Code   RO          549    i.vShow_UI_task     show_ui.o
    0x080098a4   0x080098a4   0x00000084   Code   RO         5276    i.vTaskDelay        tasks.o
    0x08009928   0x08009928   0x00000124   Code   RO         5277    i.vTaskDelete       tasks.o
    0x08009a4c   0x08009a4c   0x00000018   Code   RO         5281    i.vTaskInternalSetTimeOutState  tasks.o
    0x08009a64   0x08009a64   0x0000000c   Code   RO         5283    i.vTaskMissedYield  tasks.o
    0x08009a70   0x08009a70   0x00000064   Code   RO         5284    i.vTaskPlaceOnEventList  tasks.o
    0x08009ad4   0x08009ad4   0x0000008c   Code   RO         5285    i.vTaskPlaceOnEventListRestricted  tasks.o
    0x08009b60   0x08009b60   0x00000138   Code   RO         5287    i.vTaskPriorityDisinheritAfterTimeout  tasks.o
    0x08009c98   0x08009c98   0x000000c4   Code   RO         5293    i.vTaskStartScheduler  tasks.o
    0x08009d5c   0x08009d5c   0x00000010   Code   RO         5295    i.vTaskSuspendAll   tasks.o
    0x08009d6c   0x08009d6c   0x000000b8   Code   RO         5296    i.vTaskSwitchContext  tasks.o
    0x08009e24   0x08009e24   0x000000d4   Code   RO          735    i.vel_calc_from_dt  algorithmtask.o
    0x08009ef8   0x08009ef8   0x0000014c   Code   RO         5927    i.xPortStartScheduler  port.o
    0x0800a044   0x0800a044   0x00000034   Code   RO         5928    i.xPortSysTickHandler  port.o
    0x0800a078   0x0800a078   0x00000090   Code   RO         4836    i.xQueueGenericCreate  queue.o
    0x0800a108   0x0800a108   0x000000fc   Code   RO         4837    i.xQueueGenericReset  queue.o
    0x0800a204   0x0800a204   0x000001e4   Code   RO         4838    i.xQueueGenericSend  queue.o
    0x0800a3e8   0x0800a3e8   0x00000124   Code   RO         4840    i.xQueueGiveFromISR  queue.o
    0x0800a50c   0x0800a50c   0x00000180   Code   RO         4846    i.xQueueReceive     queue.o
    0x0800a68c   0x0800a68c   0x000001c4   Code   RO         4851    i.xQueueSemaphoreTake  queue.o
    0x0800a850   0x0800a850   0x000000cc   Code   RO         5299    i.xTaskCheckForTimeOut  tasks.o
    0x0800a91c   0x0800a91c   0x00000060   Code   RO         5300    i.xTaskCreate       tasks.o
    0x0800a97c   0x0800a97c   0x00000020   Code   RO         5309    i.xTaskGetSchedulerState  tasks.o
    0x0800a99c   0x0800a99c   0x0000000c   Code   RO         5310    i.xTaskGetTickCount  tasks.o
    0x0800a9a8   0x0800a9a8   0x000001e8   Code   RO         5312    i.xTaskIncrementTick  tasks.o
    0x0800ab90   0x0800ab90   0x00000110   Code   RO         5313    i.xTaskPriorityDisinherit  tasks.o
    0x0800aca0   0x0800aca0   0x000000ec   Code   RO         5314    i.xTaskPriorityInherit  tasks.o
    0x0800ad8c   0x0800ad8c   0x0000014c   Code   RO         5315    i.xTaskRemoveFromEventList  tasks.o
    0x0800aed8   0x0800aed8   0x000001a0   Code   RO         5316    i.xTaskResumeAll    tasks.o
    0x0800b078   0x0800b078   0x00000080   Code   RO         5696    i.xTimerCreateTimerTask  timers.o
    0x0800b0f8   0x0800b0f8   0x0000002c   Code   RO         6236    locale$$code        c_w.l(lc_numeric_c.o)
    0x0800b124   0x0800b124   0x00000062   Code   RO         6089    x$fpl$d2f           fz_ws.l(d2f.o)
    0x0800b186   0x0800b186   0x00000002   PAD
    0x0800b188   0x0800b188   0x00000150   Code   RO         6091    x$fpl$dadd          fz_ws.l(daddsub_clz.o)
    0x0800b2d8   0x0800b2d8   0x00000018   Code   RO         6167    x$fpl$dcmpinf       fz_ws.l(dcmpi.o)
    0x0800b2f0   0x0800b2f0   0x000002b0   Code   RO         6098    x$fpl$ddiv          fz_ws.l(ddiv.o)
    0x0800b5a0   0x0800b5a0   0x00000078   Code   RO         6101    x$fpl$deqf          fz_ws.l(deqf.o)
    0x0800b618   0x0800b618   0x0000005a   Code   RO         6103    x$fpl$dfixu         fz_ws.l(dfixu.o)
    0x0800b672   0x0800b672   0x00000002   PAD
    0x0800b674   0x0800b674   0x000000a2   Code   RO         6113    x$fpl$dfltll        fz_ws.l(dfltll_clz.o)
    0x0800b716   0x0800b716   0x00000026   Code   RO         6107    x$fpl$dfltu         fz_ws.l(dflt_clz.o)
    0x0800b73c   0x0800b73c   0x00000078   Code   RO         6117    x$fpl$dleqf         fz_ws.l(dleqf.o)
    0x0800b7b4   0x0800b7b4   0x00000154   Code   RO         6119    x$fpl$dmul          fz_ws.l(dmul.o)
    0x0800b908   0x0800b908   0x0000009c   Code   RO         6169    x$fpl$dnaninf       fz_ws.l(dnaninf.o)
    0x0800b9a4   0x0800b9a4   0x0000000c   Code   RO         6171    x$fpl$dretinf       fz_ws.l(dretinf.o)
    0x0800b9b0   0x0800b9b0   0x0000006c   Code   RO         6121    x$fpl$drleqf        fz_ws.l(drleqf.o)
    0x0800ba1c   0x0800ba1c   0x00000016   Code   RO         6092    x$fpl$drsb          fz_ws.l(daddsub_clz.o)
    0x0800ba32   0x0800ba32   0x00000002   PAD
    0x0800ba34   0x0800ba34   0x000001d4   Code   RO         6093    x$fpl$dsub          fz_ws.l(daddsub_clz.o)
    0x0800bc08   0x0800bc08   0x00000056   Code   RO         6123    x$fpl$f2d           fz_ws.l(f2d.o)
    0x0800bc5e   0x0800bc5e   0x00000002   PAD
    0x0800bc60   0x0800bc60   0x000000c4   Code   RO         6125    x$fpl$fadd          fz_ws.l(faddsub_clz.o)
    0x0800bd24   0x0800bd24   0x00000018   Code   RO         6173    x$fpl$fcmpinf       fz_ws.l(fcmpi.o)
    0x0800bd3c   0x0800bd3c   0x00000184   Code   RO         6132    x$fpl$fdiv          fz_ws.l(fdiv.o)
    0x0800bec0   0x0800bec0   0x00000026   Code   RO         6135    x$fpl$ffltu         fz_ws.l(fflt_clz.o)
    0x0800bee6   0x0800bee6   0x00000002   PAD
    0x0800bee8   0x0800bee8   0x00000068   Code   RO         6141    x$fpl$fleqf         fz_ws.l(fleqf.o)
    0x0800bf50   0x0800bf50   0x00000102   Code   RO         6143    x$fpl$fmul          fz_ws.l(fmul.o)
    0x0800c052   0x0800c052   0x0000008c   Code   RO         6175    x$fpl$fnaninf       fz_ws.l(fnaninf.o)
    0x0800c0de   0x0800c0de   0x0000000a   Code   RO         6177    x$fpl$fretinf       fz_ws.l(fretinf.o)
    0x0800c0e8   0x0800c0e8   0x00000062   Code   RO         6145    x$fpl$frleqf        fz_ws.l(frleqf.o)
    0x0800c14a   0x0800c14a   0x00000014   Code   RO         6126    x$fpl$frsb          fz_ws.l(faddsub_clz.o)
    0x0800c15e   0x0800c15e   0x00000002   PAD
    0x0800c160   0x0800c160   0x000000ea   Code   RO         6127    x$fpl$fsub          fz_ws.l(faddsub_clz.o)
    0x0800c24a   0x0800c24a   0x00000004   Code   RO         6147    x$fpl$printf1       fz_ws.l(printf1.o)
    0x0800c24e   0x0800c24e   0x00000000   Code   RO         6179    x$fpl$usenofp       fz_ws.l(usenofp.o)
    0x0800c24e   0x0800c24e   0x00000018   Data   RO          286    .constdata          system_stm32f1xx.o
    0x0800c266   0x0800c266   0x00002f80   Data   RO         4188    .constdata          lcd.o
    0x0800f1e6   0x0800f1e6   0x00000002   PAD
    0x0800f1e8   0x0800f1e8   0x00000018   Data   RO         4550    .constdata          malloc.o
    0x0800f200   0x0800f200   0x00000028   Data   RO         6027    .constdata          c_w.l(_printf_hex_int.o)
    0x0800f228   0x0800f228   0x00000094   Data   RO         6207    .constdata          c_w.l(bigflt0.o)
    0x0800f2bc   0x0800f2bc   0x00000020   Data   RO         6374    Region$$Table       anon$$obj.o
    0x0800f2dc   0x0800f2dc   0x0000001c   Data   RO         6235    locale$$data        c_w.l(lc_numeric_c.o)


    Execution Region RW_IRAM1 (Exec base: 0x20000000, Load base: 0x0800f2f8, Size: 0x0000df30, Max: 0x00010000, ABSOLUTE, COMPRESSED[0x00000060])

    Exec Addr    Load Addr    Size         Type   Attr      Idx    E Section Name        Object

    0x20000000   COMPRESSED   0x00000004   Data   RW          287    .data               system_stm32f1xx.o
    0x20000004   COMPRESSED   0x00000004   Data   RW          550    .data               show_ui.o
    0x20000008   COMPRESSED   0x00000046   Data   RW          647    .data               ruf_x_demo.o
    0x2000004e   COMPRESSED   0x00000002   PAD
    0x20000050   COMPRESSED   0x00000230   Data   RW          736    .data               algorithmtask.o
    0x20000280   COMPRESSED   0x00000002   Data   RW          985    .data               delay.o
    0x20000282   COMPRESSED   0x00000002   PAD
    0x20000284   COMPRESSED   0x00000007   Data   RW         1107    .data               usart.o
    0x2000028b   COMPRESSED   0x00000001   PAD
    0x2000028c   COMPRESSED   0x00000009   Data   RW         1200    .data               stm32f1xx_hal.o
    0x20000295   COMPRESSED   0x00000003   PAD
    0x20000298   COMPRESSED   0x00000008   Data   RW         4189    .data               lcd.o
    0x200002a0   COMPRESSED   0x0000001c   Data   RW         4551    .data               malloc.o
    0x200002bc   COMPRESSED   0x00000040   Data   RW         5319    .data               tasks.o
    0x200002fc   COMPRESSED   0x00000014   Data   RW         5705    .data               timers.o
    0x20000310   COMPRESSED   0x00000020   Data   RW         5861    .data               heap_4.o
    0x20000330   COMPRESSED   0x0000000c   Data   RW         5929    .data               port.o
    0x2000033c        -       0x00000016   Zero   RW          507    .bss                spi_rxtask.o
    0x20000352   COMPRESSED   0x00000002   PAD
    0x20000354        -       0x00000058   Zero   RW          824    .bss                spi.o
    0x200003ac        -       0x00000044   Zero   RW          950    .bss                dma.o
    0x200003f0        -       0x00000108   Zero   RW         1106    .bss                usart.o
    0x200004f8        -       0x00000056   Zero   RW         4187    .bss                lcd.o
    0x2000054e   COMPRESSED   0x00000002   PAD
    0x20000550        -       0x00000048   Zero   RW         4447    .bss                sram.o
    0x20000598        -       0x00000048   Zero   RW         4499    .bss                btim.o
    0x200005e0   COMPRESSED   0x00000020   PAD
    0x20000600        -       0x00007f80   Zero   RW         4549    .bss                malloc.o
    0x20008580        -       0x00000040   Zero   RW         4853    .bss                queue.o
    0x200085c0        -       0x000002e4   Zero   RW         5318    .bss                tasks.o
    0x200088a4        -       0x00000028   Zero   RW         5704    .bss                timers.o
    0x200088cc        -       0x00005000   Zero   RW         5860    .bss                heap_4.o
    0x2000d8cc        -       0x00000060   Zero   RW         6243    .bss                c_w.l(libspace.o)
    0x2000d92c   COMPRESSED   0x00000004   PAD
    0x2000d930        -       0x00000200   Zero   RW            2    HEAP                startup_stm32f103xe.o
    0x2000db30        -       0x00000400   Zero   RW            1    STACK               startup_stm32f103xe.o



  Load Region LR$$.ARM.__AT_0x68000000 (Base: 0x68000000, Size: 0x00000000, Max: 0x000f0c00, ABSOLUTE)

    Execution Region ER$$.ARM.__AT_0x68000000 (Exec base: 0x68000000, Load base: 0x68000000, Size: 0x000f0c00, Max: 0x000f0c00, ABSOLUTE, UNINIT)

    Exec Addr    Load Addr    Size         Type   Attr      Idx    E Section Name        Object

    0x68000000        -       0x000f0c00   Zero   RW         4547    .ARM.__AT_0x68000000  malloc.o



  Load Region LR$$.ARM.__AT_0x680F0C00 (Base: 0x680f0c00, Size: 0x00000000, Max: 0x0000f0c0, ABSOLUTE)

    Execution Region ER$$.ARM.__AT_0x680F0C00 (Exec base: 0x680f0c00, Load base: 0x680f0c00, Size: 0x0000f0c0, Max: 0x0000f0c0, ABSOLUTE, UNINIT)

    Exec Addr    Load Addr    Size         Type   Attr      Idx    E Section Name        Object

    0x680f0c00        -       0x0000f0c0   Zero   RW         4548    .ARM.__AT_0x680F0C00  malloc.o


==============================================================================

Image component sizes


      Code (inc. data)   RO Data    RW Data    ZI Data      Debug   Object Name

      2452        134          0        560          0      12554   algorithmtask.o
        48         14          0          0         72       1630   btim.o
       196         10          0          2          0       2481   delay.o
       116         20          0          0         68       1636   dma.o
         0          0          0          0          0      13232   event_groups.o
       564         66          0          0          0       4960   exti.o
       264         16          0          0          0       1978   fakefpgatask.o
       848        218          0         32      20480       4171   heap_4.o
       240         14          0          0          0       1071   key.o
        72         10          0          0          0        582   keyfilertask.o
     13504        172      12160          8         86      25599   lcd.o
       144         12          0          0          0        923   led.o
       148          0          0          0          0       3346   list.o
        64          0          0          0          0     521643   main.o
       132         18         24         28    1080384       3439   malloc.o
      1182        440          0         12          0      10489   port.o
      2852        446          0          0         64      17673   queue.o
       744        306          0         70          0       4330   ruf_x_demo.o
       168         60          0          4          0        580   show_ui.o
       436         48          0          0         88       2639   spi.o
       120         26          0          0         22       2118   spi_rxtask.o
       452         30          0          0         72       1565   sram.o
        64         26        304          0       1536        944   startup_stm32f103xe.o
       154         32          0          9          0       6459   stm32f1xx_hal.o
       344         22          0          0          0      30125   stm32f1xx_hal_cortex.o
      1684         28          0          0          0       4706   stm32f1xx_hal_dma.o
       892         44          0          0          0       3972   stm32f1xx_hal_gpio.o
      1784        110          0          0          0       6112   stm32f1xx_hal_rcc.o
      1814         42          0          0          0      11884   stm32f1xx_hal_spi.o
       102          0          0          0          0       1224   stm32f1xx_hal_sram.o
       414          0          0          0          0       3574   stm32f1xx_hal_tim.o
         4          0          0          0          0       1557   stm32f1xx_hal_tim_ex.o
      1162         10          0          0          0       7851   stm32f1xx_hal_uart.o
        20          0          0          0          0       2637   stm32f1xx_it.o
       254         10          0          0          0       3879   stm32f1xx_ll_fsmc.o
        86          0          0          0          0        723   sys.o
         2          0         24          4          0       1367   system_stm32f1xx.o
      4510       1106          0         64        740      35835   tasks.o
      1082        214          0         20         40      11184   timers.o
       440         56          0          7        264       5521   usart.o

    ----------------------------------------------------------------------
     39598       3760      12546        828    1103952     778193   Object Totals
         0          0         32          0          0          0   (incl. Generated)
        40          0          2          8         36          0   (incl. Padding)

    ----------------------------------------------------------------------

      Code (inc. data)   RO Data    RW Data    ZI Data      Debug   Library Member Name

        58          0          0          0          0          0   __dczerorl.o
         8          0          0          0          0         68   __main.o
       352          0          0          0          0         88   __printf_ss_wp.o
        14          0          0          0          0         68   __printf_wp.o
         0          0          0          0          0          0   __rtentry.o
        12          0          0          0          0          0   __rtentry2.o
         6          0          0          0          0          0   __rtentry4.o
        52          8          0          0          0          0   __scatter.o
        28          0          0          0          0          0   __scatter_zi.o
        44          0          0          0          0        108   _printf_char.o
        48          6          0          0          0         96   _printf_char_common.o
        36          4          0          0          0         80   _printf_char_file.o
         6          0          0          0          0          0   _printf_d.o
       120         16          0          0          0         92   _printf_dec.o
         6          0          0          0          0          0   _printf_f.o
      1054          0          0          0          0        216   _printf_fp_dec.o
       128         16          0          0          0         84   _printf_fp_infnan.o
        88          4         40          0          0         88   _printf_hex_int.o
       178          0          0          0          0         88   _printf_intcommon.o
         0          0          0          0          0          0   _printf_percent.o
         4          0          0          0          0          0   _printf_percent_end.o
         6          0          0          0          0          0   _printf_s.o
        82          0          0          0          0         80   _printf_str.o
         6          0          0          0          0          0   _printf_x.o
        16          0          0          0          0         68   aeabi_memset.o
       228          4        148          0          0         96   bigflt0.o
      1936        128          0          0          0        672   btod.o
        18          0          0          0          0         80   exit.o
         8          0          0          0          0         68   ferror.o
         6          0          0          0          0        152   heapauxi.o
        44         10         28          0          0         76   lc_numeric_c.o
         2          0          0          0          0          0   libinit.o
        18          0          0          0          0          0   libinit2.o
         2          0          0          0          0          0   libshutdown.o
         2          0          0          0          0          0   libshutdown2.o
         8          4          0          0         96         68   libspace.o
       138          0          0          0          0         80   lludiv10.o
        24          4          0          0          0         84   noretval__2printf.o
         8          4          0          0          0         68   rt_locale_intlibspace.o
        68          0          0          0          0         68   rt_memclr.o
        78          0          0          0          0         80   rt_memclr_w.o
       138          0          0          0          0         68   rt_memcpy_v6.o
       100          0          0          0          0         80   rt_memcpy_w.o
         2          0          0          0          0          0   rtexit.o
        10          0          0          0          0          0   rtexit2.o
       128          0          0          0          0         68   strcmpv7m.o
        74          0          0          0          0         80   sys_stackheap_outer.o
         2          0          0          0          0         68   use_no_semi.o
         2          0          0          0          0         68   use_no_semi_2.o
        98          4          0          0          0         92   d2f.o
       826         16          0          0          0        348   daddsub_clz.o
        24          0          0          0          0         68   dcmpi.o
       688        140          0          0          0        208   ddiv.o
       120          4          0          0          0         92   deqf.o
        90          4          0          0          0         92   dfixu.o
        38          0          0          0          0         68   dflt_clz.o
       162          0          0          0          0         84   dfltll_clz.o
       120          4          0          0          0         92   dleqf.o
       340         12          0          0          0        104   dmul.o
       156          4          0          0          0         92   dnaninf.o
        12          0          0          0          0         68   dretinf.o
       108          0          0          0          0         80   drleqf.o
        86          4          0          0          0         84   f2d.o
       450          8          0          0          0        236   faddsub_clz.o
        24          0          0          0          0         68   fcmpi.o
       388         76          0          0          0         96   fdiv.o
        38          0          0          0          0         68   fflt_clz.o
       104          4          0          0          0         84   fleqf.o
       258          4          0          0          0         84   fmul.o
       140          4          0          0          0         84   fnaninf.o
        10          0          0          0          0         68   fretinf.o
        98          0          0          0          0         68   frleqf.o
         4          0          0          0          0         68   printf1.o
         0          0          0          0          0          0   usenofp.o
        40          0          0          0          0         68   fpclassify.o

    ----------------------------------------------------------------------
      9840        496        216          0        100       5812   Library Totals
        22          0          0          0          4          0   (incl. Padding)

    ----------------------------------------------------------------------

      Code (inc. data)   RO Data    RW Data    ZI Data      Debug   Library Name

      5396        208        216          0         96       3248   c_w.l
      4382        288          0          0          0       2496   fz_ws.l
        40          0          0          0          0         68   m_ws.l

    ----------------------------------------------------------------------
      9840        496        216          0        100       5812   Library Totals

    ----------------------------------------------------------------------

==============================================================================


      Code (inc. data)   RO Data    RW Data    ZI Data      Debug   

     49438       4256      12762        828    1104052     769285   Grand Totals
     49438       4256      12762         96    1104052     769285   ELF Image Totals (compressed)
     49438       4256      12762         96          0          0   ROM Totals

==============================================================================

    Total RO  Size (Code + RO Data)                62200 (  60.74kB)
    Total RW  Size (RW Data + ZI Data)           1104880 (1078.98kB)
    Total ROM Size (Code + RO Data + RW Data)      62296 (  60.84kB)

==============================================================================

