<html>
<body>
<pre>
<h1>µVision Build Log</h1>
<h2>Tool Versions:</h2>
IDE-Version: ¦ÌVision V5.36.0.0
Copyright (C) 2021 ARM Ltd and ARM Germany GmbH. All rights reserved.
License Information: Tisoft Redmi, Ti, LIC=GMZI6-DAK1F-GKGBG-V9AP8-PN10X-NPAUK
 
Tool Versions:
Toolchain:       MDK-ARM Plus  Version: 5.36.0.0
Toolchain Path:  D:\stm32_use_software\MDK5.36\ARM\ARMCC\Bin
C Compiler:      Armcc.exe V5.06 update 7 (build 960)
Assembler:       Armasm.exe V5.06 update 7 (build 960)
Linker/Locator:  ArmLink.exe V5.06 update 7 (build 960)
Library Manager: ArmAr.exe V5.06 update 7 (build 960)
Hex Converter:   FromElf.exe V5.06 update 7 (build 960)
CPU DLL:         SARMCM3.DLL V5.36.0.0
Dialog DLL:      DCM.DLL V1.17.3.0
Target DLL:      Segger\JL2CM3.dll V2.99.40.0
Dialog DLL:      TCM.DLL V1.53.0.0
 
<h2>Project:</h2>
D:\all_src\FreeRTOS_pro\2. GD32\2. add key\Project\Keil_project\Project.uvprojx
Project File Date:  03/08/2026

<h2>Output:</h2>
*** Using Compiler 'V5.06 update 7 (build 960)', folder: 'D:\stm32_use_software\MDK5.36\ARM\ARMCC\Bin'
Rebuild target 'GD32F303RCT6_test_HD'
compiling fakeFPGATask.c...
..\..\User\thread\algorithmTask.h(72): warning:  #1-D: last line of file ends without a newline
  #endif
..\..\User\thread\fakeFPGATask.c: 1 warning, 0 errors
compiling algorithmTask.c...
..\..\User\thread\algorithmTask.h(72): warning:  #1-D: last line of file ends without a newline
  #endif
..\..\User\thread\watchdogTask.h(14): warning:  #1-D: last line of file ends without a newline
  #endif
..\..\User\thread\algorithmTask.c(34): warning:  #47-D: incompatible redefinition of macro "SQ_WINDOW_GROUPS"  (declared at line 31 of "..\..\User\thread\algorithmTask.h")
  #define SQ_WINDOW_GROUPS (3U * GROUPS_PER_SEC) // 3 ç§’çª—å£ï¼ˆç»„æ•°ï¼?
..\..\User\thread\algorithmTask.c(47): warning:  #47-D: incompatible redefinition of macro "FLOW_WINDOW_LEN"  (declared at line 32 of "..\..\User\thread\algorithmTask.h")
  #define FLOW_WINDOW_LEN 30U
..\..\User\thread\algorithmTask.c: 4 warnings, 0 errors
compiling gd32f30x_it.c...
compiling irq_config.c...
..\..\User\port\key.h(67): warning:  #1-D: last line of file ends without a newline
  #endif
..\..\User\port\FPGA_INT.h(13): warning:  #1-D: last line of file ends without a newline
  #define FPGA_INT_IRQHandler EXTI0_IRQHandler
..\..\User\port\irq_config.c: 2 warnings, 0 errors
compiling systick.c...
compiling spi.c...
compiling exti.c...
..\..\User\port\key.h(67): warning:  #1-D: last line of file ends without a newline
  #endif
..\..\User\port\FPGA_INT.h(13): warning:  #1-D: last line of file ends without a newline
  #define FPGA_INT_IRQHandler EXTI0_IRQHandler
..\..\User\port\exti.c(115): warning:  #188-D: enumerated type mixed with another type
      if (exti_interrupt_flag_get(exti_line) != RESET)
..\..\User\port\exti.c(117): warning:  #188-D: enumerated type mixed with another type
          exti_interrupt_flag_clear(exti_line);
..\..\User\port\exti.c: 4 warnings, 0 errors
compiling RUF_X_demo.c...
..\..\User\thread\algorithmTask.h(72): warning:  #1-D: last line of file ends without a newline
  #endif
..\..\User\thread\watchdogTask.h(14): warning:  #1-D: last line of file ends without a newline
  #endif
..\..\User\port\key.h(67): warning:  #1-D: last line of file ends without a newline
  #endif
..\..\User\port\FPGA_INT.h(13): warning:  #1-D: last line of file ends without a newline
  #define FPGA_INT_IRQHandler EXTI0_IRQHandler
..\..\User\thread\RUF_X_demo.c: 4 warnings, 0 errors
compiling usart.c...
compiling system_gd32f30x.c...
compiling led.c...
compiling gd32f30x_adc.c...
compiling watchdogTask.c...
..\..\User\thread\watchdogTask.h(14): warning:  #1-D: last line of file ends without a newline
  #endif
..\..\User\thread\watchdogTask.c(83): warning:  #1-D: last line of file ends without a newline
  }
..\..\User\thread\watchdogTask.c: 2 warnings, 0 errors
compiling SPI_RxTask.c...
..\..\User\thread\algorithmTask.h(72): warning:  #1-D: last line of file ends without a newline
  #endif
..\..\User\thread\SPI_RxTask.c: 1 warning, 0 errors
compiling dma.c...
..\..\User\thread\algorithmTask.h(72): warning:  #1-D: last line of file ends without a newline
  #endif
..\..\User\port\dma.c: 1 warning, 0 errors
compiling gd32f30x_bkp.c...
compiling gd32f30x_can.c...
compiling show_UI.c...
..\..\User\thread\algorithmTask.h(72): warning:  #1-D: last line of file ends without a newline
  #endif
..\..\User\thread\watchdogTask.h(14): warning:  #1-D: last line of file ends without a newline
  #endif
..\..\User\port\key.h(67): warning:  #1-D: last line of file ends without a newline
  #endif
..\..\User\thread\show_UI.c: 3 warnings, 0 errors
compiling gd32f30x_crc.c...
compiling gd32f30x_dbg.c...
compiling gd32f30x_ctc.c...
compiling gd32f30x_dac.c...
compiling gd32f30x_dma.c...
compiling gd32f30x_enet.c...
compiling gd32f30x_fwdgt.c...
compiling gd32f30x_exti.c...
compiling gd32f30x_exmc.c...
compiling gd32f30x_misc.c...
compiling gd32f30x_gpio.c...
compiling gd32f30x_i2c.c...
compiling gd32f30x_fmc.c...
assembling startup_gd32f30x_hd.s...
compiling gd32f30x_pmu.c...
compiling gd32f30x_rtc.c...
compiling gd32f30x_rcu.c...
compiling gd32f30x_sdio.c...
compiling gd32f30x_spi.c...
compiling gd32f30x_usart.c...
compiling gd32f30x_timer.c...
compiling gd32f30x_wwdgt.c...
compiling main.c...
compiling freertos_hook.c...
compiling lv_port_indev_template.c...
compiling croutine.c...
compiling list.c...
compiling event_groups.c...
compiling stream_buffer.c...
compiling timers.c...
compiling queue.c...
compiling port.c...
compiling heap_4.c...
compiling lcd_init.c...
compiling lv_disp.c...
compiling zk.c...
compiling tasks.c...
compiling lv_event.c...
..\..\LVGL\GUI\lvgl\src\core\lv_event.c(120): warning:  #188-D: enumerated type mixed with another type
      return e->code & ~LV_EVENT_PREPROCESS;
..\..\LVGL\GUI\lvgl\src\core\lv_event.c: 1 warning, 0 errors
compiling lcd.c...
compiling lv_group.c...
compiling lv_indev.c...
compiling lv_indev_scroll.c...
compiling lv_obj.c...
compiling lv_obj_class.c...
compiling lv_port_disp_template.c...
compiling lv_obj_draw.c...
compiling lv_obj_tree.c...
compiling lv_obj_style_gen.c...
compiling lv_obj_style.c...
compiling lv_obj_pos.c...
compiling lv_draw_sw.c...
compiling lv_obj_scroll.c...
compiling lv_theme.c...
compiling lv_refr.c...
compiling lv_draw_sw_arc.c...
compiling lv_draw_sw_dither.c...
compiling lv_draw_sw_gradient.c...
compiling lv_draw_sw_polygon.c...
compiling lv_draw_sw_img.c...
compiling lv_draw_sw_blend.c...
compiling lv_draw_sw_letter.c...
compiling lv_draw_sw_line.c...
compiling lv_draw.c...
compiling lv_draw_arc.c...
compiling lv_draw_sw_rect.c...
..\..\LVGL\GUI\lvgl\src\draw\sw\lv_draw_sw_rect.c(239): warning:  #546-D: transfer of control bypasses initialization of:
            variable "mask_any_center"  (declared at line 286)
          goto bg_clean_up;
          ^
..\..\LVGL\GUI\lvgl\src\draw\sw\lv_draw_sw_rect.c: 1 warning, 0 errors
compiling lv_draw_img.c...
compiling lv_draw_label.c...
compiling lv_img_cache.c...
compiling lv_draw_triangle.c...
compiling lv_draw_line.c...
compiling lv_draw_rect.c...
compiling lv_img_buf.c...
compiling lv_img_decoder.c...
compiling lv_grid.c...
compiling lv_gridnav.c...
compiling lv_draw_mask.c...
compiling lv_snapshot.c...
compiling lv_flex.c...
..\..\LVGL\GUI\lvgl\src\extra\layouts\flex\lv_flex.c(97): warning:  #188-D: enumerated type mixed with another type
      LV_STYLE_FLEX_MAIN_PLACE = lv_style_register_prop() | LV_STYLE_PROP_LAYOUT_REFR;
..\..\LVGL\GUI\lvgl\src\extra\layouts\flex\lv_flex.c(98): warning:  #188-D: enumerated type mixed with another type
      LV_STYLE_FLEX_CROSS_PLACE = lv_style_register_prop() | LV_STYLE_PROP_LAYOUT_REFR;
..\..\LVGL\GUI\lvgl\src\extra\layouts\flex\lv_flex.c(99): warning:  #188-D: enumerated type mixed with another type
      LV_STYLE_FLEX_TRACK_PLACE = lv_style_register_prop() | LV_STYLE_PROP_LAYOUT_REFR;
..\..\LVGL\GUI\lvgl\src\extra\layouts\flex\lv_flex.c: 3 warnings, 0 errors
compiling lv_monkey.c...
compiling lv_theme_basic.c...
compiling lv_animimg.c...
compiling lv_calendar_header_arrow.c...
compiling lv_theme_mono.c...
compiling lv_calendar_header_dropdown.c...
compiling lv_calendar.c...
compiling lv_theme_default.c...
..\..\LVGL\GUI\lvgl\src\extra\themes\default\lv_theme_default.c(213): warning:  #188-D: enumerated type mixed with another type
..\..\LVGL\GUI\lvgl\src\extra\themes\default\lv_theme_default.c: 1 warning, 0 errors
compiling lv_list.c...
compiling lv_menu.c...
compiling lv_keyboard.c...
compiling lv_led.c...
compiling lv_imgbtn.c...
compiling lv_meter.c...
compiling lv_colorwheel.c...
compiling lv_msgbox.c...
compiling lv_font.c...
compiling lv_spinner.c...
compiling lv_spinbox.c...
compiling lv_chart.c...
compiling lv_tileview.c...
compiling lv_font_fmt_txt.c...
..\..\LVGL\GUI\lvgl\src\font\lv_font_fmt_txt.c(137): warning:  #111-D: statement is unreachable
      return NULL;
..\..\LVGL\GUI\lvgl\src\font\lv_font_fmt_txt.c: 1 warning, 0 errors
compiling lv_span.c...
..\..\LVGL\GUI\lvgl\src\extra\widgets\span\lv_span.c(881): warning:  #546-D: transfer of control bypasses initialization of:
            variable "align"  (declared at line 885)
              goto Next_line_init;
              ^
..\..\LVGL\GUI\lvgl\src\extra\widgets\span\lv_span.c: 1 warning, 0 errors
compiling lv_tabview.c...
compiling lv_win.c...
compiling lv_extra.c...
compiling lv_font_dejavu_16_persian_hebrew.c...
compiling lv_font_loader.c...
compiling lv_font_montserrat_8.c...
compiling lv_font_montserrat_12_subpx.c...
compiling lv_font_montserrat_10.c...
compiling lv_font_montserrat_16.c...
compiling lv_font_montserrat_12.c...
compiling lv_font_montserrat_14.c...
compiling lv_font_montserrat_20.c...
compiling lv_font_montserrat_18.c...
compiling lv_font_montserrat_22.c...
compiling lv_font_montserrat_24.c...
compiling lv_font_montserrat_26.c...
compiling lv_font_montserrat_28.c...
compiling lv_font_montserrat_28_compressed.c...
compiling lv_font_montserrat_30.c...
compiling lv_font_montserrat_32.c...
compiling lv_font_montserrat_34.c...
compiling lv_font_montserrat_36.c...
compiling lv_font_montserrat_38.c...
compiling lv_font_montserrat_40.c...
compiling lv_font_montserrat_42.c...
compiling lv_font_montserrat_44.c...
compiling lv_font_montserrat_46.c...
compiling lv_font_montserrat_48.c...
compiling lv_font_unscii_8.c...
compiling lv_font_unscii_16.c...
compiling lv_font_simsun_16_cjk.c...
compiling lv_hal_disp.c...
..\..\LVGL\GUI\lvgl\src\hal\lv_hal_disp.c(573): warning:  #188-D: enumerated type mixed with another type
      return disp->driver->rotated;
..\..\LVGL\GUI\lvgl\src\hal\lv_hal_disp.c: 1 warning, 0 errors
compiling lv_hal_indev.c...
compiling lv_async.c...
compiling lv_anim_timeline.c...
compiling lv_bidi.c...
compiling lv_anim.c...
compiling lv_area.c...
compiling lv_color.c...
compiling lv_gc.c...
compiling lv_log.c...
compiling lv_ll.c...
compiling lv_fs.c...
compiling lv_lru.c...
..\..\LVGL\GUI\lvgl\src\misc\lv_lru.c(313): warning:  #68-D: integer conversion resulted in a change of sign
      uint32_t i = 0, min_index = -1;
..\..\LVGL\GUI\lvgl\src\misc\lv_lru.c(314): warning:  #68-D: integer conversion resulted in a change of sign
      uint64_t min_access_count = -1;
..\..\LVGL\GUI\lvgl\src\misc\lv_lru.c: 2 warnings, 0 errors
compiling lv_math.c...
compiling lv_hal_tick.c...
..\..\LVGL\GUI\lvgl\src\hal\lv_hal_tick.c(77): warning:  #223-D: function "xTaskGetTickCount" declared implicitly
      return LV_TICK_CUSTOM_SYS_TIME_EXPR;
..\..\LVGL\GUI\lvgl\src\hal\lv_hal_tick.c: 1 warning, 0 errors
compiling lv_style.c...
..\..\LVGL\GUI\lvgl\src\misc\lv_style.c(74): warning:  #188-D: enumerated type mixed with another type
      return act_id;
..\..\LVGL\GUI\lvgl\src\misc\lv_style.c: 1 warning, 0 errors
compiling lv_printf.c...
compiling lv_mem.c...
..\..\LVGL\GUI\lvgl\src\misc\lv_mem.c(311): warning:  #111-D: statement is unreachable
      return NULL;
..\..\LVGL\GUI\lvgl\src\misc\lv_mem.c: 1 warning, 0 errors
compiling lv_templ.c...
compiling lv_style_gen.c...
compiling lv_timer.c...
compiling lv_txt_ap.c...
compiling lv_utils.c...
compiling lv_tlsf.c...
..\..\LVGL\GUI\lvgl\src\misc\lv_tlsf.c(898): warning:  #68-D: integer conversion resulted in a change of sign
          offset_to_block(pool, -(int)block_header_overhead);
..\..\LVGL\GUI\lvgl\src\misc\lv_tlsf.c(1000): warning:  #68-D: integer conversion resulted in a change of sign
      block = offset_to_block(mem, -(tlsfptr_t)block_header_overhead);
..\..\LVGL\GUI\lvgl\src\misc\lv_tlsf.c(1018): warning:  #68-D: integer conversion resulted in a change of sign
      block_header_t * block = offset_to_block(pool, -(int)block_header_overhead);
..\..\LVGL\GUI\lvgl\src\misc\lv_tlsf.c: 3 warnings, 0 errors
compiling lv_txt.c...
compiling lv_btn.c...
compiling lv_arc.c...
compiling lv_bar.c...
compiling lv_checkbox.c...
compiling lv_canvas.c...
compiling lv_objx_templ.c...
compiling lv_btnmatrix.c...
compiling lv_img.c...
compiling lv_line.c...
compiling lv_dropdown.c...
compiling lv_table.c...
compiling lv_switch.c...
compiling lv_roller.c...
compiling lv_slider.c...
compiling lv_label.c...
compiling ui_comp_hook.c...
compiling ui.c...
compiling lv_textarea.c...
compiling ui_helpers.c...
..\..\LVGL\GUI_APP\UI_with_key\ui_helpers.c(76): warning:  #188-D: enumerated type mixed with another type
      lv_bar_set_value(target, old + val, anm);
..\..\LVGL\GUI_APP\UI_with_key\ui_helpers.c(82): warning:  #188-D: enumerated type mixed with another type
      lv_slider_set_value(target, old + val, anm);
..\..\LVGL\GUI_APP\UI_with_key\ui_helpers.c(130): warning:  #144-D: a value of type "void *" cannot be used to initialize an entity of type "screen_destroy_cb_t"
      screen_destroy_cb_t destroy_cb = lv_event_get_user_data(e);
..\..\LVGL\GUI_APP\UI_with_key\ui_helpers.c: 3 warnings, 0 errors
compiling ui_Screen1.c...
compiling ui_Screen3.c...
compiling ui_Screen2.c...
compiling ui_Screen4.c...
linking...
Program Size: Code=188752 RO-data=36792 RW-data=1432 ZI-data=44368  
FromELF: creating hex file...
".\output\Project_RCT6.axf" - 0 Error(s), 42 Warning(s).

<h2>Software Packages used:</h2>

Package Vendor: ARM
                http://www.keil.com/pack/ARM.CMSIS.5.8.0.pack
                ARM.CMSIS.5.8.0
                CMSIS (Common Microcontroller Software Interface Standard)
   * Component: CORE Version: 5.5.0

Package Vendor: GigaDevice
                https://gd32mcu.com/data/documents/pack/GigaDevice.GD32F30x_DFP.2.2.3.pack
                GigaDevice.GD32F30x_DFP.2.2.3
                GigaDevice GD32F30x Series Device Support and Examples

<h2>Collection of Component include folders:</h2>
  .\RTE\_GD32F303RCT6_test_HD
  D:\stm32_use_software\MDK5.36\Packs\ARM\CMSIS\5.8.0\CMSIS\Core\Include
  D:\stm32_use_software\MDK5.36\Packs\GigaDevice\GD32F30x_DFP\2.2.3\Device\Include

<h2>Collection of Component Files used:</h2>

   * Component: ARM::CMSIS:CORE:5.5.0
Build Time Elapsed:  00:00:08
</pre>
</body>
</html>
